<html>
<body>
<pre>
<h1>µVision Build Log</h1>
<h2>Tool Versions:</h2>
IDE-Version: ¦ÌVision V5.27.1.0
Copyright (C) 2019 ARM Ltd and ARM Germany GmbH. All rights reserved.
License Information: HUANG tuling, HUAUON, LIC=Y2B1Q-NMPC9-79GG1-CJ6IC-BKKDU-N5B4V
 
Tool Versions:
Toolchain:       MDK-ARM Professional  Version: 5.33.0.0
Toolchain Path:  E:\keil\MDK_ARM\MDK_ARM_533\ARM\ARMCC\Bin
C Compiler:      Armcc.exe V5.06 update 7 (build 960)
Assembler:       Armasm.exe V5.06 update 7 (build 960)
Linker/Locator:  ArmLink.exe V5.06 update 7 (build 960)
Library Manager: ArmAr.exe V5.06 update 7 (build 960)
Hex Converter:   FromElf.exe V5.06 update 7 (build 960)
CPU DLL:         SARMCM3.DLL V5.33.0.0
Dialog DLL:      DCM.DLL V1.17.3.0
Target DLL:      CMSIS_AGDI.dll V1.32.12.0
Dialog DLL:      TCM.DLL V1.48.0.0
 
<h2>Project:</h2>
E:\Taurus\Taurus\code\HZT\H7VGTx_Demo\rm_main\MDK-ARM\rm_main.uvprojx
Project File Date:  02/07/2024

<h2>Output:</h2>
*** Using Compiler 'V5.06 update 7 (build 960)', folder: 'E:\keil\MDK_ARM\MDK_ARM_533\ARM\ARMCC\Bin'
Build target 'rm_main'
compiling stm32h7xx_ll_usb.c...
../Drivers/STM32H7xx_HAL_Driver/Src/stm32h7xx_ll_usb.c(949): warning:  #3108-D: attribute "__packed__" does not apply here
        USBx_DFIFO((uint32_t)ch_ep_num) = __UNALIGNED_UINT32_READ(pSrc);
../Drivers/STM32H7xx_HAL_Driver/Src/stm32h7xx_ll_usb.c(973): warning:  #3108-D: attribute "__packed__" does not apply here
      __UNALIGNED_UINT32_WRITE(pDest, USBx_DFIFO(0U));
../Drivers/STM32H7xx_HAL_Driver/Src/stm32h7xx_ll_usb.c: 2 warnings, 0 errors
compiling stm32h7xx_hal_pcd.c...
compiling stm32h7xx_hal_flash.c...
compiling stm32h7xx_hal_gpio.c...
compiling stm32h7xx_hal_pcd_ex.c...
compiling stm32h7xx_hal_flash_ex.c...
compiling stm32h7xx_hal_rcc_ex.c...
compiling stm32h7xx_hal_rcc.c...
compiling stm32h7xx_hal_hsem.c...
compiling stm32h7xx_hal_dma_ex.c...
compiling stm32h7xx_hal_pwr.c...
compiling stm32h7xx_hal.c...
compiling stm32h7xx_hal_cortex.c...
compiling stm32h7xx_hal_mdma.c...
compiling stm32h7xx_hal_pwr_ex.c...
compiling stm32h7xx_hal_dma.c...
compiling stm32h7xx_hal_i2c_ex.c...
compiling stm32h7xx_hal_exti.c...
compiling stm32h7xx_hal_fdcan.c...
compiling stm32h7xx_hal_i2c.c...
compiling croutine.c...
compiling stm32h7xx_hal_rng.c...
compiling event_groups.c...
compiling list.c...
compiling queue.c...
compiling stream_buffer.c...
compiling stm32h7xx_hal_rng_ex.c...
compiling tasks.c...
compiling timers.c...
compiling heap_4.c...
compiling cmsis_os2.c...
assembling startup_stm32h723xx.s...
compiling port.c...
compiling stm32h7xx_hal_tim_ex.c...
compiling stm32h7xx_hal_tim.c...
compiling stm32h7xx_hal_uart.c...
compiling stm32h7xx_hal_uart_ex.c...
compiling system_stm32h7xx.c...
compiling gpio.c...
compiling dma.c...
compiling freertos.c...
compiling fdcan.c...
compiling rng.c...
compiling tim.c...
compiling usart.c...
compiling stm32h7xx_it.c...
compiling stm32h7xx_hal_msp.c...
compiling stm32h7xx_hal_timebase_tim.c...
compiling data_fifo.c...
compiling func_generator.c...
compiling debug_task.c...
compiling can_comm.c...
compiling usart_comm.c...
compiling DT7control_driver.c...
compiling Timu_driver.c...
compiling data_buffer.c...
compiling us_time.c...
compiling data_scope.c...
compiling usbd_cdc_if.c...
compiling printf.c...
compiling usbd_desc.c...
compiling usb_device.c...
compiling usbd_conf.c...
compiling usbd_core.c...
compiling usbd_ctlreq.c...
compiling usbd_cdc.c...
compiling usbd_ioreq.c...
linking...
Program Size: Code=40480 RO-data=984 RW-data=560 ZI-data=39056  
FromELF: creating hex file...
"rm_main\rm_main.axf" - 0 Error(s), 2 Warning(s).

<h2>Software Packages used:</h2>

Package Vendor: ARM
                http://www.keil.com/pack/ARM.CMSIS.5.7.0.pack
                ARM.CMSIS.5.7.0
                CMSIS (Cortex Microcontroller Software Interface Standard)
   * Component: CORE Version: 5.4.0

Package Vendor: Keil
                http://www.keil.com/pack/Keil.STM32H7xx_DFP.2.7.0.pack
                Keil.STM32H7xx_DFP.2.7.0
                STMicroelectronics STM32H7 Series Device Support and Examples

<h2>Collection of Component include folders:</h2>
  .\RTE\_rm_main
  E:\keil\MDK_ARM\PACKS\ARM\CMSIS\5.7.0\CMSIS\Core\Include
  E:\keil\MDK_ARM\PACKS\Keil\STM32H7xx_DFP\2.7.0\Drivers\CMSIS\Device\ST\STM32H7xx\Include

<h2>Collection of Component Files used:</h2>

   * Component: ARM::CMSIS:CORE:5.4.0
      Include file:  CMSIS\Core\Include\tz_context.h
Build Time Elapsed:  00:02:13
</pre>
</body>
</html>
