Component: ARM Compiler 5.06 update 7 (build 960) Tool: armlink [4d3601]

==============================================================================

Section Cross References

    startup_stm32h723xx.o(RESET) refers to startup_stm32h723xx.o(STACK) for __initial_sp
    startup_stm32h723xx.o(RESET) refers to startup_stm32h723xx.o(.text) for Reset_Handler
    startup_stm32h723xx.o(RESET) refers to stm32h7xx_it.o(i.NMI_Handler) for NMI_Handler
    startup_stm32h723xx.o(RESET) refers to stm32h7xx_it.o(i.HardFault_Handler) for HardFault_Handler
    startup_stm32h723xx.o(RESET) refers to stm32h7xx_it.o(i.MemManage_Handler) for MemManage_Handler
    startup_stm32h723xx.o(RESET) refers to stm32h7xx_it.o(i.BusFault_Handler) for BusFault_Handler
    startup_stm32h723xx.o(RESET) refers to stm32h7xx_it.o(i.UsageFault_Handler) for UsageFault_Handler
    startup_stm32h723xx.o(RESET) refers to port.o(.emb_text) for SVC_Handler
    startup_stm32h723xx.o(RESET) refers to stm32h7xx_it.o(i.DebugMon_Handler) for DebugMon_Handler
    startup_stm32h723xx.o(RESET) refers to cmsis_os2.o(i.SysTick_Handler) for SysTick_Handler
    startup_stm32h723xx.o(RESET) refers to stm32h7xx_it.o(i.DMA1_Stream0_IRQHandler) for DMA1_Stream0_IRQHandler
    startup_stm32h723xx.o(RESET) refers to stm32h7xx_it.o(i.DMA1_Stream1_IRQHandler) for DMA1_Stream1_IRQHandler
    startup_stm32h723xx.o(RESET) refers to stm32h7xx_it.o(i.DMA1_Stream2_IRQHandler) for DMA1_Stream2_IRQHandler
    startup_stm32h723xx.o(RESET) refers to stm32h7xx_it.o(i.DMA1_Stream3_IRQHandler) for DMA1_Stream3_IRQHandler
    startup_stm32h723xx.o(RESET) refers to stm32h7xx_it.o(i.FDCAN1_IT0_IRQHandler) for FDCAN1_IT0_IRQHandler
    startup_stm32h723xx.o(RESET) refers to stm32h7xx_it.o(i.FDCAN2_IT0_IRQHandler) for FDCAN2_IT0_IRQHandler
    startup_stm32h723xx.o(RESET) refers to stm32h7xx_it.o(i.TIM1_UP_IRQHandler) for TIM1_UP_IRQHandler
    startup_stm32h723xx.o(RESET) refers to stm32h7xx_it.o(i.TIM2_IRQHandler) for TIM2_IRQHandler
    startup_stm32h723xx.o(RESET) refers to stm32h7xx_it.o(i.USART1_IRQHandler) for USART1_IRQHandler
    startup_stm32h723xx.o(RESET) refers to stm32h7xx_it.o(i.USART2_IRQHandler) for USART2_IRQHandler
    startup_stm32h723xx.o(RESET) refers to stm32h7xx_it.o(i.OTG_HS_EP1_OUT_IRQHandler) for OTG_HS_EP1_OUT_IRQHandler
    startup_stm32h723xx.o(RESET) refers to stm32h7xx_it.o(i.OTG_HS_EP1_IN_IRQHandler) for OTG_HS_EP1_IN_IRQHandler
    startup_stm32h723xx.o(RESET) refers to stm32h7xx_it.o(i.OTG_HS_IRQHandler) for OTG_HS_IRQHandler
    startup_stm32h723xx.o(RESET) refers to stm32h7xx_it.o(i.FDCAN3_IT0_IRQHandler) for FDCAN3_IT0_IRQHandler
    startup_stm32h723xx.o(.text) refers to system_stm32h7xx.o(i.SystemInit) for SystemInit
    startup_stm32h723xx.o(.text) refers to entry.o(.ARM.Collect$$$$00000000) for __main
    main.o(i.HAL_TIM_PeriodElapsedCallback) refers to stm32h7xx_hal.o(i.HAL_IncTick) for HAL_IncTick
    main.o(i.HAL_TIM_PeriodElapsedCallback) refers to us_time.o(.bss) for prv_us_time
    main.o(i.MPU_Config) refers to stm32h7xx_hal_cortex.o(i.HAL_MPU_Disable) for HAL_MPU_Disable
    main.o(i.MPU_Config) refers to stm32h7xx_hal_cortex.o(i.HAL_MPU_ConfigRegion) for HAL_MPU_ConfigRegion
    main.o(i.MPU_Config) refers to stm32h7xx_hal_cortex.o(i.HAL_MPU_Enable) for HAL_MPU_Enable
    main.o(i.SystemClock_Config) refers to memseta.o(.text) for __aeabi_memclr4
    main.o(i.SystemClock_Config) refers to stm32h7xx_hal_pwr_ex.o(i.HAL_PWREx_ConfigSupply) for HAL_PWREx_ConfigSupply
    main.o(i.SystemClock_Config) refers to stm32h7xx_hal_rcc.o(i.HAL_RCC_OscConfig) for HAL_RCC_OscConfig
    main.o(i.SystemClock_Config) refers to main.o(i.Error_Handler) for Error_Handler
    main.o(i.SystemClock_Config) refers to stm32h7xx_hal_rcc.o(i.HAL_RCC_ClockConfig) for HAL_RCC_ClockConfig
    main.o(i.SystemClock_Config) refers to stm32h7xx_hal_rcc.o(i.HAL_RCC_EnableCSS) for HAL_RCC_EnableCSS
    main.o(i.main) refers to main.o(i.MPU_Config) for MPU_Config
    main.o(i.main) refers to stm32h7xx_hal.o(i.HAL_Init) for HAL_Init
    main.o(i.main) refers to main.o(i.SystemClock_Config) for SystemClock_Config
    main.o(i.main) refers to gpio.o(i.MX_GPIO_Init) for MX_GPIO_Init
    main.o(i.main) refers to dma.o(i.MX_DMA_Init) for MX_DMA_Init
    main.o(i.main) refers to fdcan.o(i.MX_FDCAN1_Init) for MX_FDCAN1_Init
    main.o(i.main) refers to usart.o(i.MX_USART2_UART_Init) for MX_USART2_UART_Init
    main.o(i.main) refers to usart.o(i.MX_USART1_UART_Init) for MX_USART1_UART_Init
    main.o(i.main) refers to rng.o(i.MX_RNG_Init) for MX_RNG_Init
    main.o(i.main) refers to tim.o(i.MX_TIM2_Init) for MX_TIM2_Init
    main.o(i.main) refers to fdcan.o(i.MX_FDCAN2_Init) for MX_FDCAN2_Init
    main.o(i.main) refers to fdcan.o(i.MX_FDCAN3_Init) for MX_FDCAN3_Init
    main.o(i.main) refers to us_time.o(i.usTime_Start) for usTime_Start
    main.o(i.main) refers to can_comm.o(i.CAN_Comm_Init) for CAN_Comm_Init
[...]
    HAL_GPIO_Init                            0x08003a4d   Thumb Code   458  stm32h7xx_hal_gpio.o(i.HAL_GPIO_Init)
    HAL_GPIO_WritePin                        0x08003c49   Thumb Code    12  stm32h7xx_hal_gpio.o(i.HAL_GPIO_WritePin)
    HAL_GetTick                              0x08003c55   Thumb Code     6  stm32h7xx_hal.o(i.HAL_GetTick)
    HAL_IncTick                              0x08003c61   Thumb Code    16  stm32h7xx_hal.o(i.HAL_IncTick)
    HAL_Init                                 0x08003c79   Thumb Code    80  stm32h7xx_hal.o(i.HAL_Init)
    HAL_InitTick                             0x08003cd9   Thumb Code   128  stm32h7xx_hal_timebase_tim.o(i.HAL_InitTick)
    HAL_MPU_ConfigRegion                     0x08003d6d   Thumb Code    88  stm32h7xx_hal_cortex.o(i.HAL_MPU_ConfigRegion)
    HAL_MPU_Disable                          0x08003dc9   Thumb Code    38  stm32h7xx_hal_cortex.o(i.HAL_MPU_Disable)
    HAL_MPU_Enable                           0x08003df5   Thumb Code    58  stm32h7xx_hal_cortex.o(i.HAL_MPU_Enable)
    HAL_MspInit                              0x08003e35   Thumb Code    42  stm32h7xx_hal_msp.o(i.HAL_MspInit)
    HAL_NVIC_EnableIRQ                       0x08003e65   Thumb Code    40  stm32h7xx_hal_cortex.o(i.HAL_NVIC_EnableIRQ)
    HAL_NVIC_SetPriority                     0x08003e8d   Thumb Code   122  stm32h7xx_hal_cortex.o(i.HAL_NVIC_SetPriority)
    HAL_NVIC_SetPriorityGrouping             0x08003f09   Thumb Code    32  stm32h7xx_hal_cortex.o(i.HAL_NVIC_SetPriorityGrouping)
    HAL_PCDEx_ActivateLPM                    0x08003f31   Thumb Code    36  stm32h7xx_hal_pcd_ex.o(i.HAL_PCDEx_ActivateLPM)
    HAL_PCDEx_LPM_Callback                   0x08003f59   Thumb Code     2  stm32h7xx_hal_pcd_ex.o(i.HAL_PCDEx_LPM_Callback)
    HAL_PCDEx_SetRxFiFo                      0x08003f5b   Thumb Code    10  stm32h7xx_hal_pcd_ex.o(i.HAL_PCDEx_SetRxFiFo)
    HAL_PCDEx_SetTxFiFo                      0x08003f65   Thumb Code    78  stm32h7xx_hal_pcd_ex.o(i.HAL_PCDEx_SetTxFiFo)
    HAL_PCD_ConnectCallback                  0x08003fb3   Thumb Code    14  usbd_conf.o(i.HAL_PCD_ConnectCallback)
    HAL_PCD_DataInStageCallback              0x08003fc1   Thumb Code    32  usbd_conf.o(i.HAL_PCD_DataInStageCallback)
    HAL_PCD_DataOutStageCallback             0x08003fe1   Thumb Code    32  usbd_conf.o(i.HAL_PCD_DataOutStageCallback)
    HAL_PCD_DisconnectCallback               0x08004001   Thumb Code    14  usbd_conf.o(i.HAL_PCD_DisconnectCallback)
    HAL_PCD_EP_Close                         0x0800400f   Thumb Code   106  stm32h7xx_hal_pcd.o(i.HAL_PCD_EP_Close)
    HAL_PCD_EP_ClrStall                      0x08004079   Thumb Code   124  stm32h7xx_hal_pcd.o(i.HAL_PCD_EP_ClrStall)
    HAL_PCD_EP_GetRxCount                    0x080040f5   Thumb Code    22  stm32h7xx_hal_pcd.o(i.HAL_PCD_EP_GetRxCount)
    HAL_PCD_EP_Open                          0x0800410b   Thumb Code   140  stm32h7xx_hal_pcd.o(i.HAL_PCD_EP_Open)
    HAL_PCD_EP_Receive                       0x08004197   Thumb Code    88  stm32h7xx_hal_pcd.o(i.HAL_PCD_EP_Receive)
    HAL_PCD_EP_SetStall                      0x080041ef   Thumb Code   138  stm32h7xx_hal_pcd.o(i.HAL_PCD_EP_SetStall)
    HAL_PCD_EP_Transmit                      0x08004279   Thumb Code    90  stm32h7xx_hal_pcd.o(i.HAL_PCD_EP_Transmit)
    HAL_PCD_IRQHandler                       0x080042d3   Thumb Code  1440  stm32h7xx_hal_pcd.o(i.HAL_PCD_IRQHandler)
    HAL_PCD_ISOINIncompleteCallback          0x08004873   Thumb Code    18  usbd_conf.o(i.HAL_PCD_ISOINIncompleteCallback)
    HAL_PCD_ISOOUTIncompleteCallback         0x08004885   Thumb Code    18  usbd_conf.o(i.HAL_PCD_ISOOUTIncompleteCallback)
    HAL_PCD_Init                             0x08004897   Thumb Code   370  stm32h7xx_hal_pcd.o(i.HAL_PCD_Init)
    HAL_PCD_MspInit                          0x08004a09   Thumb Code   130  usbd_conf.o(i.HAL_PCD_MspInit)
    HAL_PCD_ResetCallback                    0x08004a95   Thumb Code    48  usbd_conf.o(i.HAL_PCD_ResetCallback)
    HAL_PCD_ResumeCallback                   0x08004ac5   Thumb Code    14  usbd_conf.o(i.HAL_PCD_ResumeCallback)
    HAL_PCD_SOFCallback                      0x08004ad3   Thumb Code    14  usbd_conf.o(i.HAL_PCD_SOFCallback)
    HAL_PCD_SetAddress                       0x08004ae1   Thumb Code    54  stm32h7xx_hal_pcd.o(i.HAL_PCD_SetAddress)
    HAL_PCD_SetupStageCallback               0x08004b17   Thumb Code    18  usbd_conf.o(i.HAL_PCD_SetupStageCallback)
    HAL_PCD_Start                            0x08004b29   Thumb Code    74  stm32h7xx_hal_pcd.o(i.HAL_PCD_Start)
    HAL_PCD_SuspendCallback                  0x08004b75   Thumb Code    46  usbd_conf.o(i.HAL_PCD_SuspendCallback)
    HAL_PWREx_ConfigSupply                   0x08004ba9   Thumb Code    90  stm32h7xx_hal_pwr_ex.o(i.HAL_PWREx_ConfigSupply)
    HAL_PWREx_EnableUSBVoltageDetector       0x08004c09   Thumb Code    14  stm32h7xx_hal_pwr_ex.o(i.HAL_PWREx_EnableUSBVoltageDetector)
    HAL_RCCEx_GetD3PCLK1Freq                 0x08004c1d   Thumb Code    26  stm32h7xx_hal_rcc_ex.o(i.HAL_RCCEx_GetD3PCLK1Freq)
    HAL_RCCEx_GetPLL2ClockFreq               0x08004c41   Thumb Code   536  stm32h7xx_hal_rcc_ex.o(i.HAL_RCCEx_GetPLL2ClockFreq)
    HAL_RCCEx_GetPLL3ClockFreq               0x08004e71   Thumb Code   536  stm32h7xx_hal_rcc_ex.o(i.HAL_RCCEx_GetPLL3ClockFreq)
    HAL_RCCEx_PeriphCLKConfig                0x080050a1   Thumb Code  2768  stm32h7xx_hal_rcc_ex.o(i.HAL_RCCEx_PeriphCLKConfig)
    HAL_RCC_CSSCallback                      0x08005b75   Thumb Code     2  stm32h7xx_hal_rcc.o(i.HAL_RCC_CSSCallback)
    HAL_RCC_ClockConfig                      0x08005b79   Thumb Code   774  stm32h7xx_hal_rcc.o(i.HAL_RCC_ClockConfig)
    HAL_RCC_EnableCSS                        0x08005e99   Thumb Code    14  stm32h7xx_hal_rcc.o(i.HAL_RCC_EnableCSS)
    HAL_RCC_GetClockConfig                   0x08005ead   Thumb Code    98  stm32h7xx_hal_rcc.o(i.HAL_RCC_GetClockConfig)
    HAL_RCC_GetHCLKFreq                      0x08005f19   Thumb Code    60  stm32h7xx_hal_rcc.o(i.HAL_RCC_GetHCLKFreq)
    HAL_RCC_GetPCLK1Freq                     0x08005f65   Thumb Code    26  stm32h7xx_hal_rcc.o(i.HAL_RCC_GetPCLK1Freq)
    HAL_RCC_GetPCLK2Freq                     0x08005f89   Thumb Code    26  stm32h7xx_hal_rcc.o(i.HAL_RCC_GetPCLK2Freq)
    HAL_RCC_GetSysClockFreq                  0x08005fad   Thumb Code   524  stm32h7xx_hal_rcc.o(i.HAL_RCC_GetSysClockFreq)
    HAL_RCC_NMI_IRQHandler                   0x080061d9   Thumb Code    32  stm32h7xx_hal_rcc.o(i.HAL_RCC_NMI_IRQHandler)
    HAL_RCC_OscConfig                        0x080061fd   Thumb Code  1728  stm32h7xx_hal_rcc.o(i.HAL_RCC_OscConfig)
    HAL_RNG_Init                             0x080068c5   Thumb Code   214  stm32h7xx_hal_rng.o(i.HAL_RNG_Init)
    HAL_RNG_MspInit                          0x080069a5   Thumb Code    76  rng.o(i.HAL_RNG_MspInit)
    HAL_TIMEx_Break2Callback                 0x080069f9   Thumb Code     2  stm32h7xx_hal_tim_ex.o(i.HAL_TIMEx_Break2Callback)
    HAL_TIMEx_BreakCallback                  0x080069fb   Thumb Code     2  stm32h7xx_hal_tim_ex.o(i.HAL_TIMEx_BreakCallback)
    HAL_TIMEx_CommutCallback                 0x080069fd   Thumb Code     2  stm32h7xx_hal_tim_ex.o(i.HAL_TIMEx_CommutCallback)
    HAL_TIMEx_MasterConfigSynchronization    0x08006a01   Thumb Code   190  stm32h7xx_hal_tim_ex.o(i.HAL_TIMEx_MasterConfigSynchronization)
    HAL_TIM_Base_Init                        0x08006ae5   Thumb Code   110  stm32h7xx_hal_tim.o(i.HAL_TIM_Base_Init)
    HAL_TIM_Base_MspInit                     0x08006b55   Thumb Code    58  tim.o(i.HAL_TIM_Base_MspInit)
    HAL_TIM_Base_Start_IT                    0x08006b95   Thumb Code   162  stm32h7xx_hal_tim.o(i.HAL_TIM_Base_Start_IT)
    HAL_TIM_ConfigClockSource                0x08006c61   Thumb Code   300  stm32h7xx_hal_tim.o(i.HAL_TIM_ConfigClockSource)
    HAL_TIM_IC_CaptureCallback               0x08006d91   Thumb Code     2  stm32h7xx_hal_tim.o(i.HAL_TIM_IC_CaptureCallback)
    HAL_TIM_IRQHandler                       0x08006d93   Thumb Code   440  stm32h7xx_hal_tim.o(i.HAL_TIM_IRQHandler)
    HAL_TIM_OC_DelayElapsedCallback          0x08006f4b   Thumb Code     2  stm32h7xx_hal_tim.o(i.HAL_TIM_OC_DelayElapsedCallback)
    HAL_TIM_PWM_PulseFinishedCallback        0x08006f4d   Thumb Code     2  stm32h7xx_hal_tim.o(i.HAL_TIM_PWM_PulseFinishedCallback)
    HAL_TIM_PeriodElapsedCallback            0x08006f51   Thumb Code    36  main.o(i.HAL_TIM_PeriodElapsedCallback)
    HAL_TIM_TriggerCallback                  0x08006f7d   Thumb Code     2  stm32h7xx_hal_tim.o(i.HAL_TIM_TriggerCallback)
    HAL_UARTEx_DisableFifoMode               0x08006f7f   Thumb Code    78  stm32h7xx_hal_uart_ex.o(i.HAL_UARTEx_DisableFifoMode)
    HAL_UARTEx_RxEventCallback               0x08006fcd   Thumb Code     2  stm32h7xx_hal_uart.o(i.HAL_UARTEx_RxEventCallback)
    HAL_UARTEx_RxFifoFullCallback            0x08006fcf   Thumb Code     2  stm32h7xx_hal_uart_ex.o(i.HAL_UARTEx_RxFifoFullCallback)
    HAL_UARTEx_SetRxFifoThreshold            0x08006fd1   Thumb Code    94  stm32h7xx_hal_uart_ex.o(i.HAL_UARTEx_SetRxFifoThreshold)
    HAL_UARTEx_SetTxFifoThreshold            0x0800702f   Thumb Code    94  stm32h7xx_hal_uart_ex.o(i.HAL_UARTEx_SetTxFifoThreshold)
    HAL_UARTEx_TxFifoEmptyCallback           0x0800708d   Thumb Code     2  stm32h7xx_hal_uart_ex.o(i.HAL_UARTEx_TxFifoEmptyCallback)
    HAL_UARTEx_WakeupCallback                0x0800708f   Thumb Code     2  stm32h7xx_hal_uart_ex.o(i.HAL_UARTEx_WakeupCallback)
    HAL_UART_DMAStop                         0x08007091   Thumb Code   148  stm32h7xx_hal_uart.o(i.HAL_UART_DMAStop)
    HAL_UART_ErrorCallback                   0x08007125   Thumb Code     2  stm32h7xx_hal_uart.o(i.HAL_UART_ErrorCallback)
    HAL_UART_IRQHandler                      0x08007129   Thumb Code   960  stm32h7xx_hal_uart.o(i.HAL_UART_IRQHandler)
    HAL_UART_Init                            0x080074fd   Thumb Code   120  stm32h7xx_hal_uart.o(i.HAL_UART_Init)
    HAL_UART_MspInit                         0x08007575   Thumb Code   542  usart.o(i.HAL_UART_MspInit)
    HAL_UART_Receive_DMA                     0x080077bd   Thumb Code    96  stm32h7xx_hal_uart.o(i.HAL_UART_Receive_DMA)
    HAL_UART_RxCpltCallback                  0x08007821   Thumb Code    64  usart_comm.o(i.HAL_UART_RxCpltCallback)
    HAL_UART_RxHalfCpltCallback              0x08007875   Thumb Code    64  usart_comm.o(i.HAL_UART_RxHalfCpltCallback)
    HAL_UART_Transmit_DMA                    0x080078c9   Thumb Code   172  stm32h7xx_hal_uart.o(i.HAL_UART_Transmit_DMA)
    HAL_UART_TxCpltCallback                  0x08007981   Thumb Code     2  stm32h7xx_hal_uart.o(i.HAL_UART_TxCpltCallback)
    HAL_UART_TxHalfCpltCallback              0x08007983   Thumb Code     2  stm32h7xx_hal_uart.o(i.HAL_UART_TxHalfCpltCallback)
    HardFault_Handler                        0x08007985   Thumb Code     4  stm32h7xx_it.o(i.HardFault_Handler)
    MX_DMA_Init                              0x08007a25   Thumb Code    96  dma.o(i.MX_DMA_Init)
    MX_FDCAN1_Init                           0x08007a89   Thumb Code   122  fdcan.o(i.MX_FDCAN1_Init)
    MX_FDCAN2_Init                           0x08007b0d   Thumb Code   122  fdcan.o(i.MX_FDCAN2_Init)
    MX_FDCAN3_Init                           0x08007b91   Thumb Code   124  fdcan.o(i.MX_FDCAN3_Init)
    MX_FREERTOS_Init                         0x08007c15   Thumb Code    32  freertos.o(i.MX_FREERTOS_Init)
    MX_GPIO_Init                             0x08007c4d   Thumb Code   318  gpio.o(i.MX_GPIO_Init)
    MX_RNG_Init                              0x08007da5   Thumb Code    26  rng.o(i.MX_RNG_Init)
    MX_TIM2_Init                             0x08007dc9   Thumb Code   104  tim.o(i.MX_TIM2_Init)
    MX_USART1_UART_Init                      0x08007e35   Thumb Code   104  usart.o(i.MX_USART1_UART_Init)
    MX_USART2_UART_Init                      0x08007ea9   Thumb Code    98  usart.o(i.MX_USART2_UART_Init)
    MX_USB_DEVICE_Init                       0x08007f15   Thumb Code    64  usb_device.o(i.MX_USB_DEVICE_Init)
    MemManage_Handler                        0x08007f65   Thumb Code     4  stm32h7xx_it.o(i.MemManage_Handler)
    NMI_Handler                              0x08007f69   Thumb Code     8  stm32h7xx_it.o(i.NMI_Handler)
    OTG_HS_EP1_IN_IRQHandler                 0x08007f95   Thumb Code    10  stm32h7xx_it.o(i.OTG_HS_EP1_IN_IRQHandler)
    OTG_HS_EP1_OUT_IRQHandler                0x08007fa5   Thumb Code    10  stm32h7xx_it.o(i.OTG_HS_EP1_OUT_IRQHandler)
    OTG_HS_IRQHandler                        0x08007fb5   Thumb Code    10  stm32h7xx_it.o(i.OTG_HS_IRQHandler)
    StartDefaultTask                         0x08008539   Thumb Code    40  freertos.o(i.StartDefaultTask)
    SysTick_Handler                          0x08008565   Thumb Code    22  cmsis_os2.o(i.SysTick_Handler)
    SystemClock_Config                       0x0800857d   Thumb Code   194  main.o(i.SystemClock_Config)
    SystemInit                               0x08008645   Thumb Code   200  system_stm32h7xx.o(i.SystemInit)
    TIM1_UP_IRQHandler                       0x0800872d   Thumb Code    10  stm32h7xx_it.o(i.TIM1_UP_IRQHandler)
    TIM2_IRQHandler                          0x0800873d   Thumb Code    10  stm32h7xx_it.o(i.TIM2_IRQHandler)
    TIM_Base_SetConfig                       0x0800874d   Thumb Code   182  stm32h7xx_hal_tim.o(i.TIM_Base_SetConfig)
    TIM_ETR_SetConfig                        0x0800882d   Thumb Code    22  stm32h7xx_hal_tim.o(i.TIM_ETR_SetConfig)
    Timu_Receive                             0x080088ad   Thumb Code   228  timu_driver.o(i.Timu_Receive)
    UART_AdvFeatureConfig                    0x080089f5   Thumb Code   248  stm32h7xx_hal_uart.o(i.UART_AdvFeatureConfig)
    UART_CheckIdleState                      0x08008aed   Thumb Code   118  stm32h7xx_hal_uart.o(i.UART_CheckIdleState)
    UART_SetConfig                           0x08008d29   Thumb Code  1558  stm32h7xx_hal_uart.o(i.UART_SetConfig)
    UART_Start_Receive_DMA                   0x08009351   Thumb Code   146  stm32h7xx_hal_uart.o(i.UART_Start_Receive_DMA)
    UART_WaitOnFlagUntilTimeout              0x080093f1   Thumb Code   190  stm32h7xx_hal_uart.o(i.UART_WaitOnFlagUntilTimeout)
    USART1_IRQHandler                        0x080094b1   Thumb Code    16  stm32h7xx_it.o(i.USART1_IRQHandler)
    USART2_IRQHandler                        0x080094c5   Thumb Code    16  stm32h7xx_it.o(i.USART2_IRQHandler)
    USART_Comm_Init                          0x080094d9   Thumb Code    72  usart_comm.o(i.USART_Comm_Init)
    USART_User_IRQHandler                    0x08009531   Thumb Code    90  usart_comm.o(i.USART_User_IRQHandler)
    USBD_CDC_GetDeviceQualifierDescriptor    0x080096f1   Thumb Code    10  usbd_cdc.o(i.USBD_CDC_GetDeviceQualifierDescriptor)
    USBD_CDC_ReceivePacket                   0x080097f1   Thumb Code    58  usbd_cdc.o(i.USBD_CDC_ReceivePacket)
    USBD_CDC_RegisterInterface               0x0800982b   Thumb Code    16  usbd_cdc.o(i.USBD_CDC_RegisterInterface)
    USBD_CDC_SetRxBuffer                     0x0800983b   Thumb Code    22  usbd_cdc.o(i.USBD_CDC_SetRxBuffer)
    USBD_CDC_SetTxBuffer                     0x08009851   Thumb Code    28  usbd_cdc.o(i.USBD_CDC_SetTxBuffer)
    USBD_CDC_TransmitPacket                  0x08009989   Thumb Code    60  usbd_cdc.o(i.USBD_CDC_TransmitPacket)
    USBD_ClrClassConfig                      0x080099c5   Thumb Code    28  usbd_core.o(i.USBD_ClrClassConfig)
    USBD_CtlContinueRx                       0x08009a1f   Thumb Code    24  usbd_ioreq.o(i.USBD_CtlContinueRx)
    USBD_CtlContinueSendData                 0x08009a37   Thumb Code    24  usbd_ioreq.o(i.USBD_CtlContinueSendData)
    USBD_CtlError                            0x08009a4f   Thumb Code    24  usbd_ctlreq.o(i.USBD_CtlError)
    USBD_CtlPrepareRx                        0x08009a67   Thumb Code    40  usbd_ioreq.o(i.USBD_CtlPrepareRx)
    USBD_CtlReceiveStatus                    0x08009a8f   Thumb Code    26  usbd_ioreq.o(i.USBD_CtlReceiveStatus)
    USBD_CtlSendData                         0x08009aa9   Thumb Code    34  usbd_ioreq.o(i.USBD_CtlSendData)
    USBD_CtlSendStatus                       0x08009acb   Thumb Code    26  usbd_ioreq.o(i.USBD_CtlSendStatus)
    USBD_GetString                           0x08009ddd   Thumb Code    84  usbd_ctlreq.o(i.USBD_GetString)
    USBD_Get_USB_Status                      0x08009e31   Thumb Code    44  usbd_conf.o(i.USBD_Get_USB_Status)
    USBD_HS_ConfigStrDescriptor              0x08009e5d   Thumb Code    34  usbd_desc.o(i.USBD_HS_ConfigStrDescriptor)
    USBD_HS_DeviceDescriptor                 0x08009e91   Thumb Code    10  usbd_desc.o(i.USBD_HS_DeviceDescriptor)
    USBD_HS_InterfaceStrDescriptor           0x08009ea1   Thumb Code    34  usbd_desc.o(i.USBD_HS_InterfaceStrDescriptor)
    USBD_HS_LangIDStrDescriptor              0x08009ed9   Thumb Code    10  usbd_desc.o(i.USBD_HS_LangIDStrDescriptor)
    USBD_HS_ManufacturerStrDescriptor        0x08009ee9   Thumb Code    20  usbd_desc.o(i.USBD_HS_ManufacturerStrDescriptor)
    USBD_HS_ProductStrDescriptor             0x08009f15   Thumb Code    34  usbd_desc.o(i.USBD_HS_ProductStrDescriptor)
    USBD_HS_SerialStrDescriptor              0x08009f55   Thumb Code    18  usbd_desc.o(i.USBD_HS_SerialStrDescriptor)
    USBD_Init                                0x08009f6d   Thumb Code    58  usbd_core.o(i.USBD_Init)
    USBD_LL_ClearStallEP                     0x08009fa7   Thumb Code    38  usbd_conf.o(i.USBD_LL_ClearStallEP)
    USBD_LL_CloseEP                          0x08009fcd   Thumb Code    38  usbd_conf.o(i.USBD_LL_CloseEP)
    USBD_LL_DataInStage                      0x08009ff3   Thumb Code   226  usbd_core.o(i.USBD_LL_DataInStage)
    USBD_LL_DataOutStage                     0x0800a0d5   Thumb Code   142  usbd_core.o(i.USBD_LL_DataOutStage)
    USBD_LL_DevConnected                     0x0800a163   Thumb Code     6  usbd_core.o(i.USBD_LL_DevConnected)
    USBD_LL_DevDisconnected                  0x0800a169   Thumb Code    32  usbd_core.o(i.USBD_LL_DevDisconnected)
    USBD_LL_GetRxDataSize                    0x0800a189   Thumb Code    18  usbd_conf.o(i.USBD_LL_GetRxDataSize)
    USBD_LL_Init                             0x0800a19d   Thumb Code   104  usbd_conf.o(i.USBD_LL_Init)
    USBD_LL_IsStallEP                        0x0800a20d   Thumb Code    56  usbd_conf.o(i.USBD_LL_IsStallEP)
    USBD_LL_IsoINIncomplete                  0x0800a245   Thumb Code    48  usbd_core.o(i.USBD_LL_IsoINIncomplete)
    USBD_LL_IsoOUTIncomplete                 0x0800a275   Thumb Code    48  usbd_core.o(i.USBD_LL_IsoOUTIncomplete)
    USBD_LL_OpenEP                           0x0800a2a5   Thumb Code    48  usbd_conf.o(i.USBD_LL_OpenEP)
    USBD_LL_PrepareReceive                   0x0800a2d5   Thumb Code    48  usbd_conf.o(i.USBD_LL_PrepareReceive)
    USBD_LL_Reset                            0x0800a305   Thumb Code   108  usbd_core.o(i.USBD_LL_Reset)
    USBD_LL_Resume                           0x0800a371   Thumb Code    22  usbd_core.o(i.USBD_LL_Resume)
    USBD_LL_SOF                              0x0800a387   Thumb Code    44  usbd_core.o(i.USBD_LL_SOF)
    USBD_LL_SetSpeed                         0x0800a3b3   Thumb Code     8  usbd_core.o(i.USBD_LL_SetSpeed)
    USBD_LL_SetUSBAddress                    0x0800a3bb   Thumb Code    38  usbd_conf.o(i.USBD_LL_SetUSBAddress)
    USBD_LL_SetupStage                       0x0800a3e1   Thumb Code   118  usbd_core.o(i.USBD_LL_SetupStage)
    USBD_LL_StallEP                          0x0800a457   Thumb Code    38  usbd_conf.o(i.USBD_LL_StallEP)
    USBD_LL_Start                            0x0800a47d   Thumb Code    30  usbd_conf.o(i.USBD_LL_Start)
    USBD_LL_Suspend                          0x0800a49b   Thumb Code    20  usbd_core.o(i.USBD_LL_Suspend)
    USBD_LL_Transmit                         0x0800a4af   Thumb Code    48  usbd_conf.o(i.USBD_LL_Transmit)
    USBD_ParseSetupRequest                   0x0800a4df   Thumb Code    54  usbd_ctlreq.o(i.USBD_ParseSetupRequest)
    USBD_RegisterClass                       0x0800a515   Thumb Code    46  usbd_core.o(i.USBD_RegisterClass)
    USBD_RunTestMode                         0x0800a543   Thumb Code     6  usbd_core.o(i.USBD_RunTestMode)
    USBD_SetClassConfig                      0x0800a5a3   Thumb Code    32  usbd_core.o(i.USBD_SetClassConfig)
    USBD_Start                               0x0800a6d9   Thumb Code    12  usbd_core.o(i.USBD_Start)
    USBD_StdDevReq                           0x0800a6e5   Thumb Code   166  usbd_ctlreq.o(i.USBD_StdDevReq)
    USBD_StdEPReq                            0x0800a78b   Thumb Code   556  usbd_ctlreq.o(i.USBD_StdEPReq)
    USBD_StdItfReq                           0x0800a9b7   Thumb Code   126  usbd_ctlreq.o(i.USBD_StdItfReq)
    USBD_static_free                         0x0800aa35   Thumb Code     2  usbd_conf.o(i.USBD_static_free)
    USBD_static_malloc                       0x0800aa39   Thumb Code     6  usbd_conf.o(i.USBD_static_malloc)
    USB_ActivateEndpoint                     0x0800aa45   Thumb Code   202  stm32h7xx_ll_usb.o(i.USB_ActivateEndpoint)
    USB_ActivateSetup                        0x0800ab15   Thumb Code    40  stm32h7xx_ll_usb.o(i.USB_ActivateSetup)
    USB_CoreInit                             0x0800ab3d   Thumb Code   142  stm32h7xx_ll_usb.o(i.USB_CoreInit)
    USB_DeactivateEndpoint                   0x0800ac21   Thumb Code   318  stm32h7xx_ll_usb.o(i.USB_DeactivateEndpoint)
    USB_DevConnect                           0x0800ad6d   Thumb Code    36  stm32h7xx_ll_usb.o(i.USB_DevConnect)
    USB_DevDisconnect                        0x0800ad91   Thumb Code    36  stm32h7xx_ll_usb.o(i.USB_DevDisconnect)
    USB_DevInit                              0x0800adb5   Thumb Code   464  stm32h7xx_ll_usb.o(i.USB_DevInit)
    USB_DisableGlobalInt                     0x0800af8d   Thumb Code    14  stm32h7xx_ll_usb.o(i.USB_DisableGlobalInt)
    USB_EP0StartXfer                         0x0800af9d   Thumb Code   468  stm32h7xx_ll_usb.o(i.USB_EP0StartXfer)
    USB_EP0_OutStart                         0x0800b175   Thumb Code   106  stm32h7xx_ll_usb.o(i.USB_EP0_OutStart)
    USB_EPClearStall                         0x0800b1e5   Thumb Code   142  stm32h7xx_ll_usb.o(i.USB_EPClearStall)
    USB_EPSetStall                           0x0800b273   Thumb Code   154  stm32h7xx_ll_usb.o(i.USB_EPSetStall)
    USB_EPStartXfer                          0x0800b30d   Thumb Code   832  stm32h7xx_ll_usb.o(i.USB_EPStartXfer)
    USB_EnableGlobalInt                      0x0800b651   Thumb Code    14  stm32h7xx_ll_usb.o(i.USB_EnableGlobalInt)
    USB_FlushRxFifo                          0x0800b661   Thumb Code    38  stm32h7xx_ll_usb.o(i.USB_FlushRxFifo)
    USB_FlushTxFifo                          0x0800b68d   Thumb Code    44  stm32h7xx_ll_usb.o(i.USB_FlushTxFifo)
    USB_GetDevSpeed                          0x0800b6bd   Thumb Code    38  stm32h7xx_ll_usb.o(i.USB_GetDevSpeed)
    USB_GetMode                              0x0800b6e3   Thumb Code    10  stm32h7xx_ll_usb.o(i.USB_GetMode)
    USB_ReadDevAllInEpInterrupt              0x0800b6ed   Thumb Code    20  stm32h7xx_ll_usb.o(i.USB_ReadDevAllInEpInterrupt)
    USB_ReadDevAllOutEpInterrupt             0x0800b701   Thumb Code    20  stm32h7xx_ll_usb.o(i.USB_ReadDevAllOutEpInterrupt)
    USB_ReadDevInEPInterrupt                 0x0800b715   Thumb Code    50  stm32h7xx_ll_usb.o(i.USB_ReadDevInEPInterrupt)
    USB_ReadDevOutEPInterrupt                0x0800b747   Thumb Code    26  stm32h7xx_ll_usb.o(i.USB_ReadDevOutEPInterrupt)
    USB_ReadInterrupts                       0x0800b761   Thumb Code    10  stm32h7xx_ll_usb.o(i.USB_ReadInterrupts)
    USB_ReadPacket                           0x0800b76b   Thumb Code    96  stm32h7xx_ll_usb.o(i.USB_ReadPacket)
    USB_SetCurrentMode                       0x0800b7cb   Thumb Code    54  stm32h7xx_ll_usb.o(i.USB_SetCurrentMode)
    USB_SetDevAddress                        0x0800b801   Thumb Code    42  stm32h7xx_ll_usb.o(i.USB_SetDevAddress)
    USB_SetDevSpeed                          0x0800b82b   Thumb Code    18  stm32h7xx_ll_usb.o(i.USB_SetDevSpeed)
    USB_SetTurnaroundTime                    0x0800b83d   Thumb Code   192  stm32h7xx_ll_usb.o(i.USB_SetTurnaroundTime)
    USB_WritePacket                          0x0800b925   Thumb Code    68  stm32h7xx_ll_usb.o(i.USB_WritePacket)
    UsageFault_Handler                       0x0800b969   Thumb Code     4  stm32h7xx_it.o(i.UsageFault_Handler)
    __scatterload_copy                       0x0800b9ab   Thumb Code    14  handlers.o(i.__scatterload_copy)
    __scatterload_null                       0x0800b9b9   Thumb Code     2  handlers.o(i.__scatterload_null)
    __scatterload_zeroinit                   0x0800b9bb   Thumb Code    14  handlers.o(i.__scatterload_zeroinit)
    debug_task                               0x0800b9c9   Thumb Code    54  debug_task.o(i.debug_task)
    main                                     0x0800ba0d   Thumb Code   366  main.o(i.main)
    osKernelGetSysTimerCount                 0x0800bb85   Thumb Code    70  cmsis_os2.o(i.osKernelGetSysTimerCount)
    osKernelInitialize                       0x0800bbcd   Thumb Code    38  cmsis_os2.o(i.osKernelInitialize)
    osKernelStart                            0x0800bbf9   Thumb Code    82  cmsis_os2.o(i.osKernelStart)
    osThreadNew                              0x0800bc59   Thumb Code   184  cmsis_os2.o(i.osThreadNew)
    pvPortMalloc                             0x0800c735   Thumb Code   306  heap_4.o(i.pvPortMalloc)
    pxPortInitialiseStack                    0x0800c881   Thumb Code    38  port.o(i.pxPortInitialiseStack)
    usTime_Start                             0x0800c8ad   Thumb Code    20  us_time.o(i.usTime_Start)
    uxListRemove                             0x0800c8c5   Thumb Code    40  list.o(i.uxListRemove)
    vApplicationGetIdleTaskMemory            0x0800c8ed   Thumb Code    14  cmsis_os2.o(i.vApplicationGetIdleTaskMemory)
    vApplicationGetTimerTaskMemory           0x0800c905   Thumb Code    16  cmsis_os2.o(i.vApplicationGetTimerTaskMemory)
    vListInitialise                          0x0800c91d   Thumb Code    26  list.o(i.vListInitialise)
    vListInitialiseItem                      0x0800c937   Thumb Code     6  list.o(i.vListInitialiseItem)
    vListInsert                              0x0800c93d   Thumb Code    52  list.o(i.vListInsert)
    vListInsertEnd                           0x0800c971   Thumb Code    24  list.o(i.vListInsertEnd)
    vPortEnterCritical                       0x0800c989   Thumb Code    76  port.o(i.vPortEnterCritical)
    vPortExitCritical                        0x0800c9dd   Thumb Code    56  port.o(i.vPortExitCritical)
    vPortFree                                0x0800ca19   Thumb Code   150  heap_4.o(i.vPortFree)
    vPortSetupTimerInterrupt                 0x0800cabd   Thumb Code    36  port.o(i.vPortSetupTimerInterrupt)
    vPortValidateInterruptPriority           0x0800cae5   Thumb Code   106  port.o(i.vPortValidateInterruptPriority)
    vQueueAddToRegistry                      0x0800cb5d   Thumb Code    38  queue.o(i.vQueueAddToRegistry)
    vQueueWaitForMessageRestricted           0x0800cb89   Thumb Code    74  queue.o(i.vQueueWaitForMessageRestricted)
    vTaskDelayUntil                          0x0800cbd5   Thumb Code   200  tasks.o(i.vTaskDelayUntil)
    vTaskInternalSetTimeOutState             0x0800cca9   Thumb Code    14  tasks.o(i.vTaskInternalSetTimeOutState)
    vTaskMissedYield                         0x0800ccc1   Thumb Code     8  tasks.o(i.vTaskMissedYield)
    vTaskPlaceOnEventList                    0x0800cccd   Thumb Code    52  tasks.o(i.vTaskPlaceOnEventList)
    vTaskPlaceOnEventListRestricted          0x0800cd05   Thumb Code    60  tasks.o(i.vTaskPlaceOnEventListRestricted)
    vTaskStartScheduler                      0x0800cd45   Thumb Code   156  tasks.o(i.vTaskStartScheduler)
    vTaskSuspendAll                          0x0800cdfd   Thumb Code    12  tasks.o(i.vTaskSuspendAll)
    vTaskSwitchContext                       0x0800ce0d   Thumb Code   122  tasks.o(i.vTaskSwitchContext)
    xPortStartScheduler                      0x0800ce9d   Thumb Code   330  port.o(i.xPortStartScheduler)
    xPortSysTickHandler                      0x0800d005   Thumb Code    46  port.o(i.xPortSysTickHandler)
    xQueueGenericCreateStatic                0x0800d039   Thumb Code   224  queue.o(i.xQueueGenericCreateStatic)
    xQueueGenericReset                       0x0800d119   Thumb Code   146  queue.o(i.xQueueGenericReset)
    xQueueGenericSend                        0x0800d1b1   Thumb Code   420  queue.o(i.xQueueGenericSend)
    xQueueGenericSendFromISR                 0x0800d359   Thumb Code   252  queue.o(i.xQueueGenericSendFromISR)
    xQueueReceive                            0x0800d455   Thumb Code   356  queue.o(i.xQueueReceive)
    xTaskCheckForTimeOut                     0x0800d5bd   Thumb Code   132  tasks.o(i.xTaskCheckForTimeOut)
    xTaskCreate                              0x0800d649   Thumb Code   100  tasks.o(i.xTaskCreate)
    xTaskCreateStatic                        0x0800d6ad   Thumb Code   186  tasks.o(i.xTaskCreateStatic)
    xTaskGetSchedulerState                   0x0800d769   Thumb Code    24  tasks.o(i.xTaskGetSchedulerState)
    xTaskGetTickCount                        0x0800d789   Thumb Code     6  tasks.o(i.xTaskGetTickCount)
    xTaskIncrementTick                       0x0800d795   Thumb Code   280  tasks.o(i.xTaskIncrementTick)
    xTaskPriorityDisinherit                  0x0800d8d9   Thumb Code   152  tasks.o(i.xTaskPriorityDisinherit)
    xTaskRemoveFromEventList                 0x0800d97d   Thumb Code   126  tasks.o(i.xTaskRemoveFromEventList)
    xTaskResumeAll                           0x0800da15   Thumb Code   222  tasks.o(i.xTaskResumeAll)
    xTimerCreateTimerTask                    0x0800db19   Thumb Code   100  timers.o(i.xTimerCreateTimerTask)
    xTimerGenericCommand                     0x0800db91   Thumb Code   128  timers.o(i.xTimerGenericCommand)
    debugTask_attributes                     0x0800dc14   Data          36  freertos.o(.constdata)
    defaultTask_attributes                   0x0800dc38   Data          36  freertos.o(.constdata)
    UARTPrescTable                           0x0800dcc0   Data          24  stm32h7xx_hal_uart.o(.constdata)
    D1CorePrescTable                         0x0800dce8   Data          16  system_stm32h7xx.o(.constdata)
    Region$$Table$$Base                      0x0800dd10   Number         0  anon$$obj.o(Region$$Table)
    Region$$Table$$Limit                     0x0800dd30   Number         0  anon$$obj.o(Region$$Table)
    debugTaskHandle                          0x24000000   Data           4  freertos.o(.data)
    defaultTaskHandle                        0x24000004   Data           4  freertos.o(.data)
    CAN1_rx_data                             0x2400000c   Data           8  can_comm.o(.data)
    CAN2_rx_data                             0x24000014   Data           8  can_comm.o(.data)
    CAN3_rx_data                             0x2400001c   Data           8  can_comm.o(.data)
    HS_Desc                                  0x24000024   Data          32  usbd_desc.o(.data)
    USBD_HS_DeviceDesc                       0x24000044   Data          18  usbd_desc.o(.data)
    USBD_HS_BOSDesc                          0x24000058   Data          12  usbd_desc.o(.data)
    USBD_LangIDDesc                          0x24000064   Data           4  usbd_desc.o(.data)
    USBD_StringSerial                        0x24000068   Data          26  usbd_desc.o(.data)
    USBD_Interface_fops_HS                   0x24000084   Data          20  usbd_cdc_if.o(.data)
    uwTick                                   0x24000098   Data           4  stm32h7xx_hal.o(.data)
    uwTickPrio                               0x2400009c   Data           4  stm32h7xx_hal.o(.data)
    uwTickFreq                               0x240000a0   Data           1  stm32h7xx_hal.o(.data)
    SystemCoreClock                          0x240000a4   Data           4  system_stm32h7xx.o(.data)
    SystemD2Clock                            0x240000a8   Data           4  system_stm32h7xx.o(.data)
    pxCurrentTCB                             0x240000ac   Data           4  tasks.o(.data)
    USBD_CDC                                 0x2400013c   Data          56  usbd_cdc.o(.data)
    hfdcan1                                  0x24000240   Data         160  fdcan.o(.bss)
    hfdcan2                                  0x240002e0   Data         160  fdcan.o(.bss)
    hfdcan3                                  0x24000380   Data         160  fdcan.o(.bss)
    hrng                                     0x24000420   Data          20  rng.o(.bss)
    htim2                                    0x24000434   Data          76  tim.o(.bss)
    huart1                                   0x24000480   Data         144  usart.o(.bss)
    huart2                                   0x24000510   Data         144  usart.o(.bss)
    hdma_usart1_rx                           0x240005a0   Data         120  usart.o(.bss)
    hdma_usart1_tx                           0x24000618   Data         120  usart.o(.bss)
    hdma_usart2_rx                           0x24000690   Data         120  usart.o(.bss)
    hdma_usart2_tx                           0x24000708   Data         120  usart.o(.bss)
    htim1                                    0x24000780   Data          76  stm32h7xx_hal_timebase_tim.o(.bss)
    sin_test                                 0x240007fc   Data          28  debug_task.o(.bss)
    CAN_tx_message_standard                  0x24000818   Data          36  can_comm.o(.bss)
    CAN1_rx_message                          0x2400083c   Data          40  can_comm.o(.bss)
    CAN2_rx_message                          0x24000864   Data          40  can_comm.o(.bss)
    CAN3_rx_message                          0x2400088c   Data          40  can_comm.o(.bss)
    dbus_dma_rx_buf                          0x240008b4   Data          36  usart_comm.o(.bss)
    debug_dma_rx_buf                         0x240008d8   Data          20  usart_comm.o(.bss)
    rc                                       0x240008ec   Data          22  dt7control_driver.o(.bss)
    imu                                      0x24000904   Data          24  timu_driver.o(.bss)
    prv_us_time                              0x2400091c   Data          12  us_time.o(.bss)
    hUsbDeviceHS                             0x24000928   Data         720  usb_device.o(.bss)
    USBD_StrDesc                             0x24000bf8   Data         512  usbd_desc.o(.bss)
    UserRxBufferHS                           0x24000df8   Data        1024  usbd_cdc_if.o(.bss)
    UserTxBufferHS                           0x240011f8   Data        1024  usbd_cdc_if.o(.bss)
    hpcd_USB_OTG_HS                          0x240015f8   Data        1032  usbd_conf.o(.bss)
    xQueueRegistry                           0x24001c20   Data          64  queue.o(.bss)
    __initial_sp                             0x240084f8   Data           0  startup_stm32h723xx.o(STACK)



==============================================================================

Memory Map of the image

  Image Entry point : 0x080002cd

  Load Region LR_IROM1 (Base: 0x08000000, Size: 0x0000df70, Max: 0x00100000, ABSOLUTE, COMPRESSED[0x0000de0c])

    Execution Region ER_IROM1 (Exec base: 0x08000000, Load base: 0x08000000, Size: 0x0000dd30, Max: 0x00100000, ABSOLUTE)

    Exec Addr    Load Addr    Size         Type   Attr      Idx    E Section Name        Object

    0x08000000   0x08000000   0x000002cc   Data   RO            3    RESET               startup_stm32h723xx.o
    0x080002cc   0x080002cc   0x00000000   Code   RO         9593  * .ARM.Collect$$$$00000000  mc_w.l(entry.o)
    0x080002cc   0x080002cc   0x00000004   Code   RO         9714    .ARM.Collect$$$$00000001  mc_w.l(entry2.o)
    0x080002d0   0x080002d0   0x00000004   Code   RO         9717    .ARM.Collect$$$$00000004  mc_w.l(entry5.o)
    0x080002d4   0x080002d4   0x00000000   Code   RO         9719    .ARM.Collect$$$$00000008  mc_w.l(entry7b.o)
    0x080002d4   0x080002d4   0x00000000   Code   RO         9721    .ARM.Collect$$$$0000000A  mc_w.l(entry8b.o)
    0x080002d4   0x080002d4   0x00000008   Code   RO         9722    .ARM.Collect$$$$0000000B  mc_w.l(entry9a.o)
    0x080002dc   0x080002dc   0x00000004   Code   RO         9729    .ARM.Collect$$$$0000000E  mc_w.l(entry12b.o)
    0x080002e0   0x080002e0   0x00000000   Code   RO         9724    .ARM.Collect$$$$0000000F  mc_w.l(entry10a.o)
    0x080002e0   0x080002e0   0x00000000   Code   RO         9726    .ARM.Collect$$$$00000011  mc_w.l(entry11a.o)
    0x080002e0   0x080002e0   0x00000004   Code   RO         9715    .ARM.Collect$$$$00002712  mc_w.l(entry2.o)
    0x080002e4   0x080002e4   0x000000be   Code   RO         9032    .emb_text           port.o
    0x080003a2   0x080003a2   0x00000002   PAD
    0x080003a4   0x080003a4   0x00000024   Code   RO            4    .text               startup_stm32h723xx.o
    0x080003c8   0x080003c8   0x00000062   Code   RO         9596    .text               mc_w.l(uldiv.o)
    0x0800042a   0x0800042a   0x00000024   Code   RO         9601    .text               mc_w.l(memcpya.o)
    0x0800044e   0x0800044e   0x00000024   Code   RO         9605    .text               mc_w.l(memseta.o)
    0x08000472   0x08000472   0x0000001e   Code   RO         9732    .text               mc_w.l(llshl.o)
    0x08000490   0x08000490   0x00000020   Code   RO         9734    .text               mc_w.l(llushr.o)
    0x080004b0   0x080004b0   0x00000024   Code   RO         9768    .text               mc_w.l(init.o)
    0x080004d4   0x080004d4   0x00000056   Code   RO         9784    .text               mc_w.l(__dczerorl2.o)
    0x0800052a   0x0800052a   0x00000004   Code   RO          568    i.BusFault_Handler  stm32h7xx_it.o
    0x0800052e   0x0800052e   0x00000002   PAD
    0x08000530   0x08000530   0x0000008c   Code   RO          832    i.CAN_Comm_Init     can_comm.o
    0x080005bc   0x080005bc   0x00000044   Code   RO         1585    i.CDC_Control_HS    usbd_cdc_if.o
    0x08000600   0x08000600   0x00000004   Code   RO         1586    i.CDC_DeInit_HS     usbd_cdc_if.o
    0x08000604   0x08000604   0x00000024   Code   RO         1587    i.CDC_Init_HS       usbd_cdc_if.o
    0x08000628   0x08000628   0x00000028   Code   RO         1588    i.CDC_Receive_HS    usbd_cdc_if.o
    0x08000650   0x08000650   0x0000000c   Code   RO         1589    i.CDC_TransmitCplt_HS  usbd_cdc_if.o
    0x0800065c   0x0800065c   0x00000038   Code   RO         1590    i.CDC_Transmit_HS   usbd_cdc_if.o
    0x08000694   0x08000694   0x00000010   Code   RO          569    i.DMA1_Stream0_IRQHandler  stm32h7xx_it.o
    0x080006a4   0x080006a4   0x00000010   Code   RO          570    i.DMA1_Stream1_IRQHandler  stm32h7xx_it.o
    0x080006b4   0x080006b4   0x00000010   Code   RO          571    i.DMA1_Stream2_IRQHandler  stm32h7xx_it.o
    0x080006c4   0x080006c4   0x00000010   Code   RO          572    i.DMA1_Stream3_IRQHandler  stm32h7xx_it.o
    0x080006d4   0x080006d4   0x000000ec   Code   RO         3179    i.DMA_CalcBaseAndBitshift  stm32h7xx_hal_dma.o
    0x080007c0   0x080007c0   0x000000c4   Code   RO         3180    i.DMA_CalcDMAMUXChannelBaseAndMask  stm32h7xx_hal_dma.o
    0x08000884   0x08000884   0x00000098   Code   RO         3181    i.DMA_CalcDMAMUXRequestGenBaseAndMask  stm32h7xx_hal_dma.o
    0x0800091c   0x0800091c   0x000000ae   Code   RO         3182    i.DMA_CheckFifoParam  stm32h7xx_hal_dma.o
    0x080009ca   0x080009ca   0x00000002   PAD
    0x080009cc   0x080009cc   0x00000274   Code   RO         3183    i.DMA_SetConfig     stm32h7xx_hal_dma.o
    0x08000c40   0x08000c40   0x00000150   Code   RO          946    i.DT7control_Receive  dt7control_driver.o
    0x08000d90   0x08000d90   0x00000002   Code   RO          573    i.DebugMon_Handler  stm32h7xx_it.o
    0x08000d92   0x08000d92   0x00000006   Code   RO           13    i.Error_Handler     main.o
    0x08000d98   0x08000d98   0x00000010   Code   RO          574    i.FDCAN1_IT0_IRQHandler  stm32h7xx_it.o
    0x08000da8   0x08000da8   0x00000010   Code   RO          575    i.FDCAN2_IT0_IRQHandler  stm32h7xx_it.o
    0x08000db8   0x08000db8   0x00000010   Code   RO          576    i.FDCAN3_IT0_IRQHandler  stm32h7xx_it.o
    0x08000dc8   0x08000dc8   0x00000220   Code   RO         4956    i.FDCAN_CalcultateRamBlockAddresses  stm32h7xx_hal_fdcan.o
    0x08000fe8   0x08000fe8   0x0000002c   Code   RO         1227    i.FGT_sin_Init      func_generator.o
    0x08001014   0x08001014   0x00000034   Code   RO         1492    i.Get_SerialNum     usbd_desc.o
    0x08001048   0x08001048   0x000004dc   Code   RO         3184    i.HAL_DMA_Abort     stm32h7xx_hal_dma.o
    0x08001524   0x08001524   0x00000398   Code   RO         3185    i.HAL_DMA_Abort_IT  stm32h7xx_hal_dma.o
    0x080018bc   0x080018bc   0x00000006   Code   RO         3187    i.HAL_DMA_GetError  stm32h7xx_hal_dma.o
    0x080018c2   0x080018c2   0x00000002   PAD
    0x080018c4   0x080018c4   0x00000af8   Code   RO         3189    i.HAL_DMA_IRQHandler  stm32h7xx_hal_dma.o
    0x080023bc   0x080023bc   0x00000514   Code   RO         3190    i.HAL_DMA_Init      stm32h7xx_hal_dma.o
    0x080028d0   0x080028d0   0x000003e0   Code   RO         3194    i.HAL_DMA_Start_IT  stm32h7xx_hal_dma.o
    0x08002cb0   0x08002cb0   0x00000028   Code   RO         4027    i.HAL_Delay         stm32h7xx_hal.o
    0x08002cd8   0x08002cd8   0x000000a8   Code   RO         4959    i.HAL_FDCAN_ActivateNotification  stm32h7xx_hal_fdcan.o
    0x08002d80   0x08002d80   0x00000002   Code   RO         4962    i.HAL_FDCAN_ClockCalibrationCallback  stm32h7xx_hal_fdcan.o
    0x08002d82   0x08002d82   0x000000a8   Code   RO         4966    i.HAL_FDCAN_ConfigFilter  stm32h7xx_hal_fdcan.o
    0x08002e2a   0x08002e2a   0x00000034   Code   RO         4967    i.HAL_FDCAN_ConfigGlobalFilter  stm32h7xx_hal_fdcan.o
    0x08002e5e   0x08002e5e   0x00000002   Code   RO         4988    i.HAL_FDCAN_ErrorCallback  stm32h7xx_hal_fdcan.o
    0x08002e60   0x08002e60   0x00000002   Code   RO         4989    i.HAL_FDCAN_ErrorStatusCallback  stm32h7xx_hal_fdcan.o
    0x08002e62   0x08002e62   0x00000002   PAD
    0x08002e64   0x08002e64   0x000001f4   Code   RO         5000    i.HAL_FDCAN_GetRxMessage  stm32h7xx_hal_fdcan.o
    0x08003058   0x08003058   0x00000002   Code   RO         5006    i.HAL_FDCAN_HighPriorityMessageCallback  stm32h7xx_hal_fdcan.o
    0x0800305a   0x0800305a   0x00000002   PAD
    0x0800305c   0x0800305c   0x000003ec   Code   RO         5007    i.HAL_FDCAN_IRQHandler  stm32h7xx_hal_fdcan.o
    0x08003448   0x08003448   0x000002e0   Code   RO         5008    i.HAL_FDCAN_Init    stm32h7xx_hal_fdcan.o
    0x08003728   0x08003728   0x00000200   Code   RO          382    i.HAL_FDCAN_MspInit  fdcan.o
    0x08003928   0x08003928   0x00000002   Code   RO         5017    i.HAL_FDCAN_RxBufferNewMessageCallback  stm32h7xx_hal_fdcan.o
    0x0800392a   0x0800392a   0x00000002   PAD
    0x0800392c   0x0800392c   0x00000074   Code   RO          833    i.HAL_FDCAN_RxFifo0Callback  can_comm.o
    0x080039a0   0x080039a0   0x00000064   Code   RO          834    i.HAL_FDCAN_RxFifo1Callback  can_comm.o
    0x08003a04   0x08003a04   0x00000034   Code   RO         5020    i.HAL_FDCAN_Start   stm32h7xx_hal_fdcan.o
    0x08003a38   0x08003a38   0x00000002   Code   RO         5042    i.HAL_FDCAN_TT_GlobalTimeCallback  stm32h7xx_hal_fdcan.o
    0x08003a3a   0x08003a3a   0x00000002   Code   RO         5043    i.HAL_FDCAN_TT_ScheduleSyncCallback  stm32h7xx_hal_fdcan.o
    0x08003a3c   0x08003a3c   0x00000002   Code   RO         5048    i.HAL_FDCAN_TT_StopWatchCallback  stm32h7xx_hal_fdcan.o
    0x08003a3e   0x08003a3e   0x00000002   Code   RO         5049    i.HAL_FDCAN_TT_TimeMarkCallback  stm32h7xx_hal_fdcan.o
    0x08003a40   0x08003a40   0x00000002   Code   RO         5050    i.HAL_FDCAN_TimeoutOccurredCallback  stm32h7xx_hal_fdcan.o
    0x08003a42   0x08003a42   0x00000002   Code   RO         5051    i.HAL_FDCAN_TimestampWraparoundCallback  stm32h7xx_hal_fdcan.o
    0x08003a44   0x08003a44   0x00000002   Code   RO         5052    i.HAL_FDCAN_TxBufferAbortCallback  stm32h7xx_hal_fdcan.o
    0x08003a46   0x08003a46   0x00000002   Code   RO         5053    i.HAL_FDCAN_TxBufferCompleteCallback  stm32h7xx_hal_fdcan.o
    0x08003a48   0x08003a48   0x00000002   Code   RO         5054    i.HAL_FDCAN_TxEventFifoCallback  stm32h7xx_hal_fdcan.o
    0x08003a4a   0x08003a4a   0x00000002   Code   RO         5055    i.HAL_FDCAN_TxFifoEmptyCallback  stm32h7xx_hal_fdcan.o
    0x08003a4c   0x08003a4c   0x000001fc   Code   RO         3032    i.HAL_GPIO_Init     stm32h7xx_hal_gpio.o
    0x08003c48   0x08003c48   0x0000000c   Code   RO         3036    i.HAL_GPIO_WritePin  stm32h7xx_hal_gpio.o
    0x08003c54   0x08003c54   0x0000000c   Code   RO         4043    i.HAL_GetTick       stm32h7xx_hal.o
    0x08003c60   0x08003c60   0x00000018   Code   RO         4049    i.HAL_IncTick       stm32h7xx_hal.o
    0x08003c78   0x08003c78   0x00000060   Code   RO         4050    i.HAL_Init          stm32h7xx_hal.o
    0x08003cd8   0x08003cd8   0x00000094   Code   RO          734    i.HAL_InitTick      stm32h7xx_hal_timebase_tim.o
    0x08003d6c   0x08003d6c   0x0000005c   Code   RO         3875    i.HAL_MPU_ConfigRegion  stm32h7xx_hal_cortex.o
    0x08003dc8   0x08003dc8   0x0000002c   Code   RO         3876    i.HAL_MPU_Disable   stm32h7xx_hal_cortex.o
    0x08003df4   0x08003df4   0x00000040   Code   RO         3877    i.HAL_MPU_Enable    stm32h7xx_hal_cortex.o
    0x08003e34   0x08003e34   0x00000030   Code   RO          710    i.HAL_MspInit       stm32h7xx_hal_msp.o
    0x08003e64   0x08003e64   0x00000028   Code   RO         3880    i.HAL_NVIC_EnableIRQ  stm32h7xx_hal_cortex.o
    0x08003e8c   0x08003e8c   0x0000007a   Code   RO         3886    i.HAL_NVIC_SetPriority  stm32h7xx_hal_cortex.o
    0x08003f06   0x08003f06   0x00000002   PAD
    0x08003f08   0x08003f08   0x00000028   Code   RO         3887    i.HAL_NVIC_SetPriorityGrouping  stm32h7xx_hal_cortex.o
    0x08003f30   0x08003f30   0x00000028   Code   RO         2083    i.HAL_PCDEx_ActivateLPM  stm32h7xx_hal_pcd_ex.o
    0x08003f58   0x08003f58   0x00000002   Code   RO         2088    i.HAL_PCDEx_LPM_Callback  stm32h7xx_hal_pcd_ex.o
    0x08003f5a   0x08003f5a   0x0000000a   Code   RO         2089    i.HAL_PCDEx_SetRxFiFo  stm32h7xx_hal_pcd_ex.o
    0x08003f64   0x08003f64   0x0000004e   Code   RO         2090    i.HAL_PCDEx_SetTxFiFo  stm32h7xx_hal_pcd_ex.o
    0x08003fb2   0x08003fb2   0x0000000e   Code   RO         1646    i.HAL_PCD_ConnectCallback  usbd_conf.o
    0x08003fc0   0x08003fc0   0x00000020   Code   RO         1647    i.HAL_PCD_DataInStageCallback  usbd_conf.o
    0x08003fe0   0x08003fe0   0x00000020   Code   RO         1648    i.HAL_PCD_DataOutStageCallback  usbd_conf.o
    0x08004000   0x08004000   0x0000000e   Code   RO         1649    i.HAL_PCD_DisconnectCallback  usbd_conf.o
    0x0800400e   0x0800400e   0x0000006a   Code   RO         1866    i.HAL_PCD_EP_Close  stm32h7xx_hal_pcd.o
    0x08004078   0x08004078   0x0000007c   Code   RO         1867    i.HAL_PCD_EP_ClrStall  stm32h7xx_hal_pcd.o
    0x080040f4   0x080040f4   0x00000016   Code   RO         1869    i.HAL_PCD_EP_GetRxCount  stm32h7xx_hal_pcd.o
    0x0800410a   0x0800410a   0x0000008c   Code   RO         1870    i.HAL_PCD_EP_Open   stm32h7xx_hal_pcd.o
    0x08004196   0x08004196   0x00000058   Code   RO         1871    i.HAL_PCD_EP_Receive  stm32h7xx_hal_pcd.o
    0x080041ee   0x080041ee   0x0000008a   Code   RO         1872    i.HAL_PCD_EP_SetStall  stm32h7xx_hal_pcd.o
    0x08004278   0x08004278   0x0000005a   Code   RO         1873    i.HAL_PCD_EP_Transmit  stm32h7xx_hal_pcd.o
    0x080042d2   0x080042d2   0x000005a0   Code   RO         1875    i.HAL_PCD_IRQHandler  stm32h7xx_hal_pcd.o
    0x08004872   0x08004872   0x00000012   Code   RO         1650    i.HAL_PCD_ISOINIncompleteCallback  usbd_conf.o
    0x08004884   0x08004884   0x00000012   Code   RO         1651    i.HAL_PCD_ISOOUTIncompleteCallback  usbd_conf.o
    0x08004896   0x08004896   0x00000172   Code   RO         1878    i.HAL_PCD_Init      stm32h7xx_hal_pcd.o
    0x08004a08   0x08004a08   0x0000008c   Code   RO         1653    i.HAL_PCD_MspInit   usbd_conf.o
    0x08004a94   0x08004a94   0x00000030   Code   RO         1654    i.HAL_PCD_ResetCallback  usbd_conf.o
    0x08004ac4   0x08004ac4   0x0000000e   Code   RO         1655    i.HAL_PCD_ResumeCallback  usbd_conf.o
    0x08004ad2   0x08004ad2   0x0000000e   Code   RO         1656    i.HAL_PCD_SOFCallback  usbd_conf.o
    0x08004ae0   0x08004ae0   0x00000036   Code   RO         1884    i.HAL_PCD_SetAddress  stm32h7xx_hal_pcd.o
    0x08004b16   0x08004b16   0x00000012   Code   RO         1657    i.HAL_PCD_SetupStageCallback  usbd_conf.o
    0x08004b28   0x08004b28   0x0000004a   Code   RO         1886    i.HAL_PCD_Start     stm32h7xx_hal_pcd.o
    0x08004b72   0x08004b72   0x00000002   PAD
    0x08004b74   0x08004b74   0x00000034   Code   RO         1658    i.HAL_PCD_SuspendCallback  usbd_conf.o
    0x08004ba8   0x08004ba8   0x00000060   Code   RO         3633    i.HAL_PWREx_ConfigSupply  stm32h7xx_hal_pwr_ex.o
    0x08004c08   0x08004c08   0x00000014   Code   RO         3650    i.HAL_PWREx_EnableUSBVoltageDetector  stm32h7xx_hal_pwr_ex.o
    0x08004c1c   0x08004c1c   0x00000024   Code   RO         2575    i.HAL_RCCEx_GetD3PCLK1Freq  stm32h7xx_hal_rcc_ex.o
    0x08004c40   0x08004c40   0x00000230   Code   RO         2577    i.HAL_RCCEx_GetPLL2ClockFreq  stm32h7xx_hal_rcc_ex.o
    0x08004e70   0x08004e70   0x00000230   Code   RO         2578    i.HAL_RCCEx_GetPLL3ClockFreq  stm32h7xx_hal_rcc_ex.o
    0x080050a0   0x080050a0   0x00000ad4   Code   RO         2584    i.HAL_RCCEx_PeriphCLKConfig  stm32h7xx_hal_rcc_ex.o
    0x08005b74   0x08005b74   0x00000002   Code   RO         2459    i.HAL_RCC_CSSCallback  stm32h7xx_hal_rcc.o
    0x08005b76   0x08005b76   0x00000002   PAD
    0x08005b78   0x08005b78   0x00000320   Code   RO         2460    i.HAL_RCC_ClockConfig  stm32h7xx_hal_rcc.o
    0x08005e98   0x08005e98   0x00000014   Code   RO         2463    i.HAL_RCC_EnableCSS  stm32h7xx_hal_rcc.o
    0x08005eac   0x08005eac   0x0000006c   Code   RO         2464    i.HAL_RCC_GetClockConfig  stm32h7xx_hal_rcc.o
    0x08005f18   0x08005f18   0x0000004c   Code   RO         2465    i.HAL_RCC_GetHCLKFreq  stm32h7xx_hal_rcc.o
    0x08005f64   0x08005f64   0x00000024   Code   RO         2467    i.HAL_RCC_GetPCLK1Freq  stm32h7xx_hal_rcc.o
    0x08005f88   0x08005f88   0x00000024   Code   RO         2468    i.HAL_RCC_GetPCLK2Freq  stm32h7xx_hal_rcc.o
    0x08005fac   0x08005fac   0x0000022c   Code   RO         2469    i.HAL_RCC_GetSysClockFreq  stm32h7xx_hal_rcc.o
    0x080061d8   0x080061d8   0x00000024   Code   RO         2471    i.HAL_RCC_NMI_IRQHandler  stm32h7xx_hal_rcc.o
    0x080061fc   0x080061fc   0x000006c8   Code   RO         2472    i.HAL_RCC_OscConfig  stm32h7xx_hal_rcc.o
    0x080068c4   0x080068c4   0x000000e0   Code   RO         5581    i.HAL_RNG_Init      stm32h7xx_hal_rng.o
    0x080069a4   0x080069a4   0x00000054   Code   RO          437    i.HAL_RNG_MspInit   rng.o
    0x080069f8   0x080069f8   0x00000002   Code   RO         6439    i.HAL_TIMEx_Break2Callback  stm32h7xx_hal_tim_ex.o
    0x080069fa   0x080069fa   0x00000002   Code   RO         6440    i.HAL_TIMEx_BreakCallback  stm32h7xx_hal_tim_ex.o
    0x080069fc   0x080069fc   0x00000002   Code   RO         6441    i.HAL_TIMEx_CommutCallback  stm32h7xx_hal_tim_ex.o
    0x080069fe   0x080069fe   0x00000002   PAD
    0x08006a00   0x08006a00   0x000000e4   Code   RO         6461    i.HAL_TIMEx_MasterConfigSynchronization  stm32h7xx_hal_tim_ex.o
    0x08006ae4   0x08006ae4   0x0000006e   Code   RO         5714    i.HAL_TIM_Base_Init  stm32h7xx_hal_tim.o
    0x08006b52   0x08006b52   0x00000002   PAD
    0x08006b54   0x08006b54   0x00000040   Code   RO          479    i.HAL_TIM_Base_MspInit  tim.o
    0x08006b94   0x08006b94   0x000000cc   Code   RO         5719    i.HAL_TIM_Base_Start_IT  stm32h7xx_hal_tim.o
    0x08006c60   0x08006c60   0x00000130   Code   RO         5723    i.HAL_TIM_ConfigClockSource  stm32h7xx_hal_tim.o
    0x08006d90   0x08006d90   0x00000002   Code   RO         5748    i.HAL_TIM_IC_CaptureCallback  stm32h7xx_hal_tim.o
    0x08006d92   0x08006d92   0x000001b8   Code   RO         5762    i.HAL_TIM_IRQHandler  stm32h7xx_hal_tim.o
    0x08006f4a   0x08006f4a   0x00000002   Code   RO         5765    i.HAL_TIM_OC_DelayElapsedCallback  stm32h7xx_hal_tim.o
    0x08006f4c   0x08006f4c   0x00000002   Code   RO         5792    i.HAL_TIM_PWM_PulseFinishedCallback  stm32h7xx_hal_tim.o
    0x08006f4e   0x08006f4e   0x00000002   PAD
    0x08006f50   0x08006f50   0x0000002c   Code   RO           14    i.HAL_TIM_PeriodElapsedCallback  main.o
    0x08006f7c   0x08006f7c   0x00000002   Code   RO         5805    i.HAL_TIM_TriggerCallback  stm32h7xx_hal_tim.o
    0x08006f7e   0x08006f7e   0x0000004e   Code   RO         7155    i.HAL_UARTEx_DisableFifoMode  stm32h7xx_hal_uart_ex.o
    0x08006fcc   0x08006fcc   0x00000002   Code   RO         6739    i.HAL_UARTEx_RxEventCallback  stm32h7xx_hal_uart.o
    0x08006fce   0x08006fce   0x00000002   Code   RO         7162    i.HAL_UARTEx_RxFifoFullCallback  stm32h7xx_hal_uart_ex.o
    0x08006fd0   0x08006fd0   0x0000005e   Code   RO         7163    i.HAL_UARTEx_SetRxFifoThreshold  stm32h7xx_hal_uart_ex.o
    0x0800702e   0x0800702e   0x0000005e   Code   RO         7164    i.HAL_UARTEx_SetTxFifoThreshold  stm32h7xx_hal_uart_ex.o
    0x0800708c   0x0800708c   0x00000002   Code   RO         7166    i.HAL_UARTEx_TxFifoEmptyCallback  stm32h7xx_hal_uart_ex.o
    0x0800708e   0x0800708e   0x00000002   Code   RO         7167    i.HAL_UARTEx_WakeupCallback  stm32h7xx_hal_uart_ex.o
    0x08007090   0x08007090   0x00000094   Code   RO         6751    i.HAL_UART_DMAStop  stm32h7xx_hal_uart.o
    0x08007124   0x08007124   0x00000002   Code   RO         6755    i.HAL_UART_ErrorCallback  stm32h7xx_hal_uart.o
    0x08007126   0x08007126   0x00000002   PAD
    0x08007128   0x08007128   0x000003d4   Code   RO         6758    i.HAL_UART_IRQHandler  stm32h7xx_hal_uart.o
    0x080074fc   0x080074fc   0x00000078   Code   RO         6759    i.HAL_UART_Init     stm32h7xx_hal_uart.o
    0x08007574   0x08007574   0x00000248   Code   RO          521    i.HAL_UART_MspInit  usart.o
    0x080077bc   0x080077bc   0x00000064   Code   RO         6763    i.HAL_UART_Receive_DMA  stm32h7xx_hal_uart.o
    0x08007820   0x08007820   0x00000054   Code   RO          894    i.HAL_UART_RxCpltCallback  usart_comm.o
    0x08007874   0x08007874   0x00000054   Code   RO          895    i.HAL_UART_RxHalfCpltCallback  usart_comm.o
    0x080078c8   0x080078c8   0x000000b8   Code   RO         6769    i.HAL_UART_Transmit_DMA  stm32h7xx_hal_uart.o
    0x08007980   0x08007980   0x00000002   Code   RO         6771    i.HAL_UART_TxCpltCallback  stm32h7xx_hal_uart.o
    0x08007982   0x08007982   0x00000002   Code   RO         6772    i.HAL_UART_TxHalfCpltCallback  stm32h7xx_hal_uart.o
    0x08007984   0x08007984   0x00000004   Code   RO          577    i.HardFault_Handler  stm32h7xx_it.o
    0x08007988   0x08007988   0x0000003e   Code   RO         1493    i.IntToUnicode      usbd_desc.o
    0x080079c6   0x080079c6   0x0000005e   Code   RO           15    i.MPU_Config        main.o
    0x08007a24   0x08007a24   0x00000064   Code   RO          357    i.MX_DMA_Init       dma.o
    0x08007a88   0x08007a88   0x00000084   Code   RO          383    i.MX_FDCAN1_Init    fdcan.o
    0x08007b0c   0x08007b0c   0x00000084   Code   RO          384    i.MX_FDCAN2_Init    fdcan.o
    0x08007b90   0x08007b90   0x00000084   Code   RO          385    i.MX_FDCAN3_Init    fdcan.o
    0x08007c14   0x08007c14   0x00000038   Code   RO          311    i.MX_FREERTOS_Init  freertos.o
    0x08007c4c   0x08007c4c   0x00000158   Code   RO          283    i.MX_GPIO_Init      gpio.o
    0x08007da4   0x08007da4   0x00000024   Code   RO          438    i.MX_RNG_Init       rng.o
    0x08007dc8   0x08007dc8   0x0000006c   Code   RO          480    i.MX_TIM2_Init      tim.o
    0x08007e34   0x08007e34   0x00000074   Code   RO          522    i.MX_USART1_UART_Init  usart.o
    0x08007ea8   0x08007ea8   0x0000006c   Code   RO          523    i.MX_USART2_UART_Init  usart.o
    0x08007f14   0x08007f14   0x00000050   Code   RO         1440    i.MX_USB_DEVICE_Init  usb_device.o
    0x08007f64   0x08007f64   0x00000004   Code   RO          578    i.MemManage_Handler  stm32h7xx_it.o
    0x08007f68   0x08007f68   0x00000008   Code   RO          579    i.NMI_Handler       stm32h7xx_it.o
    0x08007f70   0x08007f70   0x0000000c   Code   RO         8447    i.OS_Tick_GetCount  cmsis_os2.o
    0x08007f7c   0x08007f7c   0x0000000a   Code   RO         8448    i.OS_Tick_GetInterval  cmsis_os2.o
    0x08007f86   0x08007f86   0x0000000c   Code   RO         8449    i.OS_Tick_GetOverflow  cmsis_os2.o
    0x08007f92   0x08007f92   0x00000002   PAD
    0x08007f94   0x08007f94   0x00000010   Code   RO          580    i.OTG_HS_EP1_IN_IRQHandler  stm32h7xx_it.o
    0x08007fa4   0x08007fa4   0x00000010   Code   RO          581    i.OTG_HS_EP1_OUT_IRQHandler  stm32h7xx_it.o
    0x08007fb4   0x08007fb4   0x00000010   Code   RO          582    i.OTG_HS_IRQHandler  stm32h7xx_it.o
    0x08007fc4   0x08007fc4   0x00000064   Code   RO         1889    i.PCD_EP_OutSetupPacket_int  stm32h7xx_hal_pcd.o
    0x08008028   0x08008028   0x0000017c   Code   RO         1890    i.PCD_EP_OutXfrComplete_int  stm32h7xx_hal_pcd.o
    0x080081a4   0x080081a4   0x000000b6   Code   RO         1891    i.PCD_WriteEmptyTxFifo  stm32h7xx_hal_pcd.o
    0x0800825a   0x0800825a   0x00000002   PAD
    0x0800825c   0x0800825c   0x00000164   Code   RO         2587    i.RCCEx_PLL2_Config  stm32h7xx_hal_rcc_ex.o
    0x080083c0   0x080083c0   0x00000164   Code   RO         2588    i.RCCEx_PLL3_Config  stm32h7xx_hal_rcc_ex.o
    0x08008524   0x08008524   0x00000012   Code   RO         9254    i.SWAPBYTE          usbd_ctlreq.o
    0x08008536   0x08008536   0x00000002   PAD
    0x08008538   0x08008538   0x0000002c   Code   RO          312    i.StartDefaultTask  freertos.o
    0x08008564   0x08008564   0x00000016   Code   RO         8450    i.SysTick_Handler   cmsis_os2.o
    0x0800857a   0x0800857a   0x00000002   PAD
    0x0800857c   0x0800857c   0x000000c8   Code   RO           16    i.SystemClock_Config  main.o
    0x08008644   0x08008644   0x000000e8   Code   RO         7273    i.SystemInit        system_stm32h7xx.o
    0x0800872c   0x0800872c   0x00000010   Code   RO          583    i.TIM1_UP_IRQHandler  stm32h7xx_it.o
    0x0800873c   0x0800873c   0x00000010   Code   RO          584    i.TIM2_IRQHandler   stm32h7xx_it.o
    0x0800874c   0x0800874c   0x000000e0   Code   RO         5807    i.TIM_Base_SetConfig  stm32h7xx_hal_tim.o
    0x0800882c   0x0800882c   0x00000016   Code   RO         5818    i.TIM_ETR_SetConfig  stm32h7xx_hal_tim.o
    0x08008842   0x08008842   0x00000002   PAD
    0x08008844   0x08008844   0x00000018   Code   RO         5819    i.TIM_ITRx_SetConfig  stm32h7xx_hal_tim.o
    0x0800885c   0x0800885c   0x00000026   Code   RO         5827    i.TIM_TI1_ConfigInputStage  stm32h7xx_hal_tim.o
    0x08008882   0x08008882   0x00000028   Code   RO         5829    i.TIM_TI2_ConfigInputStage  stm32h7xx_hal_tim.o
    0x080088aa   0x080088aa   0x00000002   PAD
    0x080088ac   0x080088ac   0x000000f0   Code   RO          976    i.Timu_Receive      timu_driver.o
    0x0800899c   0x0800899c   0x00000058   Code   RO         7168    i.UARTEx_SetNbDataToProcess  stm32h7xx_hal_uart_ex.o
    0x080089f4   0x080089f4   0x000000f8   Code   RO         6773    i.UART_AdvFeatureConfig  stm32h7xx_hal_uart.o
    0x08008aec   0x08008aec   0x00000076   Code   RO         6774    i.UART_CheckIdleState  stm32h7xx_hal_uart.o
    0x08008b62   0x08008b62   0x00000018   Code   RO         6775    i.UART_DMAAbortOnError  stm32h7xx_hal_uart.o
    0x08008b7a   0x08008b7a   0x0000005e   Code   RO         6776    i.UART_DMAError     stm32h7xx_hal_uart.o
    0x08008bd8   0x08008bd8   0x0000006a   Code   RO         6777    i.UART_DMAReceiveCplt  stm32h7xx_hal_uart.o
    0x08008c42   0x08008c42   0x00000022   Code   RO         6779    i.UART_DMARxHalfCplt  stm32h7xx_hal_uart.o
    0x08008c64   0x08008c64   0x00000036   Code   RO         6781    i.UART_DMATransmitCplt  stm32h7xx_hal_uart.o
    0x08008c9a   0x08008c9a   0x0000000e   Code   RO         6783    i.UART_DMATxHalfCplt  stm32h7xx_hal_uart.o
    0x08008ca8   0x08008ca8   0x0000003c   Code   RO         6785    i.UART_EndRxTransfer  stm32h7xx_hal_uart.o
    0x08008ce4   0x08008ce4   0x00000022   Code   RO         6786    i.UART_EndTransmit_IT  stm32h7xx_hal_uart.o
    0x08008d06   0x08008d06   0x00000020   Code   RO         6787    i.UART_EndTxTransfer  stm32h7xx_hal_uart.o
    0x08008d26   0x08008d26   0x00000002   PAD
    0x08008d28   0x08008d28   0x00000628   Code   RO         6792    i.UART_SetConfig    stm32h7xx_hal_uart.o
    0x08009350   0x08009350   0x000000a0   Code   RO         6793    i.UART_Start_Receive_DMA  stm32h7xx_hal_uart.o
    0x080093f0   0x080093f0   0x000000be   Code   RO         6799    i.UART_WaitOnFlagUntilTimeout  stm32h7xx_hal_uart.o
    0x080094ae   0x080094ae   0x00000002   PAD
    0x080094b0   0x080094b0   0x00000014   Code   RO          585    i.USART1_IRQHandler  stm32h7xx_it.o
    0x080094c4   0x080094c4   0x00000014   Code   RO          586    i.USART2_IRQHandler  stm32h7xx_it.o
    0x080094d8   0x080094d8   0x00000058   Code   RO          896    i.USART_Comm_Init   usart_comm.o
    0x08009530   0x08009530   0x0000006c   Code   RO          897    i.USART_User_IRQHandler  usart_comm.o
    0x0800959c   0x0800959c   0x00000094   Code   RO         9425    i.USBD_CDC_DataIn   usbd_cdc.o
    0x08009630   0x08009630   0x00000034   Code   RO         9426    i.USBD_CDC_DataOut  usbd_cdc.o
    0x08009664   0x08009664   0x00000052   Code   RO         9427    i.USBD_CDC_DeInit   usbd_cdc.o
    0x080096b6   0x080096b6   0x00000038   Code   RO         9428    i.USBD_CDC_EP0_RxReady  usbd_cdc.o
    0x080096ee   0x080096ee   0x00000002   PAD
    0x080096f0   0x080096f0   0x00000010   Code   RO         9429    i.USBD_CDC_GetDeviceQualifierDescriptor  usbd_cdc.o
    0x08009700   0x08009700   0x00000010   Code   RO         9430    i.USBD_CDC_GetFSCfgDesc  usbd_cdc.o
    0x08009710   0x08009710   0x00000010   Code   RO         9431    i.USBD_CDC_GetHSCfgDesc  usbd_cdc.o
    0x08009720   0x08009720   0x00000010   Code   RO         9432    i.USBD_CDC_GetOtherSpeedCfgDesc  usbd_cdc.o
    0x08009730   0x08009730   0x000000c0   Code   RO         9433    i.USBD_CDC_Init     usbd_cdc.o
    0x080097f0   0x080097f0   0x0000003a   Code   RO         9434    i.USBD_CDC_ReceivePacket  usbd_cdc.o
    0x0800982a   0x0800982a   0x00000010   Code   RO         9435    i.USBD_CDC_RegisterInterface  usbd_cdc.o
    0x0800983a   0x0800983a   0x00000016   Code   RO         9436    i.USBD_CDC_SetRxBuffer  usbd_cdc.o
    0x08009850   0x08009850   0x0000001c   Code   RO         9437    i.USBD_CDC_SetTxBuffer  usbd_cdc.o
    0x0800986c   0x0800986c   0x0000011c   Code   RO         9438    i.USBD_CDC_Setup    usbd_cdc.o
    0x08009988   0x08009988   0x0000003c   Code   RO         9439    i.USBD_CDC_TransmitPacket  usbd_cdc.o
    0x080099c4   0x080099c4   0x0000001c   Code   RO         9112    i.USBD_ClrClassConfig  usbd_core.o
    0x080099e0   0x080099e0   0x0000003e   Code   RO         9255    i.USBD_ClrFeature   usbd_ctlreq.o
    0x08009a1e   0x08009a1e   0x00000018   Code   RO         9361    i.USBD_CtlContinueRx  usbd_ioreq.o
    0x08009a36   0x08009a36   0x00000018   Code   RO         9362    i.USBD_CtlContinueSendData  usbd_ioreq.o
    0x08009a4e   0x08009a4e   0x00000018   Code   RO         9256    i.USBD_CtlError     usbd_ctlreq.o
    0x08009a66   0x08009a66   0x00000028   Code   RO         9363    i.USBD_CtlPrepareRx  usbd_ioreq.o
    0x08009a8e   0x08009a8e   0x0000001a   Code   RO         9364    i.USBD_CtlReceiveStatus  usbd_ioreq.o
    0x08009aa8   0x08009aa8   0x00000022   Code   RO         9365    i.USBD_CtlSendData  usbd_ioreq.o
    0x08009aca   0x08009aca   0x0000001a   Code   RO         9366    i.USBD_CtlSendStatus  usbd_ioreq.o
    0x08009ae4   0x08009ae4   0x00000056   Code   RO         9257    i.USBD_GetConfig    usbd_ctlreq.o
    0x08009b3a   0x08009b3a   0x00000232   Code   RO         9258    i.USBD_GetDescriptor  usbd_ctlreq.o
    0x08009d6c   0x08009d6c   0x00000016   Code   RO         9259    i.USBD_GetLen       usbd_ctlreq.o
    0x08009d82   0x08009d82   0x0000005a   Code   RO         9260    i.USBD_GetStatus    usbd_ctlreq.o
    0x08009ddc   0x08009ddc   0x00000054   Code   RO         9261    i.USBD_GetString    usbd_ctlreq.o
    0x08009e30   0x08009e30   0x0000002c   Code   RO         1659    i.USBD_Get_USB_Status  usbd_conf.o
    0x08009e5c   0x08009e5c   0x00000034   Code   RO         1494    i.USBD_HS_ConfigStrDescriptor  usbd_desc.o
    0x08009e90   0x08009e90   0x00000010   Code   RO         1495    i.USBD_HS_DeviceDescriptor  usbd_desc.o
    0x08009ea0   0x08009ea0   0x00000038   Code   RO         1496    i.USBD_HS_InterfaceStrDescriptor  usbd_desc.o
    0x08009ed8   0x08009ed8   0x00000010   Code   RO         1497    i.USBD_HS_LangIDStrDescriptor  usbd_desc.o
    0x08009ee8   0x08009ee8   0x0000002c   Code   RO         1498    i.USBD_HS_ManufacturerStrDescriptor  usbd_desc.o
    0x08009f14   0x08009f14   0x00000040   Code   RO         1499    i.USBD_HS_ProductStrDescriptor  usbd_desc.o
    0x08009f54   0x08009f54   0x00000018   Code   RO         1500    i.USBD_HS_SerialStrDescriptor  usbd_desc.o
    0x08009f6c   0x08009f6c   0x0000003a   Code   RO         9114    i.USBD_Init         usbd_core.o
    0x08009fa6   0x08009fa6   0x00000026   Code   RO         1660    i.USBD_LL_ClearStallEP  usbd_conf.o
    0x08009fcc   0x08009fcc   0x00000026   Code   RO         1661    i.USBD_LL_CloseEP   usbd_conf.o
    0x08009ff2   0x08009ff2   0x000000e2   Code   RO         9115    i.USBD_LL_DataInStage  usbd_core.o
    0x0800a0d4   0x0800a0d4   0x0000008e   Code   RO         9116    i.USBD_LL_DataOutStage  usbd_core.o
    0x0800a162   0x0800a162   0x00000006   Code   RO         9117    i.USBD_LL_DevConnected  usbd_core.o
    0x0800a168   0x0800a168   0x00000020   Code   RO         9118    i.USBD_LL_DevDisconnected  usbd_core.o
    0x0800a188   0x0800a188   0x00000012   Code   RO         1665    i.USBD_LL_GetRxDataSize  usbd_conf.o
    0x0800a19a   0x0800a19a   0x00000002   PAD
    0x0800a19c   0x0800a19c   0x00000070   Code   RO         1666    i.USBD_LL_Init      usbd_conf.o
    0x0800a20c   0x0800a20c   0x00000038   Code   RO         1667    i.USBD_LL_IsStallEP  usbd_conf.o
    0x0800a244   0x0800a244   0x00000030   Code   RO         9119    i.USBD_LL_IsoINIncomplete  usbd_core.o
    0x0800a274   0x0800a274   0x00000030   Code   RO         9120    i.USBD_LL_IsoOUTIncomplete  usbd_core.o
    0x0800a2a4   0x0800a2a4   0x00000030   Code   RO         1668    i.USBD_LL_OpenEP    usbd_conf.o
    0x0800a2d4   0x0800a2d4   0x00000030   Code   RO         1669    i.USBD_LL_PrepareReceive  usbd_conf.o
    0x0800a304   0x0800a304   0x0000006c   Code   RO         9121    i.USBD_LL_Reset     usbd_core.o
    0x0800a370   0x0800a370   0x00000016   Code   RO         9122    i.USBD_LL_Resume    usbd_core.o
    0x0800a386   0x0800a386   0x0000002c   Code   RO         9123    i.USBD_LL_SOF       usbd_core.o
    0x0800a3b2   0x0800a3b2   0x00000008   Code   RO         9124    i.USBD_LL_SetSpeed  usbd_core.o
    0x0800a3ba   0x0800a3ba   0x00000026   Code   RO         1670    i.USBD_LL_SetUSBAddress  usbd_conf.o
    0x0800a3e0   0x0800a3e0   0x00000076   Code   RO         9125    i.USBD_LL_SetupStage  usbd_core.o
    0x0800a456   0x0800a456   0x00000026   Code   RO         1671    i.USBD_LL_StallEP   usbd_conf.o
    0x0800a47c   0x0800a47c   0x0000001e   Code   RO         1672    i.USBD_LL_Start     usbd_conf.o
    0x0800a49a   0x0800a49a   0x00000014   Code   RO         9126    i.USBD_LL_Suspend   usbd_core.o
    0x0800a4ae   0x0800a4ae   0x00000030   Code   RO         1674    i.USBD_LL_Transmit  usbd_conf.o
    0x0800a4de   0x0800a4de   0x00000036   Code   RO         9262    i.USBD_ParseSetupRequest  usbd_ctlreq.o
    0x0800a514   0x0800a514   0x0000002e   Code   RO         9127    i.USBD_RegisterClass  usbd_core.o
    0x0800a542   0x0800a542   0x00000006   Code   RO         9128    i.USBD_RunTestMode  usbd_core.o
    0x0800a548   0x0800a548   0x0000005a   Code   RO         9263    i.USBD_SetAddress   usbd_ctlreq.o
    0x0800a5a2   0x0800a5a2   0x00000020   Code   RO         9129    i.USBD_SetClassConfig  usbd_core.o
    0x0800a5c2   0x0800a5c2   0x00000002   PAD
    0x0800a5c4   0x0800a5c4   0x000000fc   Code   RO         9264    i.USBD_SetConfig    usbd_ctlreq.o
    0x0800a6c0   0x0800a6c0   0x00000018   Code   RO         9265    i.USBD_SetFeature   usbd_ctlreq.o
    0x0800a6d8   0x0800a6d8   0x0000000c   Code   RO         9130    i.USBD_Start        usbd_core.o
    0x0800a6e4   0x0800a6e4   0x000000a6   Code   RO         9266    i.USBD_StdDevReq    usbd_ctlreq.o
    0x0800a78a   0x0800a78a   0x0000022c   Code   RO         9267    i.USBD_StdEPReq     usbd_ctlreq.o
    0x0800a9b6   0x0800a9b6   0x0000007e   Code   RO         9268    i.USBD_StdItfReq    usbd_ctlreq.o
    0x0800aa34   0x0800aa34   0x00000002   Code   RO         1675    i.USBD_static_free  usbd_conf.o
    0x0800aa36   0x0800aa36   0x00000002   PAD
    0x0800aa38   0x0800aa38   0x0000000c   Code   RO         1676    i.USBD_static_malloc  usbd_conf.o
    0x0800aa44   0x0800aa44   0x000000d0   Code   RO         2155    i.USB_ActivateEndpoint  stm32h7xx_ll_usb.o
    0x0800ab14   0x0800ab14   0x00000028   Code   RO         2157    i.USB_ActivateSetup  stm32h7xx_ll_usb.o
    0x0800ab3c   0x0800ab3c   0x00000098   Code   RO         2159    i.USB_CoreInit      stm32h7xx_ll_usb.o
    0x0800abd4   0x0800abd4   0x0000004c   Code   RO         2160    i.USB_CoreReset     stm32h7xx_ll_usb.o
    0x0800ac20   0x0800ac20   0x0000014c   Code   RO         2163    i.USB_DeactivateEndpoint  stm32h7xx_ll_usb.o
    0x0800ad6c   0x0800ad6c   0x00000024   Code   RO         2164    i.USB_DevConnect    stm32h7xx_ll_usb.o
    0x0800ad90   0x0800ad90   0x00000024   Code   RO         2165    i.USB_DevDisconnect  stm32h7xx_ll_usb.o
    0x0800adb4   0x0800adb4   0x000001d8   Code   RO         2166    i.USB_DevInit       stm32h7xx_ll_usb.o
    0x0800af8c   0x0800af8c   0x0000000e   Code   RO         2167    i.USB_DisableGlobalInt  stm32h7xx_ll_usb.o
    0x0800af9a   0x0800af9a   0x00000002   PAD
    0x0800af9c   0x0800af9c   0x000001d8   Code   RO         2170    i.USB_EP0StartXfer  stm32h7xx_ll_usb.o
    0x0800b174   0x0800b174   0x00000070   Code   RO         2171    i.USB_EP0_OutStart  stm32h7xx_ll_usb.o
    0x0800b1e4   0x0800b1e4   0x0000008e   Code   RO         2172    i.USB_EPClearStall  stm32h7xx_ll_usb.o
    0x0800b272   0x0800b272   0x0000009a   Code   RO         2173    i.USB_EPSetStall    stm32h7xx_ll_usb.o
    0x0800b30c   0x0800b30c   0x00000344   Code   RO         2174    i.USB_EPStartXfer   stm32h7xx_ll_usb.o
    0x0800b650   0x0800b650   0x0000000e   Code   RO         2175    i.USB_EnableGlobalInt  stm32h7xx_ll_usb.o
    0x0800b65e   0x0800b65e   0x00000002   PAD
    0x0800b660   0x0800b660   0x0000002c   Code   RO         2176    i.USB_FlushRxFifo   stm32h7xx_ll_usb.o
    0x0800b68c   0x0800b68c   0x00000030   Code   RO         2177    i.USB_FlushTxFifo   stm32h7xx_ll_usb.o
    0x0800b6bc   0x0800b6bc   0x00000026   Code   RO         2179    i.USB_GetDevSpeed   stm32h7xx_ll_usb.o
    0x0800b6e2   0x0800b6e2   0x0000000a   Code   RO         2181    i.USB_GetMode       stm32h7xx_ll_usb.o
    0x0800b6ec   0x0800b6ec   0x00000014   Code   RO         2188    i.USB_ReadDevAllInEpInterrupt  stm32h7xx_ll_usb.o
    0x0800b700   0x0800b700   0x00000014   Code   RO         2189    i.USB_ReadDevAllOutEpInterrupt  stm32h7xx_ll_usb.o
    0x0800b714   0x0800b714   0x00000032   Code   RO         2190    i.USB_ReadDevInEPInterrupt  stm32h7xx_ll_usb.o
    0x0800b746   0x0800b746   0x0000001a   Code   RO         2191    i.USB_ReadDevOutEPInterrupt  stm32h7xx_ll_usb.o
    0x0800b760   0x0800b760   0x0000000a   Code   RO         2192    i.USB_ReadInterrupts  stm32h7xx_ll_usb.o
    0x0800b76a   0x0800b76a   0x00000060   Code   RO         2193    i.USB_ReadPacket    stm32h7xx_ll_usb.o
    0x0800b7ca   0x0800b7ca   0x00000036   Code   RO         2195    i.USB_SetCurrentMode  stm32h7xx_ll_usb.o
    0x0800b800   0x0800b800   0x0000002a   Code   RO         2196    i.USB_SetDevAddress  stm32h7xx_ll_usb.o
    0x0800b82a   0x0800b82a   0x00000012   Code   RO         2197    i.USB_SetDevSpeed   stm32h7xx_ll_usb.o
    0x0800b83c   0x0800b83c   0x000000e8   Code   RO         2198    i.USB_SetTurnaroundTime  stm32h7xx_ll_usb.o
    0x0800b924   0x0800b924   0x00000044   Code   RO         2201    i.USB_WritePacket   stm32h7xx_ll_usb.o
    0x0800b968   0x0800b968   0x00000004   Code   RO          587    i.UsageFault_Handler  stm32h7xx_it.o
    0x0800b96c   0x0800b96c   0x00000010   Code   RO         3893    i.__NVIC_GetPriorityGrouping  stm32h7xx_hal_cortex.o
    0x0800b97c   0x0800b97c   0x00000028   Code   RO         3894    i.__NVIC_SetPriority  stm32h7xx_hal_cortex.o
    0x0800b9a4   0x0800b9a4   0x00000006   Code   RO         8452    i.__get_IPSR        cmsis_os2.o
    0x0800b9aa   0x0800b9aa   0x0000000e   Code   RO         9778    i.__scatterload_copy  mc_w.l(handlers.o)
    0x0800b9b8   0x0800b9b8   0x00000002   Code   RO         9779    i.__scatterload_null  mc_w.l(handlers.o)
    0x0800b9ba   0x0800b9ba   0x0000000e   Code   RO         9780    i.__scatterload_zeroinit  mc_w.l(handlers.o)
    0x0800b9c8   0x0800b9c8   0x00000044   Code   RO          774    i.debug_task        debug_task.o
    0x0800ba0c   0x0800ba0c   0x00000178   Code   RO           17    i.main              main.o
    0x0800bb84   0x0800bb84   0x00000046   Code   RO         8463    i.osKernelGetSysTimerCount  cmsis_os2.o
    0x0800bbca   0x0800bbca   0x00000002   PAD
    0x0800bbcc   0x0800bbcc   0x0000002c   Code   RO         8467    i.osKernelInitialize  cmsis_os2.o
    0x0800bbf8   0x0800bbf8   0x00000060   Code   RO         8470    i.osKernelStart     cmsis_os2.o
    0x0800bc58   0x0800bc58   0x000000b8   Code   RO         8512    i.osThreadNew       cmsis_os2.o
    0x0800bd10   0x0800bd10   0x0000007c   Code   RO         7887    i.prvAddCurrentTaskToDelayedList  tasks.o
    0x0800bd8c   0x0800bd8c   0x000000b8   Code   RO         7888    i.prvAddNewTaskToReadyList  tasks.o
    0x0800be44   0x0800be44   0x00000074   Code   RO         8263    i.prvCheckForValidListAndQueue  timers.o
    0x0800beb8   0x0800beb8   0x00000048   Code   RO         7889    i.prvCheckTasksWaitingTermination  tasks.o
    0x0800bf00   0x0800bf00   0x0000002a   Code   RO         7474    i.prvCopyDataFromQueue  queue.o
    0x0800bf2a   0x0800bf2a   0x0000007e   Code   RO         7475    i.prvCopyDataToQueue  queue.o
    0x0800bfa8   0x0800bfa8   0x00000050   Code   RO         7890    i.prvDeleteTCB      tasks.o
    0x0800bff8   0x0800bff8   0x00000028   Code   RO         8264    i.prvGetNextExpireTime  timers.o
    0x0800c020   0x0800c020   0x0000007c   Code   RO         8977    i.prvHeapInit       heap_4.o
    0x0800c09c   0x0800c09c   0x00000028   Code   RO         7891    i.prvIdleTask       tasks.o
    0x0800c0c4   0x0800c0c4   0x0000002a   Code   RO         7478    i.prvInitialiseNewQueue  queue.o
    0x0800c0ee   0x0800c0ee   0x000000be   Code   RO         7892    i.prvInitialiseNewTask  tasks.o
    0x0800c1ac   0x0800c1ac   0x00000068   Code   RO         7893    i.prvInitialiseTaskLists  tasks.o
    0x0800c214   0x0800c214   0x00000068   Code   RO         8978    i.prvInsertBlockIntoFreeList  heap_4.o
    0x0800c27c   0x0800c27c   0x00000058   Code   RO         8266    i.prvInsertTimerInActiveList  timers.o
    0x0800c2d4   0x0800c2d4   0x0000001a   Code   RO         7479    i.prvIsQueueEmpty   queue.o
    0x0800c2ee   0x0800c2ee   0x0000001e   Code   RO         7480    i.prvIsQueueFull    queue.o
    0x0800c30c   0x0800c30c   0x00000074   Code   RO         8267    i.prvProcessExpiredTimer  timers.o
    0x0800c380   0x0800c380   0x00000164   Code   RO         8268    i.prvProcessReceivedCommands  timers.o
    0x0800c4e4   0x0800c4e4   0x00000074   Code   RO         8269    i.prvProcessTimerOrBlockTask  timers.o
    0x0800c558   0x0800c558   0x00000034   Code   RO         7895    i.prvResetNextTaskUnblockTime  tasks.o
    0x0800c58c   0x0800c58c   0x0000002c   Code   RO         8270    i.prvSampleTimeNow  timers.o
    0x0800c5b8   0x0800c5b8   0x000000a4   Code   RO         8271    i.prvSwitchTimerLists  timers.o
    0x0800c65c   0x0800c65c   0x00000040   Code   RO         9033    i.prvTaskExitError  port.o
    0x0800c69c   0x0800c69c   0x0000001a   Code   RO         8272    i.prvTimerTask      timers.o
    0x0800c6b6   0x0800c6b6   0x0000007e   Code   RO         7481    i.prvUnlockQueue    queue.o
    0x0800c734   0x0800c734   0x0000014c   Code   RO         8979    i.pvPortMalloc      heap_4.o
    0x0800c880   0x0800c880   0x0000002c   Code   RO         9034    i.pxPortInitialiseStack  port.o
    0x0800c8ac   0x0800c8ac   0x00000018   Code   RO         1376    i.usTime_Start      us_time.o
    0x0800c8c4   0x0800c8c4   0x00000028   Code   RO         7434    i.uxListRemove      list.o
    0x0800c8ec   0x0800c8ec   0x00000018   Code   RO         8524    i.vApplicationGetIdleTaskMemory  cmsis_os2.o
    0x0800c904   0x0800c904   0x00000018   Code   RO         8525    i.vApplicationGetTimerTaskMemory  cmsis_os2.o
    0x0800c91c   0x0800c91c   0x0000001a   Code   RO         7435    i.vListInitialise   list.o
    0x0800c936   0x0800c936   0x00000006   Code   RO         7436    i.vListInitialiseItem  list.o
    0x0800c93c   0x0800c93c   0x00000034   Code   RO         7437    i.vListInsert       list.o
    0x0800c970   0x0800c970   0x00000018   Code   RO         7438    i.vListInsertEnd    list.o
    0x0800c988   0x0800c988   0x00000054   Code   RO         9036    i.vPortEnterCritical  port.o
    0x0800c9dc   0x0800c9dc   0x0000003c   Code   RO         9037    i.vPortExitCritical  port.o
    0x0800ca18   0x0800ca18   0x000000a4   Code   RO         8980    i.vPortFree         heap_4.o
    0x0800cabc   0x0800cabc   0x00000028   Code   RO         9038    i.vPortSetupTimerInterrupt  port.o
    0x0800cae4   0x0800cae4   0x00000078   Code   RO         9039    i.vPortValidateInterruptPriority  port.o
    0x0800cb5c   0x0800cb5c   0x0000002c   Code   RO         7487    i.vQueueAddToRegistry  queue.o
    0x0800cb88   0x0800cb88   0x0000004a   Code   RO         7491    i.vQueueWaitForMessageRestricted  queue.o
    0x0800cbd2   0x0800cbd2   0x00000002   PAD
    0x0800cbd4   0x0800cbd4   0x000000d4   Code   RO         7909    i.vTaskDelayUntil   tasks.o
    0x0800cca8   0x0800cca8   0x00000018   Code   RO         7913    i.vTaskInternalSetTimeOutState  tasks.o
    0x0800ccc0   0x0800ccc0   0x0000000c   Code   RO         7914    i.vTaskMissedYield  tasks.o
    0x0800cccc   0x0800cccc   0x00000038   Code   RO         7916    i.vTaskPlaceOnEventList  tasks.o
    0x0800cd04   0x0800cd04   0x00000040   Code   RO         7917    i.vTaskPlaceOnEventListRestricted  tasks.o
    0x0800cd44   0x0800cd44   0x000000b8   Code   RO         7925    i.vTaskStartScheduler  tasks.o
    0x0800cdfc   0x0800cdfc   0x00000010   Code   RO         7927    i.vTaskSuspendAll   tasks.o
    0x0800ce0c   0x0800ce0c   0x00000090   Code   RO         7928    i.vTaskSwitchContext  tasks.o
    0x0800ce9c   0x0800ce9c   0x00000168   Code   RO         9040    i.xPortStartScheduler  port.o
    0x0800d004   0x0800d004   0x00000034   Code   RO         9041    i.xPortSysTickHandler  port.o
    0x0800d038   0x0800d038   0x000000e0   Code   RO         7497    i.xQueueGenericCreateStatic  queue.o
    0x0800d118   0x0800d118   0x00000098   Code   RO         7498    i.xQueueGenericReset  queue.o
    0x0800d1b0   0x0800d1b0   0x000001a8   Code   RO         7499    i.xQueueGenericSend  queue.o
    0x0800d358   0x0800d358   0x000000fc   Code   RO         7500    i.xQueueGenericSendFromISR  queue.o
    0x0800d454   0x0800d454   0x00000168   Code   RO         7509    i.xQueueReceive     queue.o
    0x0800d5bc   0x0800d5bc   0x0000008c   Code   RO         7930    i.xTaskCheckForTimeOut  tasks.o
    0x0800d648   0x0800d648   0x00000064   Code   RO         7931    i.xTaskCreate       tasks.o
    0x0800d6ac   0x0800d6ac   0x000000ba   Code   RO         7932    i.xTaskCreateStatic  tasks.o
    0x0800d766   0x0800d766   0x00000002   PAD
    0x0800d768   0x0800d768   0x00000020   Code   RO         7936    i.xTaskGetSchedulerState  tasks.o
    0x0800d788   0x0800d788   0x0000000c   Code   RO         7937    i.xTaskGetTickCount  tasks.o
    0x0800d794   0x0800d794   0x00000144   Code   RO         7939    i.xTaskIncrementTick  tasks.o
    0x0800d8d8   0x0800d8d8   0x000000a4   Code   RO         7942    i.xTaskPriorityDisinherit  tasks.o
    0x0800d97c   0x0800d97c   0x00000098   Code   RO         7944    i.xTaskRemoveFromEventList  tasks.o
    0x0800da14   0x0800da14   0x00000104   Code   RO         7945    i.xTaskResumeAll    tasks.o
    0x0800db18   0x0800db18   0x00000078   Code   RO         8281    i.xTimerCreateTimerTask  timers.o
    0x0800db90   0x0800db90   0x00000084   Code   RO         8282    i.xTimerGenericCommand  timers.o
    0x0800dc14   0x0800dc14   0x00000048   Data   RO          313    .constdata          freertos.o
    0x0800dc5c   0x0800dc5c   0x00000008   Data   RO         3196    .constdata          stm32h7xx_hal_dma.o
    0x0800dc64   0x0800dc64   0x0000005c   Data   RO         5056    .constdata          stm32h7xx_hal_fdcan.o
    0x0800dcc0   0x0800dcc0   0x00000018   Data   RO         6800    .constdata          stm32h7xx_hal_uart.o
    0x0800dcd8   0x0800dcd8   0x00000010   Data   RO         7170    .constdata          stm32h7xx_hal_uart_ex.o
    0x0800dce8   0x0800dce8   0x00000010   Data   RO         7274    .constdata          system_stm32h7xx.o
    0x0800dcf8   0x0800dcf8   0x00000018   Data   RO          314    .conststring        freertos.o
    0x0800dd10   0x0800dd10   0x00000020   Data   RO         9776    Region$$Table       anon$$obj.o


    Execution Region RW_IRAM1 (Exec base: 0x20000000, Load base: 0x0800dd30, Size: 0x00000000, Max: 0x00020000, ABSOLUTE)

    **** No section assigned to this execution region ****


    Execution Region RW_IRAM2 (Exec base: 0x24000000, Load base: 0x0800dd30, Size: 0x000084f8, Max: 0x00050000, ABSOLUTE, COMPRESSED[0x000000dc])

    Exec Addr    Load Addr    Size         Type   Attr      Idx    E Section Name        Object

    0x24000000   COMPRESSED   0x00000008   Data   RW          315    .data               freertos.o
    0x24000008   COMPRESSED   0x00000004   Data   RW          387    .data               fdcan.o
    0x2400000c   COMPRESSED   0x00000018   Data   RW          836    .data               can_comm.o
    0x24000024   COMPRESSED   0x0000005e   Data   RW         1503    .data               usbd_desc.o
    0x24000082   COMPRESSED   0x00000002   PAD
    0x24000084   COMPRESSED   0x00000014   Data   RW         1592    .data               usbd_cdc_if.o
    0x24000098   COMPRESSED   0x00000009   Data   RW         4074    .data               stm32h7xx_hal.o
    0x240000a1   COMPRESSED   0x00000003   PAD
    0x240000a4   COMPRESSED   0x00000008   Data   RW         7275    .data               system_stm32h7xx.o
    0x240000ac   COMPRESSED   0x0000003c   Data   RW         7948    .data               tasks.o
    0x240000e8   COMPRESSED   0x00000014   Data   RW         8290    .data               timers.o
    0x240000fc   COMPRESSED   0x00000004   Data   RW         8527    .data               cmsis_os2.o
    0x24000100   COMPRESSED   0x00000020   Data   RW         8986    .data               heap_4.o
    0x24000120   COMPRESSED   0x0000000c   Data   RW         9042    .data               port.o
    0x2400012c   COMPRESSED   0x00000001   Data   RW         9269    .data               usbd_ctlreq.o
    0x2400012d   COMPRESSED   0x00000003   PAD
    0x24000130   COMPRESSED   0x0000010f   Data   RW         9440    .data               usbd_cdc.o
    0x2400023f   COMPRESSED   0x00000001   PAD
    0x24000240        -       0x000001e0   Zero   RW          386    .bss                fdcan.o
    0x24000420        -       0x00000014   Zero   RW          439    .bss                rng.o
    0x24000434        -       0x0000004c   Zero   RW          481    .bss                tim.o
    0x24000480        -       0x00000300   Zero   RW          524    .bss                usart.o
    0x24000780        -       0x0000004c   Zero   RW          737    .bss                stm32h7xx_hal_timebase_tim.o
    0x240007cc        -       0x0000004c   Zero   RW          775    .bss                debug_task.o
    0x24000818        -       0x0000009c   Zero   RW          835    .bss                can_comm.o
    0x240008b4        -       0x00000038   Zero   RW          898    .bss                usart_comm.o
    0x240008ec        -       0x00000016   Zero   RW          947    .bss                dt7control_driver.o
    0x24000902   COMPRESSED   0x00000002   PAD
    0x24000904        -       0x00000018   Zero   RW          977    .bss                timu_driver.o
    0x2400091c        -       0x0000000c   Zero   RW         1377    .bss                us_time.o
    0x24000928        -       0x000002d0   Zero   RW         1441    .bss                usb_device.o
    0x24000bf8        -       0x00000200   Zero   RW         1502    .bss                usbd_desc.o
    0x24000df8        -       0x00000800   Zero   RW         1591    .bss                usbd_cdc_if.o
    0x240015f8        -       0x00000628   Zero   RW         1677    .bss                usbd_conf.o
    0x24001c20        -       0x00000040   Zero   RW         7513    .bss                queue.o
    0x24001c60        -       0x000004c4   Zero   RW         7947    .bss                tasks.o
    0x24002124        -       0x00000118   Zero   RW         8289    .bss                timers.o
    0x2400223c        -       0x000006b8   Zero   RW         8526    .bss                cmsis_os2.o
    0x240028f4        -       0x00003c00   Zero   RW         8985    .bss                heap_4.o
    0x240064f4   COMPRESSED   0x00000004   PAD
    0x240064f8        -       0x00002000   Zero   RW            1    STACK               startup_stm32h723xx.o


==============================================================================

Image component sizes


      Code (inc. data)   RO Data    RW Data    ZI Data      Debug   Object Name

       356         60          0         24        156       2965   can_comm.o
       504         38          0          4       1720      69256   cmsis_os2.o
        68         14          0          0         76       5931   debug_task.o
       100          4          0          0          0        922   dma.o
       336          0          0          0         22       2434   dt7control_driver.o
         0          0          0          0          0      18040   event_groups.o
       908         56          0          4        480       3573   fdcan.o
       100         28         96          8          0       2078   freertos.o
        44          6          0          0          0       3559   func_generator.o
       344         26          0          0          0       1259   gpio.o
       724         74          0         32      15360       5047   heap_4.o
       148          0          0          0          0       3750   list.o
       720         24          0          0          0    1275363   main.o
      1014         92          0         12          0      11897   port.o
      1922         20          0          0         64      17664   queue.o
       120         18          0          0         20       1755   rng.o
        36          8        716          0       8192        844   startup_stm32h723xx.o
       172         34          0          9          0      23046   stm32h7xx_hal.o
       458         38          0          0          0      41640   stm32h7xx_hal_cortex.o
      8656        162          8          0          0      14133   stm32h7xx_hal_dma.o
      3254         46         92          0          0      20932   stm32h7xx_hal_fdcan.o
       520         50          0          0          0       2488   stm32h7xx_hal_gpio.o
        48          6          0          0          0        958   stm32h7xx_hal_msp.o
      3308         14          0          0          0      13173   stm32h7xx_hal_pcd.o
       130          4          0          0          0       3253   stm32h7xx_hal_pcd_ex.o
       116         12          0          0          0       1358   stm32h7xx_hal_pwr_ex.o
      3406        130          0          0          0       9268   stm32h7xx_hal_rcc.o
      4640        112          0          0          0       7269   stm32h7xx_hal_rcc_ex.o
       224         10          0          0          0       1419   stm32h7xx_hal_rng.o
      1414        102          0          0          0       9931   stm32h7xx_hal_tim.o
       234         38          0          0          0       3280   stm32h7xx_hal_tim_ex.o
       148         20          0          0         76       1631   stm32h7xx_hal_timebase_tim.o
      4284        182         24          0          0      37481   stm32h7xx_hal_uart.o
       360         10         16          0          0       5618   stm32h7xx_hal_uart_ex.o
       258         80          0          0          0      10051   stm32h7xx_it.o
      3872        108          0          0          0      23066   stm32h7xx_ll_usb.o
         0          0          0          0          0        424   stream_buffer.o
       232         32         16          8          0       1470   system_stm32h7xx.o
      2928        348          0         60       1220      28231   tasks.o
       172         10          0          0         76       1838   tim.o
      1318        124          0         20        280      33167   timers.o
       240         12          0          0         24       1945   timu_driver.o
        24          4          0          0         12       1513   us_time.o
       808         64          0          0        768       3067   usart.o
       364         74          0          0         56       3113   usart_comm.o
        80         16          0          0        720       2619   usb_device.o
      1062         24          0        271          0      14109   usbd_cdc.o
       216         24          0         20       2048       4464   usbd_cdc_if.o
       984         30          0          0       1576      17952   usbd_conf.o
      1004          0          0          0          0      13761   usbd_core.o
      2216         20          0          1          0      17592   usbd_ctlreq.o
       386        122          0         94        512       7169   usbd_desc.o
       174          0          0          0          0       4900   usbd_ioreq.o

    ----------------------------------------------------------------------
     55216       2530       1000        576      33464    1813666   Object Totals
         0          0         32          0          0          0   (incl. Generated)
        62          0          0          9          6          0   (incl. Padding)

    ----------------------------------------------------------------------

      Code (inc. data)   RO Data    RW Data    ZI Data      Debug   Library Member Name

        86          0          0          0          0          0   __dczerorl2.o
         0          0          0          0          0          0   entry.o
         0          0          0          0          0          0   entry10a.o
         0          0          0          0          0          0   entry11a.o
         4          0          0          0          0          0   entry12b.o
         8          4          0          0          0          0   entry2.o
         4          0          0          0          0          0   entry5.o
         0          0          0          0          0          0   entry7b.o
         0          0          0          0          0          0   entry8b.o
         8          4          0          0          0          0   entry9a.o
        30          0          0          0          0          0   handlers.o
        36          8          0          0          0         68   init.o
        30          0          0          0          0         68   llshl.o
        32          0          0          0          0         68   llushr.o
        36          0          0          0          0         68   memcpya.o
        36          0          0          0          0        108   memseta.o
        98          0          0          0          0         92   uldiv.o

    ----------------------------------------------------------------------
       408         16          0          0          0        472   Library Totals
         0          0          0          0          0          0   (incl. Padding)

    ----------------------------------------------------------------------

      Code (inc. data)   RO Data    RW Data    ZI Data      Debug   Library Name

       408         16          0          0          0        472   mc_w.l

    ----------------------------------------------------------------------
       408         16          0          0          0        472   Library Totals

    ----------------------------------------------------------------------

==============================================================================


      Code (inc. data)   RO Data    RW Data    ZI Data      Debug   

     55624       2546       1000        576      33464    1776066   Grand Totals
     55624       2546       1000        220      33464    1776066   ELF Image Totals (compressed)
     55624       2546       1000        220          0          0   ROM Totals

==============================================================================

    Total RO  Size (Code + RO Data)                56624 (  55.30kB)
    Total RW  Size (RW Data + ZI Data)             34040 (  33.24kB)
    Total ROM Size (Code + RO Data + RW Data)      56844 (  55.51kB)

==============================================================================

