Component: ARM Compiler 5.06 update 7 (build 960) Tool: armlink [4d3601]

==============================================================================

Section Cross References

    stm32h7xx_hal_pcd.o(i.HAL_PCD_ActivateRemoteWakeup) refers to stm32h7xx_ll_usb.o(i.USB_ActivateRemoteWakeup) for USB_ActivateRemoteWakeup
    stm32h7xx_hal_pcd.o(i.HAL_PCD_DeActivateRemoteWakeup) refers to stm32h7xx_ll_usb.o(i.USB_DeActivateRemoteWakeup) for USB_DeActivateRemoteWakeup
    stm32h7xx_hal_pcd.o(i.HAL_PCD_DeInit) refers to stm32h7xx_hal_pcd.o(i.HAL_PCD_Stop) for HAL_PCD_Stop
    stm32h7xx_hal_pcd.o(i.HAL_PCD_DeInit) refers to usbd_conf.o(i.HAL_PCD_MspDeInit) for HAL_PCD_MspDeInit
    stm32h7xx_hal_pcd.o(i.HAL_PCD_DevConnect) refers to stm32h7xx_ll_usb.o(i.USB_DevConnect) for USB_DevConnect
    stm32h7xx_hal_pcd.o(i.HAL_PCD_DevDisconnect) refers to stm32h7xx_ll_usb.o(i.USB_DevDisconnect) for USB_DevDisconnect
    stm32h7xx_hal_pcd.o(i.HAL_PCD_EP_Close) refers to stm32h7xx_ll_usb.o(i.USB_DeactivateEndpoint) for USB_DeactivateEndpoint
    stm32h7xx_hal_pcd.o(i.HAL_PCD_EP_ClrStall) refers to stm32h7xx_ll_usb.o(i.USB_EPClearStall) for USB_EPClearStall
    stm32h7xx_hal_pcd.o(i.HAL_PCD_EP_Flush) refers to stm32h7xx_ll_usb.o(i.USB_FlushTxFifo) for USB_FlushTxFifo
    stm32h7xx_hal_pcd.o(i.HAL_PCD_EP_Flush) refers to stm32h7xx_ll_usb.o(i.USB_FlushRxFifo) for USB_FlushRxFifo
    stm32h7xx_hal_pcd.o(i.HAL_PCD_EP_Open) refers to stm32h7xx_ll_usb.o(i.USB_ActivateEndpoint) for USB_ActivateEndpoint
    stm32h7xx_hal_pcd.o(i.HAL_PCD_EP_Receive) refers to stm32h7xx_ll_usb.o(i.USB_EPStartXfer) for USB_EPStartXfer
    stm32h7xx_hal_pcd.o(i.HAL_PCD_EP_Receive) refers to stm32h7xx_ll_usb.o(i.USB_EP0StartXfer) for USB_EP0StartXfer
    stm32h7xx_hal_pcd.o(i.HAL_PCD_EP_SetStall) refers to stm32h7xx_ll_usb.o(i.USB_EPSetStall) for USB_EPSetStall
    stm32h7xx_hal_pcd.o(i.HAL_PCD_EP_SetStall) refers to stm32h7xx_ll_usb.o(i.USB_EP0_OutStart) for USB_EP0_OutStart
    stm32h7xx_hal_pcd.o(i.HAL_PCD_EP_Transmit) refers to stm32h7xx_ll_usb.o(i.USB_EPStartXfer) for USB_EPStartXfer
    stm32h7xx_hal_pcd.o(i.HAL_PCD_EP_Transmit) refers to stm32h7xx_ll_usb.o(i.USB_EP0StartXfer) for USB_EP0StartXfer
    stm32h7xx_hal_pcd.o(i.HAL_PCD_IRQHandler) refers to stm32h7xx_ll_usb.o(i.USB_GetMode) for USB_GetMode
    stm32h7xx_hal_pcd.o(i.HAL_PCD_IRQHandler) refers to stm32h7xx_ll_usb.o(i.USB_ReadInterrupts) for USB_ReadInterrupts
    stm32h7xx_hal_pcd.o(i.HAL_PCD_IRQHandler) refers to stm32h7xx_ll_usb.o(i.USB_ReadPacket) for USB_ReadPacket
    stm32h7xx_hal_pcd.o(i.HAL_PCD_IRQHandler) refers to stm32h7xx_ll_usb.o(i.USB_ReadDevAllOutEpInterrupt) for USB_ReadDevAllOutEpInterrupt
    stm32h7xx_hal_pcd.o(i.HAL_PCD_IRQHandler) refers to stm32h7xx_ll_usb.o(i.USB_ReadDevOutEPInterrupt) for USB_ReadDevOutEPInterrupt
    stm32h7xx_hal_pcd.o(i.HAL_PCD_IRQHandler) refers to stm32h7xx_hal_pcd.o(i.PCD_EP_OutXfrComplete_int) for PCD_EP_OutXfrComplete_int
    stm32h7xx_hal_pcd.o(i.HAL_PCD_IRQHandler) refers to usbd_conf.o(i.HAL_PCD_SetupStageCallback) for HAL_PCD_SetupStageCallback
    stm32h7xx_hal_pcd.o(i.HAL_PCD_IRQHandler) refers to stm32h7xx_ll_usb.o(i.USB_EP0_OutStart) for USB_EP0_OutStart
    stm32h7xx_hal_pcd.o(i.HAL_PCD_IRQHandler) refers to stm32h7xx_ll_usb.o(i.USB_ReadDevAllInEpInterrupt) for USB_ReadDevAllInEpInterrupt
    stm32h7xx_hal_pcd.o(i.HAL_PCD_IRQHandler) refers to stm32h7xx_ll_usb.o(i.USB_ReadDevInEPInterrupt) for USB_ReadDevInEPInterrupt
    stm32h7xx_hal_pcd.o(i.HAL_PCD_IRQHandler) refers to usbd_conf.o(i.HAL_PCD_DataInStageCallback) for HAL_PCD_DataInStageCallback
    stm32h7xx_hal_pcd.o(i.HAL_PCD_IRQHandler) refers to stm32h7xx_hal_pcd.o(i.PCD_WriteEmptyTxFifo) for PCD_WriteEmptyTxFifo
    stm32h7xx_hal_pcd.o(i.HAL_PCD_IRQHandler) refers to usbd_conf.o(i.HAL_PCD_ResumeCallback) for HAL_PCD_ResumeCallback
    stm32h7xx_hal_pcd.o(i.HAL_PCD_IRQHandler) refers to usbd_conf.o(i.HAL_PCD_SuspendCallback) for HAL_PCD_SuspendCallback
    stm32h7xx_hal_pcd.o(i.HAL_PCD_IRQHandler) refers to stm32h7xx_ll_usb.o(i.USB_FlushTxFifo) for USB_FlushTxFifo
    stm32h7xx_hal_pcd.o(i.HAL_PCD_IRQHandler) refers to stm32h7xx_hal_pcd_ex.o(i.HAL_PCDEx_LPM_Callback) for HAL_PCDEx_LPM_Callback
    stm32h7xx_hal_pcd.o(i.HAL_PCD_IRQHandler) refers to stm32h7xx_ll_usb.o(i.USB_ActivateSetup) for USB_ActivateSetup
    stm32h7xx_hal_pcd.o(i.HAL_PCD_IRQHandler) refers to stm32h7xx_ll_usb.o(i.USB_GetDevSpeed) for USB_GetDevSpeed
    stm32h7xx_hal_pcd.o(i.HAL_PCD_IRQHandler) refers to stm32h7xx_hal_rcc.o(i.HAL_RCC_GetHCLKFreq) for HAL_RCC_GetHCLKFreq
    stm32h7xx_hal_pcd.o(i.HAL_PCD_IRQHandler) refers to stm32h7xx_ll_usb.o(i.USB_SetTurnaroundTime) for USB_SetTurnaroundTime
    stm32h7xx_hal_pcd.o(i.HAL_PCD_IRQHandler) refers to usbd_conf.o(i.HAL_PCD_ResetCallback) for HAL_PCD_ResetCallback
    stm32h7xx_hal_pcd.o(i.HAL_PCD_IRQHandler) refers to usbd_conf.o(i.HAL_PCD_SOFCallback) for HAL_PCD_SOFCallback
[...]
    HAL_FDCAN_TT_GlobalTimeCallback          0x08002b0f   Thumb Code     2  stm32h7xx_hal_fdcan.o(i.HAL_FDCAN_TT_GlobalTimeCallback)
    HAL_FDCAN_TT_ScheduleSyncCallback        0x08002b11   Thumb Code     2  stm32h7xx_hal_fdcan.o(i.HAL_FDCAN_TT_ScheduleSyncCallback)
    HAL_FDCAN_TT_StopWatchCallback           0x08002b13   Thumb Code     2  stm32h7xx_hal_fdcan.o(i.HAL_FDCAN_TT_StopWatchCallback)
    HAL_FDCAN_TT_TimeMarkCallback            0x08002b15   Thumb Code     2  stm32h7xx_hal_fdcan.o(i.HAL_FDCAN_TT_TimeMarkCallback)
    HAL_FDCAN_TimeoutOccurredCallback        0x08002b17   Thumb Code     2  stm32h7xx_hal_fdcan.o(i.HAL_FDCAN_TimeoutOccurredCallback)
    HAL_FDCAN_TimestampWraparoundCallback    0x08002b19   Thumb Code     2  stm32h7xx_hal_fdcan.o(i.HAL_FDCAN_TimestampWraparoundCallback)
    HAL_FDCAN_TxBufferAbortCallback          0x08002b1b   Thumb Code     2  stm32h7xx_hal_fdcan.o(i.HAL_FDCAN_TxBufferAbortCallback)
    HAL_FDCAN_TxBufferCompleteCallback       0x08002b1d   Thumb Code     2  stm32h7xx_hal_fdcan.o(i.HAL_FDCAN_TxBufferCompleteCallback)
    HAL_FDCAN_TxEventFifoCallback            0x08002b1f   Thumb Code     2  stm32h7xx_hal_fdcan.o(i.HAL_FDCAN_TxEventFifoCallback)
    HAL_FDCAN_TxFifoEmptyCallback            0x08002b21   Thumb Code     2  stm32h7xx_hal_fdcan.o(i.HAL_FDCAN_TxFifoEmptyCallback)
    HAL_GPIO_Init                            0x08002b25   Thumb Code   496  stm32h7xx_hal_gpio.o(i.HAL_GPIO_Init)
    HAL_GPIO_WritePin                        0x08002d41   Thumb Code    10  stm32h7xx_hal_gpio.o(i.HAL_GPIO_WritePin)
    HAL_GetTick                              0x08002d4d   Thumb Code     6  stm32h7xx_hal.o(i.HAL_GetTick)
    HAL_IncTick                              0x08002d59   Thumb Code    12  stm32h7xx_hal.o(i.HAL_IncTick)
    HAL_Init                                 0x08002d69   Thumb Code    74  stm32h7xx_hal.o(i.HAL_Init)
    HAL_InitTick                             0x08002dc5   Thumb Code   110  stm32h7xx_hal_timebase_tim.o(i.HAL_InitTick)
    HAL_MPU_ConfigRegion                     0x08002e49   Thumb Code    86  stm32h7xx_hal_cortex.o(i.HAL_MPU_ConfigRegion)
    HAL_MPU_Disable                          0x08002ea5   Thumb Code    24  stm32h7xx_hal_cortex.o(i.HAL_MPU_Disable)
    HAL_MPU_Enable                           0x08002ec1   Thumb Code    30  stm32h7xx_hal_cortex.o(i.HAL_MPU_Enable)
    HAL_MspInit                              0x08002ee5   Thumb Code    32  stm32h7xx_hal_msp.o(i.HAL_MspInit)
    HAL_NVIC_EnableIRQ                       0x08002f09   Thumb Code    26  stm32h7xx_hal_cortex.o(i.HAL_NVIC_EnableIRQ)
    HAL_NVIC_SetPriority                     0x08002f25   Thumb Code    60  stm32h7xx_hal_cortex.o(i.HAL_NVIC_SetPriority)
    HAL_NVIC_SetPriorityGrouping             0x08002f65   Thumb Code    28  stm32h7xx_hal_cortex.o(i.HAL_NVIC_SetPriorityGrouping)
    HAL_PCDEx_ActivateLPM                    0x08002f89   Thumb Code    34  stm32h7xx_hal_pcd_ex.o(i.HAL_PCDEx_ActivateLPM)
    HAL_PCDEx_LPM_Callback                   0x08002fb1   Thumb Code     2  stm32h7xx_hal_pcd_ex.o(i.HAL_PCDEx_LPM_Callback)
    HAL_PCDEx_SetRxFiFo                      0x08002fb3   Thumb Code     8  stm32h7xx_hal_pcd_ex.o(i.HAL_PCDEx_SetRxFiFo)
    HAL_PCDEx_SetTxFiFo                      0x08002fbb   Thumb Code    70  stm32h7xx_hal_pcd_ex.o(i.HAL_PCDEx_SetTxFiFo)
    HAL_PCD_ConnectCallback                  0x08003001   Thumb Code     8  usbd_conf.o(i.HAL_PCD_ConnectCallback)
    HAL_PCD_DataInStageCallback              0x08003009   Thumb Code    18  usbd_conf.o(i.HAL_PCD_DataInStageCallback)
    HAL_PCD_DataOutStageCallback             0x0800301b   Thumb Code    20  usbd_conf.o(i.HAL_PCD_DataOutStageCallback)
    HAL_PCD_DisconnectCallback               0x0800302f   Thumb Code     8  usbd_conf.o(i.HAL_PCD_DisconnectCallback)
    HAL_PCD_EP_Close                         0x08003037   Thumb Code    76  stm32h7xx_hal_pcd.o(i.HAL_PCD_EP_Close)
    HAL_PCD_EP_ClrStall                      0x08003083   Thumb Code    92  stm32h7xx_hal_pcd.o(i.HAL_PCD_EP_ClrStall)
    HAL_PCD_EP_GetRxCount                    0x080030df   Thumb Code    18  stm32h7xx_hal_pcd.o(i.HAL_PCD_EP_GetRxCount)
    HAL_PCD_EP_Open                          0x080030f1   Thumb Code    96  stm32h7xx_hal_pcd.o(i.HAL_PCD_EP_Open)
    HAL_PCD_EP_Receive                       0x08003151   Thumb Code    68  stm32h7xx_hal_pcd.o(i.HAL_PCD_EP_Receive)
    HAL_PCD_EP_SetStall                      0x08003195   Thumb Code   116  stm32h7xx_hal_pcd.o(i.HAL_PCD_EP_SetStall)
    HAL_PCD_EP_Transmit                      0x08003209   Thumb Code    68  stm32h7xx_hal_pcd.o(i.HAL_PCD_EP_Transmit)
    HAL_PCD_IRQHandler                       0x0800324d   Thumb Code  1134  stm32h7xx_hal_pcd.o(i.HAL_PCD_IRQHandler)
    HAL_PCD_ISOINIncompleteCallback          0x080036c1   Thumb Code     8  usbd_conf.o(i.HAL_PCD_ISOINIncompleteCallback)
    HAL_PCD_ISOOUTIncompleteCallback         0x080036c9   Thumb Code     8  usbd_conf.o(i.HAL_PCD_ISOOUTIncompleteCallback)
    HAL_PCD_Init                             0x080036d1   Thumb Code   242  stm32h7xx_hal_pcd.o(i.HAL_PCD_Init)
    HAL_PCD_MspInit                          0x080037c5   Thumb Code    82  usbd_conf.o(i.HAL_PCD_MspInit)
    HAL_PCD_ResetCallback                    0x08003821   Thumb Code    44  usbd_conf.o(i.HAL_PCD_ResetCallback)
    HAL_PCD_ResumeCallback                   0x0800384d   Thumb Code     8  usbd_conf.o(i.HAL_PCD_ResumeCallback)
    HAL_PCD_SOFCallback                      0x08003855   Thumb Code     8  usbd_conf.o(i.HAL_PCD_SOFCallback)
    HAL_PCD_SetAddress                       0x0800385d   Thumb Code    40  stm32h7xx_hal_pcd.o(i.HAL_PCD_SetAddress)
    HAL_PCD_SetupStageCallback               0x08003885   Thumb Code    14  usbd_conf.o(i.HAL_PCD_SetupStageCallback)
    HAL_PCD_Start                            0x08003893   Thumb Code    66  stm32h7xx_hal_pcd.o(i.HAL_PCD_Start)
    HAL_PCD_SuspendCallback                  0x080038d5   Thumb Code    44  usbd_conf.o(i.HAL_PCD_SuspendCallback)
    HAL_PWREx_ConfigSupply                   0x08003905   Thumb Code    78  stm32h7xx_hal_pwr_ex.o(i.HAL_PWREx_ConfigSupply)
    HAL_PWREx_EnableUSBVoltageDetector       0x08003959   Thumb Code    12  stm32h7xx_hal_pwr_ex.o(i.HAL_PWREx_EnableUSBVoltageDetector)
    HAL_RCCEx_GetD3PCLK1Freq                 0x08003969   Thumb Code    26  stm32h7xx_hal_rcc_ex.o(i.HAL_RCCEx_GetD3PCLK1Freq)
    HAL_RCCEx_GetPLL2ClockFreq               0x0800398d   Thumb Code   296  stm32h7xx_hal_rcc_ex.o(i.HAL_RCCEx_GetPLL2ClockFreq)
    HAL_RCCEx_GetPLL3ClockFreq               0x08003ad1   Thumb Code   296  stm32h7xx_hal_rcc_ex.o(i.HAL_RCCEx_GetPLL3ClockFreq)
    HAL_RCCEx_PeriphCLKConfig                0x08003c15   Thumb Code  2124  stm32h7xx_hal_rcc_ex.o(i.HAL_RCCEx_PeriphCLKConfig)
    HAL_RCC_CSSCallback                      0x08004461   Thumb Code     2  stm32h7xx_hal_rcc.o(i.HAL_RCC_CSSCallback)
    HAL_RCC_ClockConfig                      0x08004465   Thumb Code   580  stm32h7xx_hal_rcc.o(i.HAL_RCC_ClockConfig)
    HAL_RCC_EnableCSS                        0x080046c1   Thumb Code    12  stm32h7xx_hal_rcc.o(i.HAL_RCC_EnableCSS)
    HAL_RCC_GetClockConfig                   0x080046d1   Thumb Code    84  stm32h7xx_hal_rcc.o(i.HAL_RCC_GetClockConfig)
    HAL_RCC_GetHCLKFreq                      0x0800472d   Thumb Code    52  stm32h7xx_hal_rcc.o(i.HAL_RCC_GetHCLKFreq)
    HAL_RCC_GetPCLK1Freq                     0x08004771   Thumb Code    26  stm32h7xx_hal_rcc.o(i.HAL_RCC_GetPCLK1Freq)
    HAL_RCC_GetPCLK2Freq                     0x08004795   Thumb Code    26  stm32h7xx_hal_rcc.o(i.HAL_RCC_GetPCLK2Freq)
    HAL_RCC_GetSysClockFreq                  0x080047b9   Thumb Code   278  stm32h7xx_hal_rcc.o(i.HAL_RCC_GetSysClockFreq)
    HAL_RCC_NMI_IRQHandler                   0x080048f1   Thumb Code    26  stm32h7xx_hal_rcc.o(i.HAL_RCC_NMI_IRQHandler)
    HAL_RCC_OscConfig                        0x08004911   Thumb Code  1198  stm32h7xx_hal_rcc.o(i.HAL_RCC_OscConfig)
    HAL_RNG_Init                             0x08004dc1   Thumb Code   198  stm32h7xx_hal_rng.o(i.HAL_RNG_Init)
    HAL_RNG_MspInit                          0x08004e91   Thumb Code    30  rng.o(i.HAL_RNG_MspInit)
    HAL_TIMEx_Break2Callback                 0x08004eb9   Thumb Code     2  stm32h7xx_hal_tim_ex.o(i.HAL_TIMEx_Break2Callback)
    HAL_TIMEx_BreakCallback                  0x08004ebb   Thumb Code     2  stm32h7xx_hal_tim_ex.o(i.HAL_TIMEx_BreakCallback)
    HAL_TIMEx_CommutCallback                 0x08004ebd   Thumb Code     2  stm32h7xx_hal_tim_ex.o(i.HAL_TIMEx_CommutCallback)
    HAL_TIMEx_MasterConfigSynchronization    0x08004ec1   Thumb Code   146  stm32h7xx_hal_tim_ex.o(i.HAL_TIMEx_MasterConfigSynchronization)
    HAL_TIM_Base_Init                        0x08004f79   Thumb Code    98  stm32h7xx_hal_tim.o(i.HAL_TIM_Base_Init)
    HAL_TIM_Base_MspInit                     0x08004fdd   Thumb Code    50  tim.o(i.HAL_TIM_Base_MspInit)
    HAL_TIM_Base_Start_IT                    0x08005015   Thumb Code    58  stm32h7xx_hal_tim.o(i.HAL_TIM_Base_Start_IT)
    HAL_TIM_ConfigClockSource                0x08005055   Thumb Code   242  stm32h7xx_hal_tim.o(i.HAL_TIM_ConfigClockSource)
    HAL_TIM_IC_CaptureCallback               0x0800514d   Thumb Code     2  stm32h7xx_hal_tim.o(i.HAL_TIM_IC_CaptureCallback)
    HAL_TIM_IRQHandler                       0x0800514f   Thumb Code   386  stm32h7xx_hal_tim.o(i.HAL_TIM_IRQHandler)
    HAL_TIM_OC_DelayElapsedCallback          0x080052d1   Thumb Code     2  stm32h7xx_hal_tim.o(i.HAL_TIM_OC_DelayElapsedCallback)
    HAL_TIM_PWM_PulseFinishedCallback        0x080052d3   Thumb Code     2  stm32h7xx_hal_tim.o(i.HAL_TIM_PWM_PulseFinishedCallback)
    HAL_TIM_PeriodElapsedCallback            0x080052d5   Thumb Code    34  main.o(i.HAL_TIM_PeriodElapsedCallback)
    HAL_TIM_TriggerCallback                  0x08005301   Thumb Code     2  stm32h7xx_hal_tim.o(i.HAL_TIM_TriggerCallback)
    HAL_UARTEx_DisableFifoMode               0x08005303   Thumb Code    64  stm32h7xx_hal_uart_ex.o(i.HAL_UARTEx_DisableFifoMode)
    HAL_UARTEx_RxFifoFullCallback            0x08005343   Thumb Code     2  stm32h7xx_hal_uart_ex.o(i.HAL_UARTEx_RxFifoFullCallback)
    HAL_UARTEx_SetRxFifoThreshold            0x08005345   Thumb Code    76  stm32h7xx_hal_uart_ex.o(i.HAL_UARTEx_SetRxFifoThreshold)
    HAL_UARTEx_SetTxFifoThreshold            0x08005391   Thumb Code    76  stm32h7xx_hal_uart_ex.o(i.HAL_UARTEx_SetTxFifoThreshold)
    HAL_UARTEx_TxFifoEmptyCallback           0x080053dd   Thumb Code     2  stm32h7xx_hal_uart_ex.o(i.HAL_UARTEx_TxFifoEmptyCallback)
    HAL_UARTEx_WakeupCallback                0x080053df   Thumb Code     2  stm32h7xx_hal_uart_ex.o(i.HAL_UARTEx_WakeupCallback)
    HAL_UART_DMAStop                         0x080053e1   Thumb Code   118  stm32h7xx_hal_uart.o(i.HAL_UART_DMAStop)
    HAL_UART_ErrorCallback                   0x08005457   Thumb Code     2  stm32h7xx_hal_uart.o(i.HAL_UART_ErrorCallback)
    HAL_UART_IRQHandler                      0x08005459   Thumb Code   436  stm32h7xx_hal_uart.o(i.HAL_UART_IRQHandler)
    HAL_UART_Init                            0x08005619   Thumb Code   106  stm32h7xx_hal_uart.o(i.HAL_UART_Init)
    HAL_UART_MspInit                         0x08005685   Thumb Code   370  usart.o(i.HAL_UART_MspInit)
    HAL_UART_Receive_DMA                     0x08005819   Thumb Code   152  stm32h7xx_hal_uart.o(i.HAL_UART_Receive_DMA)
    HAL_UART_RxCpltCallback                  0x080058bd   Thumb Code    58  usart_comm.o(i.HAL_UART_RxCpltCallback)
    HAL_UART_RxHalfCpltCallback              0x08005909   Thumb Code    58  usart_comm.o(i.HAL_UART_RxHalfCpltCallback)
    HAL_UART_Transmit_DMA                    0x08005955   Thumb Code   144  stm32h7xx_hal_uart.o(i.HAL_UART_Transmit_DMA)
    HAL_UART_TxCpltCallback                  0x080059f1   Thumb Code     2  stm32h7xx_hal_uart.o(i.HAL_UART_TxCpltCallback)
    HAL_UART_TxHalfCpltCallback              0x080059f3   Thumb Code     2  stm32h7xx_hal_uart.o(i.HAL_UART_TxHalfCpltCallback)
    HardFault_Handler                        0x080059f5   Thumb Code     2  stm32h7xx_it.o(i.HardFault_Handler)
    MX_DMA_Init                              0x08005a31   Thumb Code    88  dma.o(i.MX_DMA_Init)
    MX_FDCAN1_Init                           0x08005a8d   Thumb Code    94  fdcan.o(i.MX_FDCAN1_Init)
    MX_FDCAN2_Init                           0x08005af5   Thumb Code   108  fdcan.o(i.MX_FDCAN2_Init)
    MX_FDCAN3_Init                           0x08005b69   Thumb Code   106  fdcan.o(i.MX_FDCAN3_Init)
    MX_FREERTOS_Init                         0x08005bdd   Thumb Code    32  freertos.o(i.MX_FREERTOS_Init)
    MX_GPIO_Init                             0x08005c0d   Thumb Code   114  gpio.o(i.MX_GPIO_Init)
    MX_RNG_Init                              0x08005c89   Thumb Code    30  rng.o(i.MX_RNG_Init)
    MX_TIM2_Init                             0x08005cb1   Thumb Code    96  tim.o(i.MX_TIM2_Init)
    MX_USART1_UART_Init                      0x08005d15   Thumb Code    96  usart.o(i.MX_USART1_UART_Init)
    MX_USART2_UART_Init                      0x08005d81   Thumb Code    94  usart.o(i.MX_USART2_UART_Init)
    MX_USB_DEVICE_Init                       0x08005de9   Thumb Code    66  usb_device.o(i.MX_USB_DEVICE_Init)
    MemManage_Handler                        0x08005e3d   Thumb Code     2  stm32h7xx_it.o(i.MemManage_Handler)
    NMI_Handler                              0x08005e3f   Thumb Code     6  stm32h7xx_it.o(i.NMI_Handler)
    OTG_HS_EP1_IN_IRQHandler                 0x08005e45   Thumb Code     6  stm32h7xx_it.o(i.OTG_HS_EP1_IN_IRQHandler)
    OTG_HS_EP1_OUT_IRQHandler                0x08005e51   Thumb Code     6  stm32h7xx_it.o(i.OTG_HS_EP1_OUT_IRQHandler)
    OTG_HS_IRQHandler                        0x08005e5d   Thumb Code     6  stm32h7xx_it.o(i.OTG_HS_IRQHandler)
    StartDefaultTask                         0x08006225   Thumb Code    40  freertos.o(i.StartDefaultTask)
    SysTick_Handler                          0x08006251   Thumb Code    38  port.o(i.SysTick_Handler)
    SystemClock_Config                       0x0800627d   Thumb Code   194  main.o(i.SystemClock_Config)
    SystemInit                               0x08006349   Thumb Code   166  system_stm32h7xx.o(i.SystemInit)
    TIM1_UP_IRQHandler                       0x08006411   Thumb Code     6  stm32h7xx_it.o(i.TIM1_UP_IRQHandler)
    TIM2_IRQHandler                          0x0800641d   Thumb Code     6  stm32h7xx_it.o(i.TIM2_IRQHandler)
    TIM_Base_SetConfig                       0x08006429   Thumb Code   174  stm32h7xx_hal_tim.o(i.TIM_Base_SetConfig)
    TIM_ETR_SetConfig                        0x08006501   Thumb Code    18  stm32h7xx_hal_tim.o(i.TIM_ETR_SetConfig)
    Timu_Receive                             0x08006571   Thumb Code   134  timu_driver.o(i.Timu_Receive)
    UART_AdvFeatureConfig                    0x08006669   Thumb Code   200  stm32h7xx_hal_uart.o(i.UART_AdvFeatureConfig)
    UART_CheckIdleState                      0x08006731   Thumb Code    94  stm32h7xx_hal_uart.o(i.UART_CheckIdleState)
    UART_SetConfig                           0x080068b5   Thumb Code   916  stm32h7xx_hal_uart.o(i.UART_SetConfig)
    UART_WaitOnFlagUntilTimeout              0x08006c91   Thumb Code   164  stm32h7xx_hal_uart.o(i.UART_WaitOnFlagUntilTimeout)
    USART1_IRQHandler                        0x08006d35   Thumb Code    18  stm32h7xx_it.o(i.USART1_IRQHandler)
    USART2_IRQHandler                        0x08006d4d   Thumb Code    18  stm32h7xx_it.o(i.USART2_IRQHandler)
    USART_Comm_Init                          0x08006d65   Thumb Code    62  usart_comm.o(i.USART_Comm_Init)
    USART_User_IRQHandler                    0x08006db1   Thumb Code    80  usart_comm.o(i.USART_User_IRQHandler)
    USBD_CDC_GetDeviceQualifierDescriptor    0x08006f05   Thumb Code     8  usbd_cdc.o(i.USBD_CDC_GetDeviceQualifierDescriptor)
    USBD_CDC_ReceivePacket                   0x08006fd7   Thumb Code    40  usbd_cdc.o(i.USBD_CDC_ReceivePacket)
    USBD_CDC_RegisterInterface               0x08006fff   Thumb Code    14  usbd_cdc.o(i.USBD_CDC_RegisterInterface)
    USBD_CDC_SetRxBuffer                     0x0800700d   Thumb Code    12  usbd_cdc.o(i.USBD_CDC_SetRxBuffer)
    USBD_CDC_SetTxBuffer                     0x08007019   Thumb Code    16  usbd_cdc.o(i.USBD_CDC_SetTxBuffer)
    USBD_CDC_TransmitPacket                  0x080070db   Thumb Code    54  usbd_cdc.o(i.USBD_CDC_TransmitPacket)
    USBD_ClrClassConfig                      0x08007111   Thumb Code    16  usbd_core.o(i.USBD_ClrClassConfig)
    USBD_CtlContinueRx                       0x08007121   Thumb Code    16  usbd_ioreq.o(i.USBD_CtlContinueRx)
    USBD_CtlContinueSendData                 0x08007131   Thumb Code    16  usbd_ioreq.o(i.USBD_CtlContinueSendData)
    USBD_CtlError                            0x08007141   Thumb Code    22  usbd_ctlreq.o(i.USBD_CtlError)
    USBD_CtlPrepareRx                        0x08007157   Thumb Code    30  usbd_ioreq.o(i.USBD_CtlPrepareRx)
    USBD_CtlReceiveStatus                    0x08007175   Thumb Code    22  usbd_ioreq.o(i.USBD_CtlReceiveStatus)
    USBD_CtlSendData                         0x0800718b   Thumb Code    26  usbd_ioreq.o(i.USBD_CtlSendData)
    USBD_CtlSendStatus                       0x080071a5   Thumb Code    22  usbd_ioreq.o(i.USBD_CtlSendStatus)
    USBD_GetString                           0x080072a1   Thumb Code    74  usbd_ctlreq.o(i.USBD_GetString)
    USBD_Get_USB_Status                      0x080072eb   Thumb Code    24  usbd_conf.o(i.USBD_Get_USB_Status)
    USBD_HS_ConfigStrDescriptor              0x08007305   Thumb Code    16  usbd_desc.o(i.USBD_HS_ConfigStrDescriptor)
    USBD_HS_DeviceDescriptor                 0x08007325   Thumb Code     8  usbd_desc.o(i.USBD_HS_DeviceDescriptor)
    USBD_HS_InterfaceStrDescriptor           0x08007331   Thumb Code    16  usbd_desc.o(i.USBD_HS_InterfaceStrDescriptor)
    USBD_HS_LangIDStrDescriptor              0x08007355   Thumb Code     8  usbd_desc.o(i.USBD_HS_LangIDStrDescriptor)
    USBD_HS_ManufacturerStrDescriptor        0x08007361   Thumb Code    16  usbd_desc.o(i.USBD_HS_ManufacturerStrDescriptor)
    USBD_HS_ProductStrDescriptor             0x08007389   Thumb Code    16  usbd_desc.o(i.USBD_HS_ProductStrDescriptor)
    USBD_HS_SerialStrDescriptor              0x080073b5   Thumb Code    50  usbd_desc.o(i.USBD_HS_SerialStrDescriptor)
    USBD_Init                                0x080073f1   Thumb Code    52  usbd_core.o(i.USBD_Init)
    USBD_LL_ClearStallEP                     0x08007425   Thumb Code    18  usbd_conf.o(i.USBD_LL_ClearStallEP)
    USBD_LL_CloseEP                          0x08007437   Thumb Code    18  usbd_conf.o(i.USBD_LL_CloseEP)
    USBD_LL_DataInStage                      0x08007449   Thumb Code   170  usbd_core.o(i.USBD_LL_DataInStage)
    USBD_LL_DataOutStage                     0x080074f3   Thumb Code   110  usbd_core.o(i.USBD_LL_DataOutStage)
    USBD_LL_DevConnected                     0x08007561   Thumb Code     4  usbd_core.o(i.USBD_LL_DevConnected)
    USBD_LL_DevDisconnected                  0x08007565   Thumb Code    26  usbd_core.o(i.USBD_LL_DevDisconnected)
    USBD_LL_GetRxDataSize                    0x0800757f   Thumb Code     8  usbd_conf.o(i.USBD_LL_GetRxDataSize)
    USBD_LL_Init                             0x08007589   Thumb Code   100  usbd_conf.o(i.USBD_LL_Init)
    USBD_LL_IsStallEP                        0x080075f5   Thumb Code    32  usbd_conf.o(i.USBD_LL_IsStallEP)
    USBD_LL_IsoINIncomplete                  0x08007615   Thumb Code     4  usbd_core.o(i.USBD_LL_IsoINIncomplete)
    USBD_LL_IsoOUTIncomplete                 0x08007619   Thumb Code     4  usbd_core.o(i.USBD_LL_IsoOUTIncomplete)
    USBD_LL_OpenEP                           0x0800761d   Thumb Code    24  usbd_conf.o(i.USBD_LL_OpenEP)
    USBD_LL_PrepareReceive                   0x08007635   Thumb Code    18  usbd_conf.o(i.USBD_LL_PrepareReceive)
    USBD_LL_Reset                            0x08007647   Thumb Code    82  usbd_core.o(i.USBD_LL_Reset)
    USBD_LL_Resume                           0x08007699   Thumb Code    20  usbd_core.o(i.USBD_LL_Resume)
    USBD_LL_SOF                              0x080076ad   Thumb Code    24  usbd_core.o(i.USBD_LL_SOF)
    USBD_LL_SetSpeed                         0x080076c5   Thumb Code     6  usbd_core.o(i.USBD_LL_SetSpeed)
    USBD_LL_SetUSBAddress                    0x080076cb   Thumb Code    18  usbd_conf.o(i.USBD_LL_SetUSBAddress)
    USBD_LL_SetupStage                       0x080076dd   Thumb Code    92  usbd_core.o(i.USBD_LL_SetupStage)
    USBD_LL_StallEP                          0x08007739   Thumb Code    18  usbd_conf.o(i.USBD_LL_StallEP)
    USBD_LL_Start                            0x0800774b   Thumb Code    18  usbd_conf.o(i.USBD_LL_Start)
    USBD_LL_Suspend                          0x0800775d   Thumb Code    18  usbd_core.o(i.USBD_LL_Suspend)
    USBD_LL_Transmit                         0x0800776f   Thumb Code    18  usbd_conf.o(i.USBD_LL_Transmit)
    USBD_ParseSetupRequest                   0x08007781   Thumb Code    42  usbd_ctlreq.o(i.USBD_ParseSetupRequest)
    USBD_RegisterClass                       0x080077ab   Thumb Code    34  usbd_core.o(i.USBD_RegisterClass)
    USBD_SetClassConfig                      0x080077cd   Thumb Code    20  usbd_core.o(i.USBD_SetClassConfig)
    USBD_Start                               0x0800789d   Thumb Code     4  usbd_core.o(i.USBD_Start)
    USBD_StdDevReq                           0x080078a1   Thumb Code   278  usbd_ctlreq.o(i.USBD_StdDevReq)
    USBD_StdEPReq                            0x080079b7   Thumb Code   332  usbd_ctlreq.o(i.USBD_StdEPReq)
    USBD_StdItfReq                           0x08007b03   Thumb Code    84  usbd_ctlreq.o(i.USBD_StdItfReq)
    USB_ActivateEndpoint                     0x08007b59   Thumb Code   124  stm32h7xx_ll_usb.o(i.USB_ActivateEndpoint)
    USB_ActivateSetup                        0x08007bd9   Thumb Code    28  stm32h7xx_ll_usb.o(i.USB_ActivateSetup)
    USB_CoreInit                             0x08007bf5   Thumb Code   114  stm32h7xx_ll_usb.o(i.USB_CoreInit)
    USB_DeactivateEndpoint                   0x08007ca5   Thumb Code   194  stm32h7xx_ll_usb.o(i.USB_DeactivateEndpoint)
    USB_DevConnect                           0x08007d71   Thumb Code    24  stm32h7xx_ll_usb.o(i.USB_DevConnect)
    USB_DevDisconnect                        0x08007d89   Thumb Code    24  stm32h7xx_ll_usb.o(i.USB_DevDisconnect)
    USB_DevInit                              0x08007da1   Thumb Code   368  stm32h7xx_ll_usb.o(i.USB_DevInit)
    USB_DisableGlobalInt                     0x08007f19   Thumb Code    12  stm32h7xx_ll_usb.o(i.USB_DisableGlobalInt)
    USB_EP0StartXfer                         0x08007f25   Thumb Code   280  stm32h7xx_ll_usb.o(i.USB_EP0StartXfer)
    USB_EP0_OutStart                         0x08008041   Thumb Code    84  stm32h7xx_ll_usb.o(i.USB_EP0_OutStart)
    USB_EPClearStall                         0x08008099   Thumb Code    88  stm32h7xx_ll_usb.o(i.USB_EPClearStall)
    USB_EPSetStall                           0x080080f1   Thumb Code    88  stm32h7xx_ll_usb.o(i.USB_EPSetStall)
    USB_EPStartXfer                          0x08008149   Thumb Code   482  stm32h7xx_ll_usb.o(i.USB_EPStartXfer)
    USB_EnableGlobalInt                      0x08008331   Thumb Code    12  stm32h7xx_ll_usb.o(i.USB_EnableGlobalInt)
    USB_FlushRxFifo                          0x0800833d   Thumb Code    28  stm32h7xx_ll_usb.o(i.USB_FlushRxFifo)
    USB_FlushTxFifo                          0x0800835d   Thumb Code    32  stm32h7xx_ll_usb.o(i.USB_FlushTxFifo)
    USB_GetDevSpeed                          0x08008381   Thumb Code    26  stm32h7xx_ll_usb.o(i.USB_GetDevSpeed)
    USB_GetMode                              0x0800839b   Thumb Code     8  stm32h7xx_ll_usb.o(i.USB_GetMode)
    USB_ReadDevAllInEpInterrupt              0x080083a3   Thumb Code    14  stm32h7xx_ll_usb.o(i.USB_ReadDevAllInEpInterrupt)
    USB_ReadDevAllOutEpInterrupt             0x080083b1   Thumb Code    14  stm32h7xx_ll_usb.o(i.USB_ReadDevAllOutEpInterrupt)
    USB_ReadDevInEPInterrupt                 0x080083bf   Thumb Code    36  stm32h7xx_ll_usb.o(i.USB_ReadDevInEPInterrupt)
    USB_ReadDevOutEPInterrupt                0x080083e3   Thumb Code    16  stm32h7xx_ll_usb.o(i.USB_ReadDevOutEPInterrupt)
    USB_ReadInterrupts                       0x080083f3   Thumb Code     8  stm32h7xx_ll_usb.o(i.USB_ReadInterrupts)
    USB_ReadPacket                           0x080083fb   Thumb Code    28  stm32h7xx_ll_usb.o(i.USB_ReadPacket)
    USB_SetCurrentMode                       0x08008417   Thumb Code    46  stm32h7xx_ll_usb.o(i.USB_SetCurrentMode)
    USB_SetDevAddress                        0x08008445   Thumb Code    34  stm32h7xx_ll_usb.o(i.USB_SetDevAddress)
    USB_SetTurnaroundTime                    0x08008469   Thumb Code   158  stm32h7xx_ll_usb.o(i.USB_SetTurnaroundTime)
    USB_WritePacket                          0x08008551   Thumb Code    36  stm32h7xx_ll_usb.o(i.USB_WritePacket)
    UsageFault_Handler                       0x08008575   Thumb Code     2  stm32h7xx_it.o(i.UsageFault_Handler)
    __scatterload_copy                       0x08008599   Thumb Code    14  handlers.o(i.__scatterload_copy)
    __scatterload_null                       0x080085a7   Thumb Code     2  handlers.o(i.__scatterload_null)
    __scatterload_zeroinit                   0x080085a9   Thumb Code    14  handlers.o(i.__scatterload_zeroinit)
    debug_task                               0x080085b9   Thumb Code    78  debug_task.o(i.debug_task)
    free                                     0x08008615   Thumb Code    76  malloc.o(i.free)
    main                                     0x08008665   Thumb Code   264  main.o(i.main)
    malloc                                   0x08008775   Thumb Code    92  malloc.o(i.malloc)
    osKernelGetSysTimerCount                 0x080087e1   Thumb Code    52  cmsis_os2.o(i.osKernelGetSysTimerCount)
    osKernelInitialize                       0x08008819   Thumb Code    50  cmsis_os2.o(i.osKernelInitialize)
    osKernelStart                            0x08008851   Thumb Code    58  cmsis_os2.o(i.osKernelStart)
    osThreadNew                              0x08008891   Thumb Code   164  cmsis_os2.o(i.osThreadNew)
    pvPortMalloc                             0x080090d1   Thumb Code   210  heap_4.o(i.pvPortMalloc)
    pxPortInitialiseStack                    0x080091a9   Thumb Code    42  port.o(i.pxPortInitialiseStack)
    usTime_Interval_Test_End                 0x080091e5   Thumb Code    46  us_time.o(i.usTime_Interval_Test_End)
    usTime_Interval_Test_Start               0x08009219   Thumb Code    22  us_time.o(i.usTime_Interval_Test_Start)
    usTime_Period_Test                       0x08009269   Thumb Code    36  us_time.o(i.usTime_Period_Test)
    usTime_Start                             0x08009291   Thumb Code    16  us_time.o(i.usTime_Start)
    uxListRemove                             0x080092a5   Thumb Code    38  list.o(i.uxListRemove)
    vApplicationGetIdleTaskMemory            0x080092cd   Thumb Code    18  cmsis_os2.o(i.vApplicationGetIdleTaskMemory)
    vApplicationGetTimerTaskMemory           0x080092e5   Thumb Code    20  cmsis_os2.o(i.vApplicationGetTimerTaskMemory)
    vListInitialise                          0x080092fd   Thumb Code    22  list.o(i.vListInitialise)
    vListInitialiseItem                      0x08009313   Thumb Code     6  list.o(i.vListInitialiseItem)
    vListInsert                              0x08009319   Thumb Code    48  list.o(i.vListInsert)
    vListInsertEnd                           0x08009349   Thumb Code    24  list.o(i.vListInsertEnd)
    vPortEnterCritical                       0x08009361   Thumb Code    54  port.o(i.vPortEnterCritical)
    vPortExitCritical                        0x080093a1   Thumb Code    34  port.o(i.vPortExitCritical)
    vPortFree                                0x080093c9   Thumb Code    88  heap_4.o(i.vPortFree)
    vPortSetupTimerInterrupt                 0x08009425   Thumb Code    32  port.o(i.vPortSetupTimerInterrupt)
    vPortValidateInterruptPriority           0x08009449   Thumb Code    74  port.o(i.vPortValidateInterruptPriority)
    vQueueAddToRegistry                      0x0800949d   Thumb Code    34  queue.o(i.vQueueAddToRegistry)
    vQueueWaitForMessageRestricted           0x080094c5   Thumb Code    68  queue.o(i.vQueueWaitForMessageRestricted)
    vTaskDelayUntil                          0x08009509   Thumb Code   132  tasks.o(i.vTaskDelayUntil)
    vTaskInternalSetTimeOutState             0x08009595   Thumb Code    12  tasks.o(i.vTaskInternalSetTimeOutState)
    vTaskMissedYield                         0x080095a5   Thumb Code     8  tasks.o(i.vTaskMissedYield)
    vTaskPlaceOnEventList                    0x080095b1   Thumb Code    44  tasks.o(i.vTaskPlaceOnEventList)
    vTaskPlaceOnEventListRestricted          0x080095e1   Thumb Code    52  tasks.o(i.vTaskPlaceOnEventListRestricted)
    vTaskStartScheduler                      0x08009619   Thumb Code   118  tasks.o(i.vTaskStartScheduler)
    vTaskSuspendAll                          0x080096a1   Thumb Code    10  tasks.o(i.vTaskSuspendAll)
    vTaskSwitchContext                       0x080096b1   Thumb Code    90  tasks.o(i.vTaskSwitchContext)
    xPortStartScheduler                      0x08009715   Thumb Code   222  port.o(i.xPortStartScheduler)
    xQueueGenericCreateStatic                0x08009809   Thumb Code   102  queue.o(i.xQueueGenericCreateStatic)
    xQueueGenericReset                       0x08009871   Thumb Code   144  queue.o(i.xQueueGenericReset)
    xQueueGenericSend                        0x08009905   Thumb Code   346  queue.o(i.xQueueGenericSend)
    xQueueGenericSendFromISR                 0x08009a65   Thumb Code   188  queue.o(i.xQueueGenericSendFromISR)
    xQueueReceive                            0x08009b21   Thumb Code   310  queue.o(i.xQueueReceive)
    xTaskCheckForTimeOut                     0x08009c5d   Thumb Code   116  tasks.o(i.xTaskCheckForTimeOut)
    xTaskCreate                              0x08009cd5   Thumb Code    90  tasks.o(i.xTaskCreate)
    xTaskCreateStatic                        0x08009d2f   Thumb Code    86  tasks.o(i.xTaskCreateStatic)
    xTaskGetSchedulerState                   0x08009d85   Thumb Code    22  tasks.o(i.xTaskGetSchedulerState)
    xTaskGetTickCount                        0x08009da1   Thumb Code     6  tasks.o(i.xTaskGetTickCount)
    xTaskIncrementTick                       0x08009dad   Thumb Code   190  tasks.o(i.xTaskIncrementTick)
    xTaskPriorityDisinherit                  0x08009e75   Thumb Code   116  tasks.o(i.xTaskPriorityDisinherit)
    xTaskRemoveFromEventList                 0x08009ef1   Thumb Code   100  tasks.o(i.xTaskRemoveFromEventList)
    xTaskResumeAll                           0x08009f61   Thumb Code   184  tasks.o(i.xTaskResumeAll)
    xTimerCreateTimerTask                    0x0800a025   Thumb Code    78  timers.o(i.xTimerCreateTimerTask)
    xTimerGenericCommand                     0x0800a085   Thumb Code    98  timers.o(i.xTimerGenericCommand)
    UARTPrescTable                           0x0800a150   Data          24  stm32h7xx_hal_uart.o(.constdata)
    D1CorePrescTable                         0x0800a168   Data          16  system_stm32h7xx.o(.constdata)
    debugTask_attributes                     0x0800a178   Data          36  freertos.o(.constdata)
    defaultTask_attributes                   0x0800a19c   Data          36  freertos.o(.constdata)
    Region$$Table$$Base                      0x0800a1d8   Number         0  anon$$obj.o(Region$$Table)
    Region$$Table$$Limit                     0x0800a1f8   Number         0  anon$$obj.o(Region$$Table)
    uwTickFreq                               0x24000000   Data           1  stm32h7xx_hal.o(.data)
    uwTickPrio                               0x24000004   Data           4  stm32h7xx_hal.o(.data)
    uwTick                                   0x24000008   Data           4  stm32h7xx_hal.o(.data)
    SystemCoreClock                          0x2400000c   Data           4  system_stm32h7xx.o(.data)
    SystemD2Clock                            0x24000010   Data           4  system_stm32h7xx.o(.data)
    pxCurrentTCB                             0x24000014   Data           4  tasks.o(.data)
    debugTaskHandle                          0x2400008c   Data           4  freertos.o(.data)
    defaultTaskHandle                        0x24000090   Data           4  freertos.o(.data)
    CAN1_rx_data                             0x24000098   Data           8  can_comm.o(.data)
    CAN2_rx_data                             0x240000a0   Data           8  can_comm.o(.data)
    CAN3_rx_data                             0x240000a8   Data           8  can_comm.o(.data)
    HS_Desc                                  0x240000b0   Data          28  usbd_desc.o(.data)
    USBD_LangIDDesc                          0x240000cc   Data           4  usbd_desc.o(.data)
    USBD_HS_DeviceDesc                       0x240000d0   Data          18  usbd_desc.o(.data)
    USBD_StringSerial                        0x240000e4   Data          26  usbd_desc.o(.data)
    USBD_Interface_fops_HS                   0x24000100   Data          20  usbd_cdc_if.o(.data)
    USBD_CDC                                 0x240001f0   Data          56  usbd_cdc.o(.data)
    __microlib_freelist                      0x24000228   Data           4  mvars.o(.data)
    __microlib_freelist_initialised          0x2400022c   Data           4  mvars.o(.data)
    xQueueRegistry                           0x24000230   Data          64  queue.o(.bss)
    hfdcan1                                  0x24004b04   Data         160  fdcan.o(.bss)
    hfdcan2                                  0x24004ba4   Data         160  fdcan.o(.bss)
    hfdcan3                                  0x24004c44   Data         160  fdcan.o(.bss)
    hrng                                     0x24004ce4   Data          20  rng.o(.bss)
    htim2                                    0x24004cf8   Data          76  tim.o(.bss)
    huart1                                   0x24004d44   Data         140  usart.o(.bss)
    huart2                                   0x24004dd0   Data         140  usart.o(.bss)
    hdma_usart1_rx                           0x24004e5c   Data         120  usart.o(.bss)
    hdma_usart1_tx                           0x24004ed4   Data         120  usart.o(.bss)
    hdma_usart2_rx                           0x24004f4c   Data         120  usart.o(.bss)
    hdma_usart2_tx                           0x24004fc4   Data         120  usart.o(.bss)
    htim1                                    0x2400503c   Data          76  stm32h7xx_hal_timebase_tim.o(.bss)
    sin_test                                 0x24005088   Data          28  debug_task.o(.bss)
    ust_user1                                0x240050a4   Data          24  debug_task.o(.bss)
    ust_user2                                0x240050bc   Data          24  debug_task.o(.bss)
    CAN_tx_message_standard                  0x240050d4   Data          36  can_comm.o(.bss)
    CAN1_rx_message                          0x240050f8   Data          40  can_comm.o(.bss)
    CAN2_rx_message                          0x24005120   Data          40  can_comm.o(.bss)
    CAN3_rx_message                          0x24005148   Data          40  can_comm.o(.bss)
    dbus_dma_rx_buf                          0x24005170   Data          36  usart_comm.o(.bss)
    debug_dma_rx_buf                         0x24005194   Data          20  usart_comm.o(.bss)
    rc                                       0x240051a8   Data          22  dt7control_driver.o(.bss)
    imu                                      0x240051c0   Data          24  timu_driver.o(.bss)
    prv_us_time                              0x240051d8   Data          12  us_time.o(.bss)
    hUsbDeviceHS                             0x240051e4   Data         720  usb_device.o(.bss)
    USBD_StrDesc                             0x240054b4   Data         512  usbd_desc.o(.bss)
    UserRxBufferHS                           0x240056b4   Data        2048  usbd_cdc_if.o(.bss)
    UserTxBufferHS                           0x24005eb4   Data        2048  usbd_cdc_if.o(.bss)
    hpcd_USB_OTG_HS                          0x240066b4   Data        1032  usbd_conf.o(.bss)
    __heap_base                              0x24006ac0   Data           0  startup_stm32h723xx.o(HEAP)
    __heap_limit                             0x24007ac0   Data           0  startup_stm32h723xx.o(HEAP)
    __initial_sp                             0x24009ac0   Data           0  startup_stm32h723xx.o(STACK)



==============================================================================

Memory Map of the image

  Image Entry point : 0x080002cd

  Load Region LR_IROM1 (Base: 0x08000000, Size: 0x0000a428, Max: 0x00100000, ABSOLUTE, COMPRESSED[0x0000a2c4])

    Execution Region ER_IROM1 (Exec base: 0x08000000, Load base: 0x08000000, Size: 0x0000a1f8, Max: 0x00100000, ABSOLUTE)

    Exec Addr    Load Addr    Size         Type   Attr      Idx    E Section Name        Object

    0x08000000   0x08000000   0x000002cc   Data   RO         7079    RESET               startup_stm32h723xx.o
    0x080002cc   0x080002cc   0x00000000   Code   RO         9163  * .ARM.Collect$$$$00000000  mc_w.l(entry.o)
    0x080002cc   0x080002cc   0x00000004   Code   RO         9284    .ARM.Collect$$$$00000001  mc_w.l(entry2.o)
    0x080002d0   0x080002d0   0x00000004   Code   RO         9287    .ARM.Collect$$$$00000004  mc_w.l(entry5.o)
    0x080002d4   0x080002d4   0x00000000   Code   RO         9289    .ARM.Collect$$$$00000008  mc_w.l(entry7b.o)
    0x080002d4   0x080002d4   0x00000000   Code   RO         9291    .ARM.Collect$$$$0000000A  mc_w.l(entry8b.o)
    0x080002d4   0x080002d4   0x00000008   Code   RO         9292    .ARM.Collect$$$$0000000B  mc_w.l(entry9a.o)
    0x080002dc   0x080002dc   0x00000004   Code   RO         9299    .ARM.Collect$$$$0000000E  mc_w.l(entry12b.o)
    0x080002e0   0x080002e0   0x00000000   Code   RO         9294    .ARM.Collect$$$$0000000F  mc_w.l(entry10a.o)
    0x080002e0   0x080002e0   0x00000000   Code   RO         9296    .ARM.Collect$$$$00000011  mc_w.l(entry11a.o)
    0x080002e0   0x080002e0   0x00000004   Code   RO         9285    .ARM.Collect$$$$00002712  mc_w.l(entry2.o)
    0x080002e4   0x080002e4   0x000000be   Code   RO         7000    .emb_text           port.o
    0x080003a2   0x080003a2   0x00000002   PAD
    0x080003a4   0x080003a4   0x00000024   Code   RO         7080    .text               startup_stm32h723xx.o
    0x080003c8   0x080003c8   0x00000062   Code   RO         9166    .text               mc_w.l(uldiv.o)
    0x0800042a   0x0800042a   0x00000024   Code   RO         9171    .text               mc_w.l(memcpya.o)
    0x0800044e   0x0800044e   0x00000024   Code   RO         9175    .text               mc_w.l(memseta.o)
    0x08000472   0x08000472   0x0000001e   Code   RO         9302    .text               mc_w.l(llshl.o)
    0x08000490   0x08000490   0x00000020   Code   RO         9304    .text               mc_w.l(llushr.o)
    0x080004b0   0x080004b0   0x00000024   Code   RO         9338    .text               mc_w.l(init.o)
    0x080004d4   0x080004d4   0x00000056   Code   RO         9354    .text               mc_w.l(__dczerorl2.o)
    0x0800052a   0x0800052a   0x00000002   Code   RO         7473    i.BusFault_Handler  stm32h7xx_it.o
    0x0800052c   0x0800052c   0x00000078   Code   RO         7731    i.CAN_Comm_Init     can_comm.o
    0x080005a4   0x080005a4   0x00000004   Code   RO         8452    i.CDC_Control_HS    usbd_cdc_if.o
    0x080005a8   0x080005a8   0x00000004   Code   RO         8453    i.CDC_DeInit_HS     usbd_cdc_if.o
    0x080005ac   0x080005ac   0x00000024   Code   RO         8454    i.CDC_Init_HS       usbd_cdc_if.o
    0x080005d0   0x080005d0   0x00000028   Code   RO         8455    i.CDC_Receive_HS    usbd_cdc_if.o
    0x080005f8   0x080005f8   0x00000004   Code   RO         8456    i.CDC_TransmitCplt_HS  usbd_cdc_if.o
    0x080005fc   0x080005fc   0x0000002c   Code   RO         8457    i.CDC_Transmit_HS   usbd_cdc_if.o
    0x08000628   0x08000628   0x0000000c   Code   RO         7474    i.DMA1_Stream0_IRQHandler  stm32h7xx_it.o
    0x08000634   0x08000634   0x0000000c   Code   RO         7475    i.DMA1_Stream1_IRQHandler  stm32h7xx_it.o
    0x08000640   0x08000640   0x0000000c   Code   RO         7476    i.DMA1_Stream2_IRQHandler  stm32h7xx_it.o
    0x0800064c   0x0800064c   0x0000000c   Code   RO         7477    i.DMA1_Stream3_IRQHandler  stm32h7xx_it.o
    0x08000658   0x08000658   0x000000b4   Code   RO         1348    i.DMA_CalcBaseAndBitshift  stm32h7xx_hal_dma.o
    0x0800070c   0x0800070c   0x0000009c   Code   RO         1349    i.DMA_CalcDMAMUXChannelBaseAndMask  stm32h7xx_hal_dma.o
    0x080007a8   0x080007a8   0x00000074   Code   RO         1350    i.DMA_CalcDMAMUXRequestGenBaseAndMask  stm32h7xx_hal_dma.o
    0x0800081c   0x0800081c   0x00000054   Code   RO         1351    i.DMA_CheckFifoParam  stm32h7xx_hal_dma.o
    0x08000870   0x08000870   0x00000220   Code   RO         1352    i.DMA_SetConfig     stm32h7xx_hal_dma.o
    0x08000a90   0x08000a90   0x000000c4   Code   RO         7839    i.DT7control_Receive  dt7control_driver.o
    0x08000b54   0x08000b54   0x00000002   Code   RO         7478    i.DebugMon_Handler  stm32h7xx_it.o
    0x08000b56   0x08000b56   0x00000004   Code   RO         7087    i.Error_Handler     main.o
    0x08000b5a   0x08000b5a   0x00000002   PAD
    0x08000b5c   0x08000b5c   0x0000000c   Code   RO         7479    i.FDCAN1_IT0_IRQHandler  stm32h7xx_it.o
    0x08000b68   0x08000b68   0x0000000c   Code   RO         7480    i.FDCAN2_IT0_IRQHandler  stm32h7xx_it.o
    0x08000b74   0x08000b74   0x0000000c   Code   RO         7481    i.FDCAN3_IT0_IRQHandler  stm32h7xx_it.o
    0x08000b80   0x08000b80   0x000001c8   Code   RO         3120    i.FDCAN_CalcultateRamBlockAddresses  stm32h7xx_hal_fdcan.o
    0x08000d48   0x08000d48   0x00000018   Code   RO         8110    i.FGT_sin_Init      func_generator.o
    0x08000d60   0x08000d60   0x00000364   Code   RO         1353    i.HAL_DMA_Abort     stm32h7xx_hal_dma.o
    0x080010c4   0x080010c4   0x00000284   Code   RO         1354    i.HAL_DMA_Abort_IT  stm32h7xx_hal_dma.o
    0x08001348   0x08001348   0x00000004   Code   RO         1356    i.HAL_DMA_GetError  stm32h7xx_hal_dma.o
    0x0800134c   0x0800134c   0x000006f0   Code   RO         1358    i.HAL_DMA_IRQHandler  stm32h7xx_hal_dma.o
    0x08001a3c   0x08001a3c   0x000003b8   Code   RO         1359    i.HAL_DMA_Init      stm32h7xx_hal_dma.o
    0x08001df4   0x08001df4   0x0000029c   Code   RO         1363    i.HAL_DMA_Start_IT  stm32h7xx_hal_dma.o
    0x08002090   0x08002090   0x00000024   Code   RO         2191    i.HAL_Delay         stm32h7xx_hal.o
    0x080020b4   0x080020b4   0x00000088   Code   RO         3123    i.HAL_FDCAN_ActivateNotification  stm32h7xx_hal_fdcan.o
    0x0800213c   0x0800213c   0x00000002   Code   RO         3126    i.HAL_FDCAN_ClockCalibrationCallback  stm32h7xx_hal_fdcan.o
    0x0800213e   0x0800213e   0x0000007e   Code   RO         3130    i.HAL_FDCAN_ConfigFilter  stm32h7xx_hal_fdcan.o
    0x080021bc   0x080021bc   0x00000032   Code   RO         3131    i.HAL_FDCAN_ConfigGlobalFilter  stm32h7xx_hal_fdcan.o
    0x080021ee   0x080021ee   0x00000002   Code   RO         3152    i.HAL_FDCAN_ErrorCallback  stm32h7xx_hal_fdcan.o
    0x080021f0   0x080021f0   0x00000002   Code   RO         3153    i.HAL_FDCAN_ErrorStatusCallback  stm32h7xx_hal_fdcan.o
    0x080021f2   0x080021f2   0x00000002   PAD
    0x080021f4   0x080021f4   0x00000194   Code   RO         3164    i.HAL_FDCAN_GetRxMessage  stm32h7xx_hal_fdcan.o
    0x08002388   0x08002388   0x00000002   Code   RO         3170    i.HAL_FDCAN_HighPriorityMessageCallback  stm32h7xx_hal_fdcan.o
    0x0800238a   0x0800238a   0x00000002   PAD
    0x0800238c   0x0800238c   0x00000318   Code   RO         3171    i.HAL_FDCAN_IRQHandler  stm32h7xx_hal_fdcan.o
    0x080026a4   0x080026a4   0x00000244   Code   RO         3172    i.HAL_FDCAN_Init    stm32h7xx_hal_fdcan.o
    0x080028e8   0x080028e8   0x00000140   Code   RO         7287    i.HAL_FDCAN_MspInit  fdcan.o
    0x08002a28   0x08002a28   0x00000002   Code   RO         3181    i.HAL_FDCAN_RxBufferNewMessageCallback  stm32h7xx_hal_fdcan.o
    0x08002a2a   0x08002a2a   0x00000002   PAD
    0x08002a2c   0x08002a2c   0x00000064   Code   RO         7732    i.HAL_FDCAN_RxFifo0Callback  can_comm.o
    0x08002a90   0x08002a90   0x0000004c   Code   RO         7733    i.HAL_FDCAN_RxFifo1Callback  can_comm.o
    0x08002adc   0x08002adc   0x00000032   Code   RO         3184    i.HAL_FDCAN_Start   stm32h7xx_hal_fdcan.o
    0x08002b0e   0x08002b0e   0x00000002   Code   RO         3206    i.HAL_FDCAN_TT_GlobalTimeCallback  stm32h7xx_hal_fdcan.o
    0x08002b10   0x08002b10   0x00000002   Code   RO         3207    i.HAL_FDCAN_TT_ScheduleSyncCallback  stm32h7xx_hal_fdcan.o
    0x08002b12   0x08002b12   0x00000002   Code   RO         3212    i.HAL_FDCAN_TT_StopWatchCallback  stm32h7xx_hal_fdcan.o
    0x08002b14   0x08002b14   0x00000002   Code   RO         3213    i.HAL_FDCAN_TT_TimeMarkCallback  stm32h7xx_hal_fdcan.o
    0x08002b16   0x08002b16   0x00000002   Code   RO         3214    i.HAL_FDCAN_TimeoutOccurredCallback  stm32h7xx_hal_fdcan.o
    0x08002b18   0x08002b18   0x00000002   Code   RO         3215    i.HAL_FDCAN_TimestampWraparoundCallback  stm32h7xx_hal_fdcan.o
    0x08002b1a   0x08002b1a   0x00000002   Code   RO         3216    i.HAL_FDCAN_TxBufferAbortCallback  stm32h7xx_hal_fdcan.o
    0x08002b1c   0x08002b1c   0x00000002   Code   RO         3217    i.HAL_FDCAN_TxBufferCompleteCallback  stm32h7xx_hal_fdcan.o
    0x08002b1e   0x08002b1e   0x00000002   Code   RO         3218    i.HAL_FDCAN_TxEventFifoCallback  stm32h7xx_hal_fdcan.o
    0x08002b20   0x08002b20   0x00000002   Code   RO         3219    i.HAL_FDCAN_TxFifoEmptyCallback  stm32h7xx_hal_fdcan.o
    0x08002b22   0x08002b22   0x00000002   PAD
    0x08002b24   0x08002b24   0x0000021c   Code   RO         1201    i.HAL_GPIO_Init     stm32h7xx_hal_gpio.o
    0x08002d40   0x08002d40   0x0000000a   Code   RO         1205    i.HAL_GPIO_WritePin  stm32h7xx_hal_gpio.o
    0x08002d4a   0x08002d4a   0x00000002   PAD
    0x08002d4c   0x08002d4c   0x0000000c   Code   RO         2207    i.HAL_GetTick       stm32h7xx_hal.o
    0x08002d58   0x08002d58   0x00000010   Code   RO         2213    i.HAL_IncTick       stm32h7xx_hal.o
    0x08002d68   0x08002d68   0x0000005c   Code   RO         2214    i.HAL_Init          stm32h7xx_hal.o
    0x08002dc4   0x08002dc4   0x00000084   Code   RO         7639    i.HAL_InitTick      stm32h7xx_hal_timebase_tim.o
    0x08002e48   0x08002e48   0x0000005c   Code   RO         2044    i.HAL_MPU_ConfigRegion  stm32h7xx_hal_cortex.o
    0x08002ea4   0x08002ea4   0x0000001c   Code   RO         2045    i.HAL_MPU_Disable   stm32h7xx_hal_cortex.o
    0x08002ec0   0x08002ec0   0x00000024   Code   RO         2046    i.HAL_MPU_Enable    stm32h7xx_hal_cortex.o
    0x08002ee4   0x08002ee4   0x00000024   Code   RO         7615    i.HAL_MspInit       stm32h7xx_hal_msp.o
    0x08002f08   0x08002f08   0x0000001a   Code   RO         2049    i.HAL_NVIC_EnableIRQ  stm32h7xx_hal_cortex.o
    0x08002f22   0x08002f22   0x00000002   PAD
    0x08002f24   0x08002f24   0x00000040   Code   RO         2055    i.HAL_NVIC_SetPriority  stm32h7xx_hal_cortex.o
    0x08002f64   0x08002f64   0x00000024   Code   RO         2056    i.HAL_NVIC_SetPriorityGrouping  stm32h7xx_hal_cortex.o
    0x08002f88   0x08002f88   0x00000028   Code   RO          357    i.HAL_PCDEx_ActivateLPM  stm32h7xx_hal_pcd_ex.o
    0x08002fb0   0x08002fb0   0x00000002   Code   RO          362    i.HAL_PCDEx_LPM_Callback  stm32h7xx_hal_pcd_ex.o
    0x08002fb2   0x08002fb2   0x00000008   Code   RO          363    i.HAL_PCDEx_SetRxFiFo  stm32h7xx_hal_pcd_ex.o
    0x08002fba   0x08002fba   0x00000046   Code   RO          364    i.HAL_PCDEx_SetTxFiFo  stm32h7xx_hal_pcd_ex.o
    0x08003000   0x08003000   0x00000008   Code   RO         8512    i.HAL_PCD_ConnectCallback  usbd_conf.o
    0x08003008   0x08003008   0x00000012   Code   RO         8513    i.HAL_PCD_DataInStageCallback  usbd_conf.o
    0x0800301a   0x0800301a   0x00000014   Code   RO         8514    i.HAL_PCD_DataOutStageCallback  usbd_conf.o
    0x0800302e   0x0800302e   0x00000008   Code   RO         8515    i.HAL_PCD_DisconnectCallback  usbd_conf.o
    0x08003036   0x08003036   0x0000004c   Code   RO           13    i.HAL_PCD_EP_Close  stm32h7xx_hal_pcd.o
    0x08003082   0x08003082   0x0000005c   Code   RO           14    i.HAL_PCD_EP_ClrStall  stm32h7xx_hal_pcd.o
    0x080030de   0x080030de   0x00000012   Code   RO           16    i.HAL_PCD_EP_GetRxCount  stm32h7xx_hal_pcd.o
    0x080030f0   0x080030f0   0x00000060   Code   RO           17    i.HAL_PCD_EP_Open   stm32h7xx_hal_pcd.o
    0x08003150   0x08003150   0x00000044   Code   RO           18    i.HAL_PCD_EP_Receive  stm32h7xx_hal_pcd.o
    0x08003194   0x08003194   0x00000074   Code   RO           19    i.HAL_PCD_EP_SetStall  stm32h7xx_hal_pcd.o
    0x08003208   0x08003208   0x00000044   Code   RO           20    i.HAL_PCD_EP_Transmit  stm32h7xx_hal_pcd.o
    0x0800324c   0x0800324c   0x00000474   Code   RO           22    i.HAL_PCD_IRQHandler  stm32h7xx_hal_pcd.o
    0x080036c0   0x080036c0   0x00000008   Code   RO         8516    i.HAL_PCD_ISOINIncompleteCallback  usbd_conf.o
    0x080036c8   0x080036c8   0x00000008   Code   RO         8517    i.HAL_PCD_ISOOUTIncompleteCallback  usbd_conf.o
    0x080036d0   0x080036d0   0x000000f2   Code   RO           25    i.HAL_PCD_Init      stm32h7xx_hal_pcd.o
    0x080037c2   0x080037c2   0x00000002   PAD
    0x080037c4   0x080037c4   0x0000005c   Code   RO         8519    i.HAL_PCD_MspInit   usbd_conf.o
    0x08003820   0x08003820   0x0000002c   Code   RO         8520    i.HAL_PCD_ResetCallback  usbd_conf.o
    0x0800384c   0x0800384c   0x00000008   Code   RO         8521    i.HAL_PCD_ResumeCallback  usbd_conf.o
    0x08003854   0x08003854   0x00000008   Code   RO         8522    i.HAL_PCD_SOFCallback  usbd_conf.o
    0x0800385c   0x0800385c   0x00000028   Code   RO           31    i.HAL_PCD_SetAddress  stm32h7xx_hal_pcd.o
    0x08003884   0x08003884   0x0000000e   Code   RO         8523    i.HAL_PCD_SetupStageCallback  usbd_conf.o
    0x08003892   0x08003892   0x00000042   Code   RO           33    i.HAL_PCD_Start     stm32h7xx_hal_pcd.o
    0x080038d4   0x080038d4   0x00000030   Code   RO         8524    i.HAL_PCD_SuspendCallback  usbd_conf.o
    0x08003904   0x08003904   0x00000054   Code   RO         1802    i.HAL_PWREx_ConfigSupply  stm32h7xx_hal_pwr_ex.o
    0x08003958   0x08003958   0x00000010   Code   RO         1819    i.HAL_PWREx_EnableUSBVoltageDetector  stm32h7xx_hal_pwr_ex.o
    0x08003968   0x08003968   0x00000024   Code   RO          844    i.HAL_RCCEx_GetD3PCLK1Freq  stm32h7xx_hal_rcc_ex.o
    0x0800398c   0x0800398c   0x00000144   Code   RO          846    i.HAL_RCCEx_GetPLL2ClockFreq  stm32h7xx_hal_rcc_ex.o
    0x08003ad0   0x08003ad0   0x00000144   Code   RO          847    i.HAL_RCCEx_GetPLL3ClockFreq  stm32h7xx_hal_rcc_ex.o
    0x08003c14   0x08003c14   0x0000084c   Code   RO          853    i.HAL_RCCEx_PeriphCLKConfig  stm32h7xx_hal_rcc_ex.o
    0x08004460   0x08004460   0x00000002   Code   RO          728    i.HAL_RCC_CSSCallback  stm32h7xx_hal_rcc.o
    0x08004462   0x08004462   0x00000002   PAD
    0x08004464   0x08004464   0x0000025c   Code   RO          729    i.HAL_RCC_ClockConfig  stm32h7xx_hal_rcc.o
    0x080046c0   0x080046c0   0x00000010   Code   RO          732    i.HAL_RCC_EnableCSS  stm32h7xx_hal_rcc.o
    0x080046d0   0x080046d0   0x0000005c   Code   RO          733    i.HAL_RCC_GetClockConfig  stm32h7xx_hal_rcc.o
    0x0800472c   0x0800472c   0x00000044   Code   RO          734    i.HAL_RCC_GetHCLKFreq  stm32h7xx_hal_rcc.o
    0x08004770   0x08004770   0x00000024   Code   RO          736    i.HAL_RCC_GetPCLK1Freq  stm32h7xx_hal_rcc.o
    0x08004794   0x08004794   0x00000024   Code   RO          737    i.HAL_RCC_GetPCLK2Freq  stm32h7xx_hal_rcc.o
    0x080047b8   0x080047b8   0x00000138   Code   RO          738    i.HAL_RCC_GetSysClockFreq  stm32h7xx_hal_rcc.o
    0x080048f0   0x080048f0   0x00000020   Code   RO          740    i.HAL_RCC_NMI_IRQHandler  stm32h7xx_hal_rcc.o
    0x08004910   0x08004910   0x000004ae   Code   RO          741    i.HAL_RCC_OscConfig  stm32h7xx_hal_rcc.o
    0x08004dbe   0x08004dbe   0x00000002   PAD
    0x08004dc0   0x08004dc0   0x000000d0   Code   RO         3745    i.HAL_RNG_Init      stm32h7xx_hal_rng.o
    0x08004e90   0x08004e90   0x00000028   Code   RO         7342    i.HAL_RNG_MspInit   rng.o
    0x08004eb8   0x08004eb8   0x00000002   Code   RO         4580    i.HAL_TIMEx_Break2Callback  stm32h7xx_hal_tim_ex.o
    0x08004eba   0x08004eba   0x00000002   Code   RO         4581    i.HAL_TIMEx_BreakCallback  stm32h7xx_hal_tim_ex.o
    0x08004ebc   0x08004ebc   0x00000002   Code   RO         4582    i.HAL_TIMEx_CommutCallback  stm32h7xx_hal_tim_ex.o
    0x08004ebe   0x08004ebe   0x00000002   PAD
    0x08004ec0   0x08004ec0   0x000000b8   Code   RO         4602    i.HAL_TIMEx_MasterConfigSynchronization  stm32h7xx_hal_tim_ex.o
    0x08004f78   0x08004f78   0x00000062   Code   RO         3866    i.HAL_TIM_Base_Init  stm32h7xx_hal_tim.o
    0x08004fda   0x08004fda   0x00000002   PAD
    0x08004fdc   0x08004fdc   0x00000038   Code   RO         7384    i.HAL_TIM_Base_MspInit  tim.o
    0x08005014   0x08005014   0x00000040   Code   RO         3871    i.HAL_TIM_Base_Start_IT  stm32h7xx_hal_tim.o
    0x08005054   0x08005054   0x000000f8   Code   RO         3875    i.HAL_TIM_ConfigClockSource  stm32h7xx_hal_tim.o
    0x0800514c   0x0800514c   0x00000002   Code   RO         3900    i.HAL_TIM_IC_CaptureCallback  stm32h7xx_hal_tim.o
    0x0800514e   0x0800514e   0x00000182   Code   RO         3914    i.HAL_TIM_IRQHandler  stm32h7xx_hal_tim.o
    0x080052d0   0x080052d0   0x00000002   Code   RO         3917    i.HAL_TIM_OC_DelayElapsedCallback  stm32h7xx_hal_tim.o
    0x080052d2   0x080052d2   0x00000002   Code   RO         3944    i.HAL_TIM_PWM_PulseFinishedCallback  stm32h7xx_hal_tim.o
    0x080052d4   0x080052d4   0x0000002c   Code   RO         7088    i.HAL_TIM_PeriodElapsedCallback  main.o
    0x08005300   0x08005300   0x00000002   Code   RO         3957    i.HAL_TIM_TriggerCallback  stm32h7xx_hal_tim.o
    0x08005302   0x08005302   0x00000040   Code   RO         5273    i.HAL_UARTEx_DisableFifoMode  stm32h7xx_hal_uart_ex.o
    0x08005342   0x08005342   0x00000002   Code   RO         5277    i.HAL_UARTEx_RxFifoFullCallback  stm32h7xx_hal_uart_ex.o
    0x08005344   0x08005344   0x0000004c   Code   RO         5278    i.HAL_UARTEx_SetRxFifoThreshold  stm32h7xx_hal_uart_ex.o
    0x08005390   0x08005390   0x0000004c   Code   RO         5279    i.HAL_UARTEx_SetTxFifoThreshold  stm32h7xx_hal_uart_ex.o
    0x080053dc   0x080053dc   0x00000002   Code   RO         5281    i.HAL_UARTEx_TxFifoEmptyCallback  stm32h7xx_hal_uart_ex.o
    0x080053de   0x080053de   0x00000002   Code   RO         5282    i.HAL_UARTEx_WakeupCallback  stm32h7xx_hal_uart_ex.o
    0x080053e0   0x080053e0   0x00000076   Code   RO         4891    i.HAL_UART_DMAStop  stm32h7xx_hal_uart.o
    0x08005456   0x08005456   0x00000002   Code   RO         4895    i.HAL_UART_ErrorCallback  stm32h7xx_hal_uart.o
    0x08005458   0x08005458   0x000001c0   Code   RO         4898    i.HAL_UART_IRQHandler  stm32h7xx_hal_uart.o
    0x08005618   0x08005618   0x0000006a   Code   RO         4899    i.HAL_UART_Init     stm32h7xx_hal_uart.o
    0x08005682   0x08005682   0x00000002   PAD
    0x08005684   0x08005684   0x00000194   Code   RO         7426    i.HAL_UART_MspInit  usart.o
    0x08005818   0x08005818   0x000000a4   Code   RO         4903    i.HAL_UART_Receive_DMA  stm32h7xx_hal_uart.o
    0x080058bc   0x080058bc   0x0000004c   Code   RO         7790    i.HAL_UART_RxCpltCallback  usart_comm.o
    0x08005908   0x08005908   0x0000004c   Code   RO         7791    i.HAL_UART_RxHalfCpltCallback  usart_comm.o
    0x08005954   0x08005954   0x0000009c   Code   RO         4909    i.HAL_UART_Transmit_DMA  stm32h7xx_hal_uart.o
    0x080059f0   0x080059f0   0x00000002   Code   RO         4911    i.HAL_UART_TxCpltCallback  stm32h7xx_hal_uart.o
    0x080059f2   0x080059f2   0x00000002   Code   RO         4912    i.HAL_UART_TxHalfCpltCallback  stm32h7xx_hal_uart.o
    0x080059f4   0x080059f4   0x00000002   Code   RO         7482    i.HardFault_Handler  stm32h7xx_it.o
    0x080059f6   0x080059f6   0x00000002   PAD
    0x080059f8   0x080059f8   0x00000038   Code   RO         8366    i.IntToUnicode      usbd_desc.o
    0x08005a30   0x08005a30   0x0000005c   Code   RO         7262    i.MX_DMA_Init       dma.o
    0x08005a8c   0x08005a8c   0x00000068   Code   RO         7288    i.MX_FDCAN1_Init    fdcan.o
    0x08005af4   0x08005af4   0x00000074   Code   RO         7289    i.MX_FDCAN2_Init    fdcan.o
    0x08005b68   0x08005b68   0x00000074   Code   RO         7290    i.MX_FDCAN3_Init    fdcan.o
    0x08005bdc   0x08005bdc   0x00000030   Code   RO         7220    i.MX_FREERTOS_Init  freertos.o
    0x08005c0c   0x08005c0c   0x0000007c   Code   RO         7196    i.MX_GPIO_Init      gpio.o
    0x08005c88   0x08005c88   0x00000028   Code   RO         7343    i.MX_RNG_Init       rng.o
    0x08005cb0   0x08005cb0   0x00000064   Code   RO         7385    i.MX_TIM2_Init      tim.o
    0x08005d14   0x08005d14   0x0000006c   Code   RO         7427    i.MX_USART1_UART_Init  usart.o
    0x08005d80   0x08005d80   0x00000068   Code   RO         7428    i.MX_USART2_UART_Init  usart.o
    0x08005de8   0x08005de8   0x00000054   Code   RO         8314    i.MX_USB_DEVICE_Init  usb_device.o
    0x08005e3c   0x08005e3c   0x00000002   Code   RO         7483    i.MemManage_Handler  stm32h7xx_it.o
    0x08005e3e   0x08005e3e   0x00000006   Code   RO         7484    i.NMI_Handler       stm32h7xx_it.o
    0x08005e44   0x08005e44   0x0000000c   Code   RO         7485    i.OTG_HS_EP1_IN_IRQHandler  stm32h7xx_it.o
    0x08005e50   0x08005e50   0x0000000c   Code   RO         7486    i.OTG_HS_EP1_OUT_IRQHandler  stm32h7xx_it.o
    0x08005e5c   0x08005e5c   0x0000000c   Code   RO         7487    i.OTG_HS_IRQHandler  stm32h7xx_it.o
    0x08005e68   0x08005e68   0x000000cc   Code   RO           36    i.PCD_EP_OutXfrComplete_int  stm32h7xx_hal_pcd.o
    0x08005f34   0x08005f34   0x000000a2   Code   RO           37    i.PCD_WriteEmptyTxFifo  stm32h7xx_hal_pcd.o
    0x08005fd6   0x08005fd6   0x00000002   PAD
    0x08005fd8   0x08005fd8   0x00000120   Code   RO          856    i.RCCEx_PLL2_Config  stm32h7xx_hal_rcc_ex.o
    0x080060f8   0x080060f8   0x00000120   Code   RO          857    i.RCCEx_PLL3_Config  stm32h7xx_hal_rcc_ex.o
    0x08006218   0x08006218   0x0000000a   Code   RO         8853    i.SWAPBYTE          usbd_ctlreq.o
    0x08006222   0x08006222   0x00000002   PAD
    0x08006224   0x08006224   0x0000002c   Code   RO         7221    i.StartDefaultTask  freertos.o
    0x08006250   0x08006250   0x0000002c   Code   RO         7001    i.SysTick_Handler   port.o
    0x0800627c   0x0800627c   0x000000cc   Code   RO         7089    i.SystemClock_Config  main.o
    0x08006348   0x08006348   0x000000c8   Code   RO         5367    i.SystemInit        system_stm32h7xx.o
    0x08006410   0x08006410   0x0000000c   Code   RO         7488    i.TIM1_UP_IRQHandler  stm32h7xx_it.o
    0x0800641c   0x0800641c   0x0000000c   Code   RO         7489    i.TIM2_IRQHandler   stm32h7xx_it.o
    0x08006428   0x08006428   0x000000d8   Code   RO         3959    i.TIM_Base_SetConfig  stm32h7xx_hal_tim.o
    0x08006500   0x08006500   0x00000012   Code   RO         3970    i.TIM_ETR_SetConfig  stm32h7xx_hal_tim.o
    0x08006512   0x08006512   0x00000002   PAD
    0x08006514   0x08006514   0x00000014   Code   RO         3971    i.TIM_ITRx_SetConfig  stm32h7xx_hal_tim.o
    0x08006528   0x08006528   0x00000022   Code   RO         3979    i.TIM_TI1_ConfigInputStage  stm32h7xx_hal_tim.o
    0x0800654a   0x0800654a   0x00000024   Code   RO         3981    i.TIM_TI2_ConfigInputStage  stm32h7xx_hal_tim.o
    0x0800656e   0x0800656e   0x00000002   PAD
    0x08006570   0x08006570   0x00000094   Code   RO         7869    i.Timu_Receive      timu_driver.o
    0x08006604   0x08006604   0x00000064   Code   RO         5283    i.UARTEx_SetNbDataToProcess  stm32h7xx_hal_uart_ex.o
    0x08006668   0x08006668   0x000000c8   Code   RO         4913    i.UART_AdvFeatureConfig  stm32h7xx_hal_uart.o
    0x08006730   0x08006730   0x0000005e   Code   RO         4914    i.UART_CheckIdleState  stm32h7xx_hal_uart.o
    0x0800678e   0x0800678e   0x00000014   Code   RO         4915    i.UART_DMAAbortOnError  stm32h7xx_hal_uart.o
    0x080067a2   0x080067a2   0x0000004e   Code   RO         4916    i.UART_DMAError     stm32h7xx_hal_uart.o
    0x080067f0   0x080067f0   0x0000003c   Code   RO         4917    i.UART_DMAReceiveCplt  stm32h7xx_hal_uart.o
    0x0800682c   0x0800682c   0x0000000a   Code   RO         4919    i.UART_DMARxHalfCplt  stm32h7xx_hal_uart.o
    0x08006836   0x08006836   0x0000002e   Code   RO         4921    i.UART_DMATransmitCplt  stm32h7xx_hal_uart.o
    0x08006864   0x08006864   0x0000000a   Code   RO         4923    i.UART_DMATxHalfCplt  stm32h7xx_hal_uart.o
    0x0800686e   0x0800686e   0x00000002   PAD
    0x08006870   0x08006870   0x00000028   Code   RO         4925    i.UART_EndRxTransfer  stm32h7xx_hal_uart.o
    0x08006898   0x08006898   0x0000001c   Code   RO         4926    i.UART_EndTxTransfer  stm32h7xx_hal_uart.o
    0x080068b4   0x080068b4   0x000003dc   Code   RO         4931    i.UART_SetConfig    stm32h7xx_hal_uart.o
    0x08006c90   0x08006c90   0x000000a4   Code   RO         4936    i.UART_WaitOnFlagUntilTimeout  stm32h7xx_hal_uart.o
    0x08006d34   0x08006d34   0x00000018   Code   RO         7490    i.USART1_IRQHandler  stm32h7xx_it.o
    0x08006d4c   0x08006d4c   0x00000018   Code   RO         7491    i.USART2_IRQHandler  stm32h7xx_it.o
    0x08006d64   0x08006d64   0x0000004c   Code   RO         7792    i.USART_Comm_Init   usart_comm.o
    0x08006db0   0x08006db0   0x0000005c   Code   RO         7793    i.USART_User_IRQHandler  usart_comm.o
    0x08006e0c   0x08006e0c   0x00000060   Code   RO         8994    i.USBD_CDC_DataIn   usbd_cdc.o
    0x08006e6c   0x08006e6c   0x0000002a   Code   RO         8995    i.USBD_CDC_DataOut  usbd_cdc.o
    0x08006e96   0x08006e96   0x0000004a   Code   RO         8996    i.USBD_CDC_DeInit   usbd_cdc.o
    0x08006ee0   0x08006ee0   0x00000024   Code   RO         8997    i.USBD_CDC_EP0_RxReady  usbd_cdc.o
    0x08006f04   0x08006f04   0x0000000c   Code   RO         8998    i.USBD_CDC_GetDeviceQualifierDescriptor  usbd_cdc.o
    0x08006f10   0x08006f10   0x0000000c   Code   RO         8999    i.USBD_CDC_GetFSCfgDesc  usbd_cdc.o
    0x08006f1c   0x08006f1c   0x0000000c   Code   RO         9000    i.USBD_CDC_GetHSCfgDesc  usbd_cdc.o
    0x08006f28   0x08006f28   0x0000000c   Code   RO         9001    i.USBD_CDC_GetOtherSpeedCfgDesc  usbd_cdc.o
    0x08006f34   0x08006f34   0x000000a2   Code   RO         9002    i.USBD_CDC_Init     usbd_cdc.o
    0x08006fd6   0x08006fd6   0x00000028   Code   RO         9003    i.USBD_CDC_ReceivePacket  usbd_cdc.o
    0x08006ffe   0x08006ffe   0x0000000e   Code   RO         9004    i.USBD_CDC_RegisterInterface  usbd_cdc.o
    0x0800700c   0x0800700c   0x0000000c   Code   RO         9005    i.USBD_CDC_SetRxBuffer  usbd_cdc.o
    0x08007018   0x08007018   0x00000010   Code   RO         9006    i.USBD_CDC_SetTxBuffer  usbd_cdc.o
    0x08007028   0x08007028   0x000000b2   Code   RO         9007    i.USBD_CDC_Setup    usbd_cdc.o
    0x080070da   0x080070da   0x00000036   Code   RO         9008    i.USBD_CDC_TransmitPacket  usbd_cdc.o
    0x08007110   0x08007110   0x00000010   Code   RO         8711    i.USBD_ClrClassConfig  usbd_core.o
    0x08007120   0x08007120   0x00000010   Code   RO         8930    i.USBD_CtlContinueRx  usbd_ioreq.o
    0x08007130   0x08007130   0x00000010   Code   RO         8931    i.USBD_CtlContinueSendData  usbd_ioreq.o
    0x08007140   0x08007140   0x00000016   Code   RO         8854    i.USBD_CtlError     usbd_ctlreq.o
    0x08007156   0x08007156   0x0000001e   Code   RO         8932    i.USBD_CtlPrepareRx  usbd_ioreq.o
    0x08007174   0x08007174   0x00000016   Code   RO         8933    i.USBD_CtlReceiveStatus  usbd_ioreq.o
    0x0800718a   0x0800718a   0x0000001a   Code   RO         8934    i.USBD_CtlSendData  usbd_ioreq.o
    0x080071a4   0x080071a4   0x00000016   Code   RO         8935    i.USBD_CtlSendStatus  usbd_ioreq.o
    0x080071ba   0x080071ba   0x000000e6   Code   RO         8855    i.USBD_GetDescriptor  usbd_ctlreq.o
    0x080072a0   0x080072a0   0x0000004a   Code   RO         8856    i.USBD_GetString    usbd_ctlreq.o
    0x080072ea   0x080072ea   0x00000018   Code   RO         8525    i.USBD_Get_USB_Status  usbd_conf.o
    0x08007302   0x08007302   0x00000002   PAD
    0x08007304   0x08007304   0x00000020   Code   RO         8367    i.USBD_HS_ConfigStrDescriptor  usbd_desc.o
    0x08007324   0x08007324   0x0000000c   Code   RO         8368    i.USBD_HS_DeviceDescriptor  usbd_desc.o
    0x08007330   0x08007330   0x00000024   Code   RO         8369    i.USBD_HS_InterfaceStrDescriptor  usbd_desc.o
    0x08007354   0x08007354   0x0000000c   Code   RO         8370    i.USBD_HS_LangIDStrDescriptor  usbd_desc.o
    0x08007360   0x08007360   0x00000028   Code   RO         8371    i.USBD_HS_ManufacturerStrDescriptor  usbd_desc.o
    0x08007388   0x08007388   0x0000002c   Code   RO         8372    i.USBD_HS_ProductStrDescriptor  usbd_desc.o
    0x080073b4   0x080073b4   0x0000003c   Code   RO         8373    i.USBD_HS_SerialStrDescriptor  usbd_desc.o
    0x080073f0   0x080073f0   0x00000034   Code   RO         8713    i.USBD_Init         usbd_core.o
    0x08007424   0x08007424   0x00000012   Code   RO         8526    i.USBD_LL_ClearStallEP  usbd_conf.o
    0x08007436   0x08007436   0x00000012   Code   RO         8527    i.USBD_LL_CloseEP   usbd_conf.o
    0x08007448   0x08007448   0x000000aa   Code   RO         8714    i.USBD_LL_DataInStage  usbd_core.o
    0x080074f2   0x080074f2   0x0000006e   Code   RO         8715    i.USBD_LL_DataOutStage  usbd_core.o
    0x08007560   0x08007560   0x00000004   Code   RO         8716    i.USBD_LL_DevConnected  usbd_core.o
    0x08007564   0x08007564   0x0000001a   Code   RO         8717    i.USBD_LL_DevDisconnected  usbd_core.o
    0x0800757e   0x0800757e   0x00000008   Code   RO         8531    i.USBD_LL_GetRxDataSize  usbd_conf.o
    0x08007586   0x08007586   0x00000002   PAD
    0x08007588   0x08007588   0x0000006c   Code   RO         8532    i.USBD_LL_Init      usbd_conf.o
    0x080075f4   0x080075f4   0x00000020   Code   RO         8533    i.USBD_LL_IsStallEP  usbd_conf.o
    0x08007614   0x08007614   0x00000004   Code   RO         8718    i.USBD_LL_IsoINIncomplete  usbd_core.o
    0x08007618   0x08007618   0x00000004   Code   RO         8719    i.USBD_LL_IsoOUTIncomplete  usbd_core.o
    0x0800761c   0x0800761c   0x00000018   Code   RO         8534    i.USBD_LL_OpenEP    usbd_conf.o
    0x08007634   0x08007634   0x00000012   Code   RO         8535    i.USBD_LL_PrepareReceive  usbd_conf.o
    0x08007646   0x08007646   0x00000052   Code   RO         8720    i.USBD_LL_Reset     usbd_core.o
    0x08007698   0x08007698   0x00000014   Code   RO         8721    i.USBD_LL_Resume    usbd_core.o
    0x080076ac   0x080076ac   0x00000018   Code   RO         8722    i.USBD_LL_SOF       usbd_core.o
    0x080076c4   0x080076c4   0x00000006   Code   RO         8723    i.USBD_LL_SetSpeed  usbd_core.o
    0x080076ca   0x080076ca   0x00000012   Code   RO         8536    i.USBD_LL_SetUSBAddress  usbd_conf.o
    0x080076dc   0x080076dc   0x0000005c   Code   RO         8724    i.USBD_LL_SetupStage  usbd_core.o
    0x08007738   0x08007738   0x00000012   Code   RO         8537    i.USBD_LL_StallEP   usbd_conf.o
    0x0800774a   0x0800774a   0x00000012   Code   RO         8538    i.USBD_LL_Start     usbd_conf.o
    0x0800775c   0x0800775c   0x00000012   Code   RO         8725    i.USBD_LL_Suspend   usbd_core.o
    0x0800776e   0x0800776e   0x00000012   Code   RO         8540    i.USBD_LL_Transmit  usbd_conf.o
    0x08007780   0x08007780   0x0000002a   Code   RO         8857    i.USBD_ParseSetupRequest  usbd_ctlreq.o
    0x080077aa   0x080077aa   0x00000022   Code   RO         8726    i.USBD_RegisterClass  usbd_core.o
    0x080077cc   0x080077cc   0x00000014   Code   RO         8728    i.USBD_SetClassConfig  usbd_core.o
    0x080077e0   0x080077e0   0x000000bc   Code   RO         8858    i.USBD_SetConfig    usbd_ctlreq.o
    0x0800789c   0x0800789c   0x00000004   Code   RO         8729    i.USBD_Start        usbd_core.o
    0x080078a0   0x080078a0   0x00000116   Code   RO         8859    i.USBD_StdDevReq    usbd_ctlreq.o
    0x080079b6   0x080079b6   0x0000014c   Code   RO         8860    i.USBD_StdEPReq     usbd_ctlreq.o
    0x08007b02   0x08007b02   0x00000054   Code   RO         8861    i.USBD_StdItfReq    usbd_ctlreq.o
    0x08007b56   0x08007b56   0x00000002   PAD
    0x08007b58   0x08007b58   0x00000080   Code   RO          429    i.USB_ActivateEndpoint  stm32h7xx_ll_usb.o
    0x08007bd8   0x08007bd8   0x0000001c   Code   RO          431    i.USB_ActivateSetup  stm32h7xx_ll_usb.o
    0x08007bf4   0x08007bf4   0x00000078   Code   RO          433    i.USB_CoreInit      stm32h7xx_ll_usb.o
    0x08007c6c   0x08007c6c   0x00000038   Code   RO          434    i.USB_CoreReset     stm32h7xx_ll_usb.o
    0x08007ca4   0x08007ca4   0x000000cc   Code   RO          437    i.USB_DeactivateEndpoint  stm32h7xx_ll_usb.o
    0x08007d70   0x08007d70   0x00000018   Code   RO          438    i.USB_DevConnect    stm32h7xx_ll_usb.o
    0x08007d88   0x08007d88   0x00000018   Code   RO          439    i.USB_DevDisconnect  stm32h7xx_ll_usb.o
    0x08007da0   0x08007da0   0x00000178   Code   RO          440    i.USB_DevInit       stm32h7xx_ll_usb.o
    0x08007f18   0x08007f18   0x0000000c   Code   RO          441    i.USB_DisableGlobalInt  stm32h7xx_ll_usb.o
    0x08007f24   0x08007f24   0x0000011c   Code   RO          444    i.USB_EP0StartXfer  stm32h7xx_ll_usb.o
    0x08008040   0x08008040   0x00000058   Code   RO          445    i.USB_EP0_OutStart  stm32h7xx_ll_usb.o
    0x08008098   0x08008098   0x00000058   Code   RO          446    i.USB_EPClearStall  stm32h7xx_ll_usb.o
    0x080080f0   0x080080f0   0x00000058   Code   RO          447    i.USB_EPSetStall    stm32h7xx_ll_usb.o
    0x08008148   0x08008148   0x000001e8   Code   RO          448    i.USB_EPStartXfer   stm32h7xx_ll_usb.o
    0x08008330   0x08008330   0x0000000c   Code   RO          449    i.USB_EnableGlobalInt  stm32h7xx_ll_usb.o
    0x0800833c   0x0800833c   0x00000020   Code   RO          450    i.USB_FlushRxFifo   stm32h7xx_ll_usb.o
    0x0800835c   0x0800835c   0x00000024   Code   RO          451    i.USB_FlushTxFifo   stm32h7xx_ll_usb.o
    0x08008380   0x08008380   0x0000001a   Code   RO          453    i.USB_GetDevSpeed   stm32h7xx_ll_usb.o
    0x0800839a   0x0800839a   0x00000008   Code   RO          455    i.USB_GetMode       stm32h7xx_ll_usb.o
    0x080083a2   0x080083a2   0x0000000e   Code   RO          462    i.USB_ReadDevAllInEpInterrupt  stm32h7xx_ll_usb.o
    0x080083b0   0x080083b0   0x0000000e   Code   RO          463    i.USB_ReadDevAllOutEpInterrupt  stm32h7xx_ll_usb.o
    0x080083be   0x080083be   0x00000024   Code   RO          464    i.USB_ReadDevInEPInterrupt  stm32h7xx_ll_usb.o
    0x080083e2   0x080083e2   0x00000010   Code   RO          465    i.USB_ReadDevOutEPInterrupt  stm32h7xx_ll_usb.o
    0x080083f2   0x080083f2   0x00000008   Code   RO          466    i.USB_ReadInterrupts  stm32h7xx_ll_usb.o
    0x080083fa   0x080083fa   0x0000001c   Code   RO          467    i.USB_ReadPacket    stm32h7xx_ll_usb.o
    0x08008416   0x08008416   0x0000002e   Code   RO          469    i.USB_SetCurrentMode  stm32h7xx_ll_usb.o
    0x08008444   0x08008444   0x00000022   Code   RO          470    i.USB_SetDevAddress  stm32h7xx_ll_usb.o
    0x08008466   0x08008466   0x00000002   PAD
    0x08008468   0x08008468   0x000000e8   Code   RO          472    i.USB_SetTurnaroundTime  stm32h7xx_ll_usb.o
    0x08008550   0x08008550   0x00000024   Code   RO          475    i.USB_WritePacket   stm32h7xx_ll_usb.o
    0x08008574   0x08008574   0x00000002   Code   RO         7492    i.UsageFault_Handler  stm32h7xx_it.o
    0x08008576   0x08008576   0x00000022   Code   RO         2062    i.__NVIC_SetPriority  stm32h7xx_hal_cortex.o
    0x08008598   0x08008598   0x0000000e   Code   RO         9348    i.__scatterload_copy  mc_w.l(handlers.o)
    0x080085a6   0x080085a6   0x00000002   Code   RO         9349    i.__scatterload_null  mc_w.l(handlers.o)
    0x080085a8   0x080085a8   0x0000000e   Code   RO         9350    i.__scatterload_zeroinit  mc_w.l(handlers.o)
    0x080085b6   0x080085b6   0x00000002   PAD
    0x080085b8   0x080085b8   0x0000005c   Code   RO         7679    i.debug_task        debug_task.o
    0x08008614   0x08008614   0x00000050   Code   RO         9207    i.free              mc_w.l(malloc.o)
    0x08008664   0x08008664   0x00000110   Code   RO         7090    i.main              main.o
    0x08008774   0x08008774   0x0000006c   Code   RO         9208    i.malloc            mc_w.l(malloc.o)
    0x080087e0   0x080087e0   0x00000038   Code   RO         6531    i.osKernelGetSysTimerCount  cmsis_os2.o
    0x08008818   0x08008818   0x00000038   Code   RO         6535    i.osKernelInitialize  cmsis_os2.o
    0x08008850   0x08008850   0x00000040   Code   RO         6538    i.osKernelStart     cmsis_os2.o
    0x08008890   0x08008890   0x000000a8   Code   RO         6571    i.osThreadNew       cmsis_os2.o
    0x08008938   0x08008938   0x0000005c   Code   RO         6002    i.prvAddCurrentTaskToDelayedList  tasks.o
    0x08008994   0x08008994   0x000000d0   Code   RO         6003    i.prvAddNewTaskToReadyList  tasks.o
    0x08008a64   0x08008a64   0x00000058   Code   RO         6355    i.prvCheckForValidListAndQueue  timers.o
    0x08008abc   0x08008abc   0x00000026   Code   RO         5599    i.prvCopyDataFromQueue  queue.o
    0x08008ae2   0x08008ae2   0x0000006c   Code   RO         5600    i.prvCopyDataToQueue  queue.o
    0x08008b4e   0x08008b4e   0x00000034   Code   RO         6004    i.prvDeleteTCB      tasks.o
    0x08008b82   0x08008b82   0x00000002   PAD
    0x08008b84   0x08008b84   0x00000050   Code   RO         6951    i.prvHeapInit       heap_4.o
    0x08008bd4   0x08008bd4   0x00000060   Code   RO         6005    i.prvIdleTask       tasks.o
    0x08008c34   0x08008c34   0x00000022   Code   RO         5602    i.prvInitialiseNewQueue  queue.o
    0x08008c56   0x08008c56   0x000000b0   Code   RO         6006    i.prvInitialiseNewTask  tasks.o
    0x08008d06   0x08008d06   0x00000002   PAD
    0x08008d08   0x08008d08   0x0000004c   Code   RO         6952    i.prvInsertBlockIntoFreeList  heap_4.o
    0x08008d54   0x08008d54   0x0000003c   Code   RO         6357    i.prvInsertTimerInActiveList  timers.o
    0x08008d90   0x08008d90   0x0000001c   Code   RO         5603    i.prvIsQueueEmpty   queue.o
    0x08008dac   0x08008dac   0x000000f8   Code   RO         6358    i.prvProcessReceivedCommands  timers.o
    0x08008ea4   0x08008ea4   0x000000c0   Code   RO         6359    i.prvProcessTimerOrBlockTask  timers.o
    0x08008f64   0x08008f64   0x00000020   Code   RO         6008    i.prvResetNextTaskUnblockTime  tasks.o
    0x08008f84   0x08008f84   0x00000028   Code   RO         6360    i.prvSampleTimeNow  timers.o
    0x08008fac   0x08008fac   0x0000006c   Code   RO         6361    i.prvSwitchTimerLists  timers.o
    0x08009018   0x08009018   0x00000028   Code   RO         7002    i.prvTaskExitError  port.o
    0x08009040   0x08009040   0x00000024   Code   RO         6362    i.prvTimerTask      timers.o
    0x08009064   0x08009064   0x0000006a   Code   RO         5604    i.prvUnlockQueue    queue.o
    0x080090ce   0x080090ce   0x00000002   PAD
    0x080090d0   0x080090d0   0x000000d8   Code   RO         6953    i.pvPortMalloc      heap_4.o
    0x080091a8   0x080091a8   0x00000030   Code   RO         7003    i.pxPortInitialiseStack  port.o
    0x080091d8   0x080091d8   0x0000000c   Code   RO         8245    i.usTime_Get        us_time.o
    0x080091e4   0x080091e4   0x00000034   Code   RO         8246    i.usTime_Interval_Test_End  us_time.o
    0x08009218   0x08009218   0x0000001c   Code   RO         8247    i.usTime_Interval_Test_Start  us_time.o
    0x08009234   0x08009234   0x00000034   Code   RO         8248    i.usTime_Minus      us_time.o
    0x08009268   0x08009268   0x00000028   Code   RO         8249    i.usTime_Period_Test  us_time.o
    0x08009290   0x08009290   0x00000014   Code   RO         8250    i.usTime_Start      us_time.o
    0x080092a4   0x080092a4   0x00000026   Code   RO         5559    i.uxListRemove      list.o
    0x080092ca   0x080092ca   0x00000002   PAD
    0x080092cc   0x080092cc   0x00000018   Code   RO         6583    i.vApplicationGetIdleTaskMemory  cmsis_os2.o
    0x080092e4   0x080092e4   0x00000018   Code   RO         6584    i.vApplicationGetTimerTaskMemory  cmsis_os2.o
    0x080092fc   0x080092fc   0x00000016   Code   RO         5560    i.vListInitialise   list.o
    0x08009312   0x08009312   0x00000006   Code   RO         5561    i.vListInitialiseItem  list.o
    0x08009318   0x08009318   0x00000030   Code   RO         5562    i.vListInsert       list.o
    0x08009348   0x08009348   0x00000018   Code   RO         5563    i.vListInsertEnd    list.o
    0x08009360   0x08009360   0x00000040   Code   RO         7005    i.vPortEnterCritical  port.o
    0x080093a0   0x080093a0   0x00000028   Code   RO         7006    i.vPortExitCritical  port.o
    0x080093c8   0x080093c8   0x0000005c   Code   RO         6954    i.vPortFree         heap_4.o
    0x08009424   0x08009424   0x00000024   Code   RO         7007    i.vPortSetupTimerInterrupt  port.o
    0x08009448   0x08009448   0x00000054   Code   RO         7008    i.vPortValidateInterruptPriority  port.o
    0x0800949c   0x0800949c   0x00000028   Code   RO         5610    i.vQueueAddToRegistry  queue.o
    0x080094c4   0x080094c4   0x00000044   Code   RO         5614    i.vQueueWaitForMessageRestricted  queue.o
    0x08009508   0x08009508   0x0000008c   Code   RO         6021    i.vTaskDelayUntil   tasks.o
    0x08009594   0x08009594   0x00000010   Code   RO         6025    i.vTaskInternalSetTimeOutState  tasks.o
    0x080095a4   0x080095a4   0x0000000c   Code   RO         6026    i.vTaskMissedYield  tasks.o
    0x080095b0   0x080095b0   0x00000030   Code   RO         6028    i.vTaskPlaceOnEventList  tasks.o
    0x080095e0   0x080095e0   0x00000038   Code   RO         6029    i.vTaskPlaceOnEventListRestricted  tasks.o
    0x08009618   0x08009618   0x00000088   Code   RO         6037    i.vTaskStartScheduler  tasks.o
    0x080096a0   0x080096a0   0x00000010   Code   RO         6039    i.vTaskSuspendAll   tasks.o
    0x080096b0   0x080096b0   0x00000064   Code   RO         6040    i.vTaskSwitchContext  tasks.o
    0x08009714   0x08009714   0x000000f4   Code   RO         7009    i.xPortStartScheduler  port.o
    0x08009808   0x08009808   0x00000066   Code   RO         5620    i.xQueueGenericCreateStatic  queue.o
    0x0800986e   0x0800986e   0x00000002   PAD
    0x08009870   0x08009870   0x00000094   Code   RO         5621    i.xQueueGenericReset  queue.o
    0x08009904   0x08009904   0x00000160   Code   RO         5622    i.xQueueGenericSend  queue.o
    0x08009a64   0x08009a64   0x000000bc   Code   RO         5623    i.xQueueGenericSendFromISR  queue.o
    0x08009b20   0x08009b20   0x0000013c   Code   RO         5632    i.xQueueReceive     queue.o
    0x08009c5c   0x08009c5c   0x00000078   Code   RO         6041    i.xTaskCheckForTimeOut  tasks.o
    0x08009cd4   0x08009cd4   0x0000005a   Code   RO         6042    i.xTaskCreate       tasks.o
    0x08009d2e   0x08009d2e   0x00000056   Code   RO         6043    i.xTaskCreateStatic  tasks.o
    0x08009d84   0x08009d84   0x0000001c   Code   RO         6047    i.xTaskGetSchedulerState  tasks.o
    0x08009da0   0x08009da0   0x0000000c   Code   RO         6048    i.xTaskGetTickCount  tasks.o
    0x08009dac   0x08009dac   0x000000c8   Code   RO         6050    i.xTaskIncrementTick  tasks.o
    0x08009e74   0x08009e74   0x0000007c   Code   RO         6053    i.xTaskPriorityDisinherit  tasks.o
    0x08009ef0   0x08009ef0   0x00000070   Code   RO         6055    i.xTaskRemoveFromEventList  tasks.o
    0x08009f60   0x08009f60   0x000000c4   Code   RO         6056    i.xTaskResumeAll    tasks.o
    0x0800a024   0x0800a024   0x00000060   Code   RO         6370    i.xTimerCreateTimerTask  timers.o
    0x0800a084   0x0800a084   0x00000068   Code   RO         6371    i.xTimerGenericCommand  timers.o
    0x0800a0ec   0x0800a0ec   0x00000008   Data   RO         1365    .constdata          stm32h7xx_hal_dma.o
    0x0800a0f4   0x0800a0f4   0x0000005c   Data   RO         3220    .constdata          stm32h7xx_hal_fdcan.o
    0x0800a150   0x0800a150   0x00000018   Data   RO         4937    .constdata          stm32h7xx_hal_uart.o
    0x0800a168   0x0800a168   0x00000010   Data   RO         5368    .constdata          system_stm32h7xx.o
    0x0800a178   0x0800a178   0x00000048   Data   RO         7222    .constdata          freertos.o
    0x0800a1c0   0x0800a1c0   0x00000018   Data   RO         7223    .conststring        freertos.o
    0x0800a1d8   0x0800a1d8   0x00000020   Data   RO         9346    Region$$Table       anon$$obj.o


    Execution Region RW_IRAM1 (Exec base: 0x20000000, Load base: 0x0800a1f8, Size: 0x00000000, Max: 0x00020000, ABSOLUTE)

    **** No section assigned to this execution region ****


    Execution Region RW_IRAM2 (Exec base: 0x24000000, Load base: 0x0800a1f8, Size: 0x00009ac0, Max: 0x00050000, ABSOLUTE, COMPRESSED[0x000000cc])

    Exec Addr    Load Addr    Size         Type   Attr      Idx    E Section Name        Object

    0x24000000   COMPRESSED   0x0000000c   Data   RW         2238    .data               stm32h7xx_hal.o
    0x2400000c   COMPRESSED   0x00000008   Data   RW         5369    .data               system_stm32h7xx.o
    0x24000014   COMPRESSED   0x0000003c   Data   RW         6059    .data               tasks.o
    0x24000050   COMPRESSED   0x00000014   Data   RW         6379    .data               timers.o
    0x24000064   COMPRESSED   0x00000004   Data   RW         6586    .data               cmsis_os2.o
    0x24000068   COMPRESSED   0x00000018   Data   RW         6959    .data               heap_4.o
    0x24000080   COMPRESSED   0x0000000c   Data   RW         7010    .data               port.o
    0x2400008c   COMPRESSED   0x00000008   Data   RW         7224    .data               freertos.o
    0x24000094   COMPRESSED   0x00000004   Data   RW         7292    .data               fdcan.o
    0x24000098   COMPRESSED   0x00000018   Data   RW         7735    .data               can_comm.o
    0x240000b0   COMPRESSED   0x0000001c   Data   RW         8375    .data               usbd_desc.o
    0x240000cc   COMPRESSED   0x00000032   Data   RW         8376    .data               usbd_desc.o
    0x240000fe   COMPRESSED   0x00000002   PAD
    0x24000100   COMPRESSED   0x00000014   Data   RW         8459    .data               usbd_cdc_if.o
    0x24000114   COMPRESSED   0x00000001   Data   RW         8862    .data               usbd_ctlreq.o
    0x24000115   COMPRESSED   0x00000003   PAD
    0x24000118   COMPRESSED   0x000000d7   Data   RW         9009    .data               usbd_cdc.o
    0x240001ef   COMPRESSED   0x00000001   PAD
    0x240001f0   COMPRESSED   0x00000038   Data   RW         9010    .data               usbd_cdc.o
    0x24000228   COMPRESSED   0x00000004   Data   RW         9306    .data               mc_w.l(mvars.o)
    0x2400022c   COMPRESSED   0x00000004   Data   RW         9307    .data               mc_w.l(mvars.o)
    0x24000230        -       0x00000040   Zero   RW         5636    .bss                queue.o
    0x24000270        -       0x000004c4   Zero   RW         6058    .bss                tasks.o
    0x24000734        -       0x00000118   Zero   RW         6378    .bss                timers.o
    0x2400084c        -       0x000006b8   Zero   RW         6585    .bss                cmsis_os2.o
    0x24000f04        -       0x00003c00   Zero   RW         6958    .bss                heap_4.o
    0x24004b04        -       0x000001e0   Zero   RW         7291    .bss                fdcan.o
    0x24004ce4        -       0x00000014   Zero   RW         7344    .bss                rng.o
    0x24004cf8        -       0x0000004c   Zero   RW         7386    .bss                tim.o
    0x24004d44        -       0x000002f8   Zero   RW         7429    .bss                usart.o
    0x2400503c        -       0x0000004c   Zero   RW         7642    .bss                stm32h7xx_hal_timebase_tim.o
    0x24005088        -       0x0000004c   Zero   RW         7680    .bss                debug_task.o
    0x240050d4        -       0x0000009c   Zero   RW         7734    .bss                can_comm.o
    0x24005170        -       0x00000038   Zero   RW         7794    .bss                usart_comm.o
    0x240051a8        -       0x00000016   Zero   RW         7840    .bss                dt7control_driver.o
    0x240051be   COMPRESSED   0x00000002   PAD
    0x240051c0        -       0x00000018   Zero   RW         7870    .bss                timu_driver.o
    0x240051d8        -       0x0000000c   Zero   RW         8251    .bss                us_time.o
    0x240051e4        -       0x000002d0   Zero   RW         8315    .bss                usb_device.o
    0x240054b4        -       0x00000200   Zero   RW         8374    .bss                usbd_desc.o
    0x240056b4        -       0x00001000   Zero   RW         8458    .bss                usbd_cdc_if.o
    0x240066b4        -       0x00000408   Zero   RW         8541    .bss                usbd_conf.o
    0x24006abc   COMPRESSED   0x00000004   PAD
    0x24006ac0        -       0x00001000   Zero   RW         7078    HEAP                startup_stm32h723xx.o
    0x24007ac0        -       0x00002000   Zero   RW         7077    STACK               startup_stm32h723xx.o


==============================================================================

Image component sizes


      Code (inc. data)   RO Data    RW Data    ZI Data      Debug   Object Name

       296         46          0         24        156       2981   can_comm.o
       392         30          0          4       1720      30639   cmsis_os2.o
         0          0          0          0          0       7072   croutine.o
        92         14          0          0         76       2595   debug_task.o
        92          4          0          0          0        938   dma.o
       196          0          0          0         22       2398   dt7control_driver.o
         0          0          0          0          0      18400   event_groups.o
       656         58          0          4        480       3493   fdcan.o
        92         20         96          8          0       2058   freertos.o
        24          4          0          0          0       1211   func_generator.o
       124         10          0          0          0       1079   gpio.o
       464         24          0         24      15360       4963   heap_4.o
       138          0          0          0          0       3742   list.o
       524         28          0          0          0      47475   main.o
       790         84          0         12          0      11825   port.o
      1528         22          0          0         64      17720   queue.o
        80         20          0          0         20       1683   rng.o
        36          8        716          0      12288        812   startup_stm32h723xx.o
       156         32          0         12          0      23054   stm32h7xx_hal.o
       316         28          0          0          0      40584   stm32h7xx_hal_cortex.o
      5992        242          8          0          0      12689   stm32h7xx_hal_dma.o
      2624         44         92          0          0      20144   stm32h7xx_hal_fdcan.o
       550         44          0          0          0       2736   stm32h7xx_hal_gpio.o
        36          4          0          0          0        970   stm32h7xx_hal_msp.o
      2388         16          0          0          0    1239565   stm32h7xx_hal_pcd.o
       120          6          0          0          0       3347   stm32h7xx_hal_pcd_ex.o
       100         10          0          0          0       1374   stm32h7xx_hal_pwr_ex.o
      2396        120          0          0          0       9532   stm32h7xx_hal_rcc.o
      3384        116          0          0          0       7897   stm32h7xx_hal_rcc_ex.o
       208         10          0          0          0       1439   stm32h7xx_hal_rng.o
      1128         66          0          0          0      10401   stm32h7xx_hal_tim.o
       190         38          0          0          0       3256   stm32h7xx_hal_tim_ex.o
       132         22          0          0         76       1603   stm32h7xx_hal_timebase_tim.o
      2736        156         24          0          0      35387   stm32h7xx_hal_uart.o
       322         18          0          0          0       5574   stm32h7xx_hal_uart_ex.o
       208         84          0          0          0       9727   stm32h7xx_it.o
      2586        130          0          0          0      23187   stm32h7xx_ll_usb.o
         0          0          0          0          0        424   stream_buffer.o
       200         34         16          8          0       1578   system_stm32h7xx.o
      2148        162          0         60       1220      27657   tasks.o
       156         10          0          0         76       1866   tim.o
       972         84          0         20        280      32287   timers.o
       148         14          0          0         24       2025   timu_driver.o
       204         34          0          0         12       4714   us_time.o
       616         56          0          0        760       3103   usart.o
       320         62          0          0         56       3233   usart_comm.o
        84         18          0          0        720       2611   usb_device.o
       772         16          0        271          0      13801   usbd_cdc.o
       132         24          0         20       4096       4210   usbd_cdc_if.o
       606         22          0          0       1032      15960   usbd_conf.o
       686          0          0          0          0      12681   usbd_core.o
      1260         28          0          1          0      14312   usbd_ctlreq.o
       292        106          0         78        512       6417   usbd_desc.o
       132          0          0          0          0       4716   usbd_ioreq.o

    ----------------------------------------------------------------------
     39882       2228        984        552      39056    1765145   Object Totals
         0          0         32          0          0          0   (incl. Generated)
        58          0          0          6          6          0   (incl. Padding)

    ----------------------------------------------------------------------

      Code (inc. data)   RO Data    RW Data    ZI Data      Debug   Library Member Name

        86          0          0          0          0          0   __dczerorl2.o
         0          0          0          0          0          0   entry.o
         0          0          0          0          0          0   entry10a.o
         0          0          0          0          0          0   entry11a.o
         4          0          0          0          0          0   entry12b.o
         8          4          0          0          0          0   entry2.o
         4          0          0          0          0          0   entry5.o
         0          0          0          0          0          0   entry7b.o
         0          0          0          0          0          0   entry8b.o
         8          4          0          0          0          0   entry9a.o
        30          0          0          0          0          0   handlers.o
        36          8          0          0          0         68   init.o
        30          0          0          0          0         68   llshl.o
        32          0          0          0          0         68   llushr.o
       188         20          0          0          0        160   malloc.o
        36          0          0          0          0         68   memcpya.o
        36          0          0          0          0        108   memseta.o
         0          0          0          8          0          0   mvars.o
        98          0          0          0          0         92   uldiv.o

    ----------------------------------------------------------------------
       598         36          0          8          0        632   Library Totals
         2          0          0          0          0          0   (incl. Padding)

    ----------------------------------------------------------------------

      Code (inc. data)   RO Data    RW Data    ZI Data      Debug   Library Name

       596         36          0          8          0        632   mc_w.l

    ----------------------------------------------------------------------
       598         36          0          8          0        632   Library Totals

    ----------------------------------------------------------------------

==============================================================================


      Code (inc. data)   RO Data    RW Data    ZI Data      Debug   

     40480       2264        984        560      39056    1730001   Grand Totals
     40480       2264        984        204      39056    1730001   ELF Image Totals (compressed)
     40480       2264        984        204          0          0   ROM Totals

==============================================================================

    Total RO  Size (Code + RO Data)                41464 (  40.49kB)
    Total RW  Size (RW Data + ZI Data)             39616 (  38.69kB)
    Total ROM Size (Code + RO Data + RW Data)      41668 (  40.69kB)

==============================================================================

